2026-10-03|citilink:103_0|136227|1
2026-09-18|citilink:103_0|147125|1
2026-09-03|citilink:103_0|152574|1
2026-10-03|citilink:103_0|137724|1
2026-09-18|citilink:103_0|148742|1
2026-09-03|citilink:103_0|154251|1
2026-10-03|citilink:103_0|148203|1
2026-09-18|citilink:103_0|160059|1
2026-09-01|citilink:103_0|165987|1
2026-10-03|citilink:103_0|148203|1
2026-09-18|citilink:103_0|160059|1
2026-09-01|citilink:103_0|165987|1
2026-10-03|citilink:103_0|148203|1
2026-09-18|citilink:103_0|160059|1
2026-09-01|citilink:103_0|165987|1
2026-10-03|citilink:103_0|148203|1
2026-09-18|citilink:103_0|160059|1
2026-09-01|citilink:103_0|165987|1
2026-08-04|citilink:103_0|173589|1
2026-09-03|citilink:103_0|167160|1
2026-10-03|citilink:103_0|160731|1
