2026-10-03|citilink:359_0|32301|1
2026-09-18|citilink:359_0|34885|1
2026-09-03|citilink:359_0|36177|1
2026-10-03|citilink:359_0|30303|1
2026-09-18|citilink:359_0|32727|1
2026-09-03|citilink:359_0|33939|1
2026-10-03|citilink:359_0|30303|1
2026-09-18|citilink:359_0|32727|1
2026-09-01|citilink:359_0|33939|1
2026-10-03|citilink:359_0|30303|1
2026-09-18|citilink:359_0|32727|1
2026-09-01|citilink:359_0|33939|1
2026-10-03|citilink:359_0|30303|1
2026-09-18|citilink:359_0|32727|1
2026-09-01|citilink:359_0|33939|1
2026-10-03|citilink:359_0|30303|1
2026-09-18|citilink:359_0|32727|1
2026-09-01|citilink:359_0|33939|1
2026-08-04|citilink:359_0|188688|1
2026-09-03|citilink:359_0|181699|1
2026-10-03|citilink:359_0|174711|1
2026-08-04|citilink:359_0|20629|1
2026-09-03|citilink:359_0|19865|1
2026-10-03|citilink:359_0|19101|1
2026-08-04|citilink:359_0|20629|1
2026-09-03|citilink:359_0|19865|1
2026-10-03|citilink:359_0|19101|1
2026-08-04|citilink:359_0|24069|1
2026-09-03|citilink:359_0|23177|1
2026-10-03|citilink:359_0|22286|1
2026-08-04|citilink:359_0|21689|1
2026-09-03|citilink:359_0|20885|1
2026-10-03|citilink:359_0|20082|1
