2026-10-03|citilink:248_0|76095|1
2026-09-18|citilink:248_0|82183|1
2026-09-03|citilink:248_0|85226|1
2026-10-03|citilink:248_0|72891|1
2026-09-18|citilink:248_0|78722|1
2026-09-03|citilink:248_0|81638|1
2026-10-03|citilink:248_0|80901|1
2026-09-18|citilink:248_0|87373|1
2026-09-01|citilink:248_0|90609|1
2026-10-03|citilink:248_0|80901|1
2026-09-18|citilink:248_0|87373|1
2026-09-01|citilink:248_0|90609|1
2026-10-03|citilink:248_0|80901|1
2026-09-18|citilink:248_0|87373|1
2026-09-01|citilink:248_0|90609|1
2026-10-03|citilink:248_0|80901|1
2026-09-18|citilink:248_0|87373|1
2026-09-01|citilink:248_0|90609|1
2026-08-04|citilink:248_0|70891|1
2026-09-03|citilink:248_0|68266|1
2026-10-03|citilink:248_0|65640|1
2026-08-04|citilink:248_0|19624|1
2026-09-03|citilink:248_0|18897|1
2026-10-03|citilink:248_0|18170|1
