2026-10-03|citilink:26_0|42912|1
2026-09-18|citilink:26_0|46345|1
2026-09-03|citilink:26_0|48061|1
2026-10-03|citilink:26_0|42465|1
2026-09-18|citilink:26_0|45862|1
2026-09-03|citilink:26_0|47561|1
2026-10-03|citilink:26_0|43359|1
2026-09-18|citilink:26_0|46828|1
2026-09-01|citilink:26_0|48562|1
2026-10-03|citilink:26_0|43359|1
2026-09-18|citilink:26_0|46828|1
2026-09-01|citilink:26_0|48562|1
2026-10-03|citilink:26_0|43359|1
2026-09-18|citilink:26_0|46828|1
2026-09-01|citilink:26_0|48562|1
2026-10-03|citilink:26_0|43359|1
2026-09-18|citilink:26_0|46828|1
2026-09-01|citilink:26_0|48562|1
2026-08-04|citilink:26_0|22103|1
2026-09-03|citilink:26_0|21285|1
2026-10-03|citilink:26_0|20466|1
2026-08-04|citilink:26_0|11784|1
2026-09-03|citilink:26_0|11347|1
2026-10-03|citilink:26_0|10911|1
2026-08-04|citilink:26_0|11784|1
2026-09-03|citilink:26_0|11347|1
2026-10-03|citilink:26_0|10911|1
2026-08-04|citilink:26_0|15715|1
2026-09-03|citilink:26_0|15133|1
2026-10-03|citilink:26_0|14551|1
2026-08-04|citilink:26_0|14161|1
2026-09-03|citilink:26_0|13636|1
2026-10-03|citilink:26_0|13112|1
2026-08-04|citilink:26_0|10176|1
2026-09-03|citilink:26_0|9799|1
2026-10-03|citilink:26_0|9422|1
