2026-10-03|citilink:140_0|64155|1
2026-09-18|citilink:140_0|69287|1
2026-09-03|citilink:140_0|71854|1
2026-10-03|citilink:140_0|69090|1
2026-09-18|citilink:140_0|74617|1
2026-09-03|citilink:140_0|77381|1
2026-10-03|citilink:140_0|66975|1
2026-09-18|citilink:140_0|72333|1
2026-09-01|citilink:140_0|75012|1
2026-10-03|citilink:140_0|66975|1
2026-09-18|citilink:140_0|72333|1
2026-09-01|citilink:140_0|75012|1
2026-10-03|citilink:140_0|66975|1
2026-09-18|citilink:140_0|72333|1
2026-09-01|citilink:140_0|75012|1
2026-10-03|citilink:140_0|66975|1
2026-09-18|citilink:140_0|72333|1
2026-09-01|citilink:140_0|75012|1
2026-08-04|citilink:140_0|190848|1
2026-09-03|citilink:140_0|183779|1
2026-10-03|citilink:140_0|176711|1
2026-08-04|citilink:140_0|17756|1
2026-09-03|citilink:140_0|17099|1
2026-10-03|citilink:140_0|16441|1
2026-08-04|citilink:140_0|17756|1
2026-09-03|citilink:140_0|17099|1
2026-10-03|citilink:140_0|16441|1
2026-08-04|citilink:140_0|48212|1
2026-09-03|citilink:140_0|46427|1
2026-10-03|citilink:140_0|44641|1
2026-08-04|citilink:140_0|42057|1
2026-09-03|citilink:140_0|40500|1
2026-10-03|citilink:140_0|38942|1
2026-08-04|citilink:140_0|38072|1
2026-09-03|citilink:140_0|36662|1
2026-10-03|citilink:140_0|35252|1
2026-08-04|citilink:140_0|40381|1
2026-09-03|citilink:140_0|38886|1
2026-10-03|citilink:140_0|37390|1
