2026-10-03|citilink:396_0|17199|1
2026-09-18|citilink:396_0|18575|1
2026-09-03|citilink:396_0|19263|1
2026-10-03|citilink:396_0|17388|1
2026-09-18|citilink:396_0|18779|1
2026-09-03|citilink:396_0|19475|1
2026-10-03|citilink:396_0|18900|1
2026-09-18|citilink:396_0|20412|1
2026-09-01|citilink:396_0|21168|1
2026-10-03|citilink:396_0|18900|1
2026-09-18|citilink:396_0|20412|1
2026-09-01|citilink:396_0|21168|1
2026-10-03|citilink:396_0|18900|1
2026-09-18|citilink:396_0|20412|1
2026-09-01|citilink:396_0|21168|1
2026-10-03|citilink:396_0|18900|1
2026-09-18|citilink:396_0|20412|1
2026-09-01|citilink:396_0|21168|1
2026-08-04|citilink:396_0|40285|1
2026-09-03|citilink:396_0|38793|1
2026-10-03|citilink:396_0|37301|1
2026-08-04|citilink:396_0|11784|1
2026-09-03|citilink:396_0|11347|1
2026-10-03|citilink:396_0|10911|1
2026-08-04|citilink:396_0|11784|1
2026-09-03|citilink:396_0|11347|1
2026-10-03|citilink:396_0|10911|1
2026-08-04|citilink:396_0|42251|1
2026-09-03|citilink:396_0|40686|1
2026-10-03|citilink:396_0|39121|1
2026-08-04|citilink:396_0|44108|1
2026-09-03|citilink:396_0|42475|1
2026-10-03|citilink:396_0|40841|1
2026-08-04|citilink:396_0|44108|1
2026-09-03|citilink:396_0|42475|1
2026-10-03|citilink:396_0|40841|1
