2026-10-03|citilink:98_0|44982|1
2026-09-18|citilink:98_0|48581|1
2026-09-03|citilink:98_0|50380|1
2026-10-03|citilink:98_0|45441|1
2026-09-18|citilink:98_0|49076|1
2026-09-03|citilink:98_0|50894|1
2026-10-03|citilink:98_0|41310|1
2026-09-18|citilink:98_0|44615|1
2026-09-01|citilink:98_0|46267|1
2026-10-03|citilink:98_0|41310|1
2026-09-18|citilink:98_0|44615|1
2026-09-01|citilink:98_0|46267|1
2026-10-03|citilink:98_0|41310|1
2026-09-18|citilink:98_0|44615|1
2026-09-01|citilink:98_0|46267|1
2026-10-03|citilink:98_0|41310|1
2026-09-18|citilink:98_0|44615|1
2026-09-01|citilink:98_0|46267|1
2026-08-04|citilink:98_0|65276|1
2026-09-03|citilink:98_0|62859|1
2026-10-03|citilink:98_0|60441|1
2026-08-04|citilink:98_0|19074|1
2026-09-03|citilink:98_0|18367|1
2026-10-03|citilink:98_0|17661|1
2026-08-04|citilink:98_0|19074|1
2026-09-03|citilink:98_0|18367|1
2026-10-03|citilink:98_0|17661|1
2026-08-04|citilink:98_0|19074|1
2026-09-03|citilink:98_0|18367|1
2026-10-03|citilink:98_0|17661|1
2026-08-04|citilink:98_0|19688|1
2026-09-03|citilink:98_0|18959|1
2026-10-03|citilink:98_0|18230|1
