2026-10-03|citilink:233_0|70686|1
2026-09-18|citilink:233_0|76341|1
2026-09-03|citilink:233_0|79168|1
2026-10-03|citilink:233_0|68607|1
2026-09-18|citilink:233_0|74096|1
2026-09-03|citilink:233_0|76840|1
2026-10-03|citilink:233_0|66528|1
2026-09-18|citilink:233_0|71850|1
2026-09-01|citilink:233_0|74511|1
2026-10-03|citilink:233_0|66528|1
2026-09-18|citilink:233_0|71850|1
2026-09-01|citilink:233_0|74511|1
2026-10-03|citilink:233_0|66528|1
2026-09-18|citilink:233_0|71850|1
2026-09-01|citilink:233_0|74511|1
2026-10-03|citilink:233_0|66528|1
2026-09-18|citilink:233_0|71850|1
2026-09-01|citilink:233_0|74511|1
2026-08-04|citilink:233_0|23577|1
2026-09-03|citilink:233_0|22704|1
2026-10-03|citilink:233_0|21831|1
2026-08-04|citilink:233_0|17189|1
2026-09-03|citilink:233_0|16553|1
2026-10-03|citilink:233_0|15916|1
2026-08-04|citilink:233_0|17189|1
2026-09-03|citilink:233_0|16553|1
2026-10-03|citilink:233_0|15916|1
2026-08-04|citilink:233_0|47656|1
2026-09-03|citilink:233_0|45891|1
2026-10-03|citilink:233_0|44126|1
2026-08-04|citilink:233_0|45037|1
2026-09-03|citilink:233_0|43369|1
2026-10-03|citilink:233_0|41701|1
