2026-10-03|citilink:489_0|4074|1
2026-09-18|citilink:489_0|4400|1
2026-09-03|citilink:489_0|4563|1
2026-10-03|citilink:489_0|3906|1
2026-09-18|citilink:489_0|4218|1
2026-09-03|citilink:489_0|4375|1
2026-10-03|citilink:489_0|3780|1
2026-09-18|citilink:489_0|4082|1
2026-09-01|citilink:489_0|4234|1
2026-10-03|citilink:489_0|3780|1
2026-09-18|citilink:489_0|4082|1
2026-09-01|citilink:489_0|4234|1
2026-10-03|citilink:489_0|3780|1
2026-09-18|citilink:489_0|4082|1
2026-09-01|citilink:489_0|4234|1
2026-10-03|citilink:489_0|3780|1
2026-09-18|citilink:489_0|4082|1
2026-09-01|citilink:489_0|4234|1
2026-08-04|citilink:489_0|178448|1
2026-09-03|citilink:489_0|171839|1
2026-10-03|citilink:489_0|165230|1
2026-08-04|citilink:489_0|95828|1
2026-09-03|citilink:489_0|92279|1
2026-10-03|citilink:489_0|88730|1
2026-08-04|citilink:489_0|95828|1
2026-09-03|citilink:489_0|92279|1
2026-10-03|citilink:489_0|88730|1
2026-08-04|citilink:489_0|60026|1
2026-09-03|citilink:489_0|57803|1
2026-10-03|citilink:489_0|55580|1
2026-08-04|citilink:489_0|49434|1
2026-09-03|citilink:489_0|47603|1
2026-10-03|citilink:489_0|45772|1
