2026-10-03|citilink:290_0|15386|1
2026-09-18|citilink:290_0|16617|1
2026-09-03|citilink:290_0|17232|1
2026-10-03|citilink:290_0|15072|1
2026-09-18|citilink:290_0|16278|1
2026-09-03|citilink:290_0|16881|1
2026-10-03|citilink:290_0|14915|1
2026-09-18|citilink:290_0|16108|1
2026-09-01|citilink:290_0|16705|1
2026-10-03|citilink:290_0|14915|1
2026-09-18|citilink:290_0|16108|1
2026-09-01|citilink:290_0|16705|1
2026-10-03|citilink:290_0|14915|1
2026-09-18|citilink:290_0|16108|1
2026-09-01|citilink:290_0|16705|1
2026-10-03|citilink:290_0|14915|1
2026-09-18|citilink:290_0|16108|1
2026-09-01|citilink:290_0|16705|1
2026-08-04|citilink:290_0|188817|1
2026-09-03|citilink:290_0|181824|1
2026-10-03|citilink:290_0|174831|1
2026-08-04|citilink:290_0|151655|1
2026-09-03|citilink:290_0|146038|1
2026-10-03|citilink:290_0|140421|1
