2026-10-03|citilink:34_0|64100|1
2026-09-18|citilink:34_0|69228|1
2026-09-03|citilink:34_0|71792|1
2026-10-03|citilink:34_0|60254|1
2026-09-18|citilink:34_0|65074|1
2026-09-03|citilink:34_0|67484|1
2026-10-03|citilink:34_0|58972|1
2026-09-18|citilink:34_0|63690|1
2026-09-01|citilink:34_0|66049|1
2026-10-03|citilink:34_0|58972|1
2026-09-18|citilink:34_0|63690|1
2026-09-01|citilink:34_0|66049|1
2026-10-03|citilink:34_0|58972|1
2026-09-18|citilink:34_0|63690|1
2026-09-01|citilink:34_0|66049|1
2026-10-03|citilink:34_0|58972|1
2026-09-18|citilink:34_0|63690|1
2026-09-01|citilink:34_0|66049|1
2026-08-04|citilink:34_0|101564|1
2026-09-03|citilink:34_0|97803|1
2026-10-03|citilink:34_0|94041|1
2026-08-04|citilink:34_0|13328|1
2026-09-03|citilink:34_0|12835|1
2026-10-03|citilink:34_0|12341|1
2026-08-04|citilink:34_0|13328|1
2026-09-03|citilink:34_0|12835|1
2026-10-03|citilink:34_0|12341|1
2026-08-04|citilink:34_0|17945|1
2026-09-03|citilink:34_0|17281|1
2026-10-03|citilink:34_0|16616|1
2026-08-04|citilink:34_0|18133|1
2026-09-03|citilink:34_0|17462|1
2026-10-03|citilink:34_0|16790|1
2026-08-04|citilink:34_0|11912|1
2026-09-03|citilink:34_0|11471|1
2026-10-03|citilink:34_0|11030|1
