2026-10-03|citilink:263_0|5487|1
2026-09-18|citilink:263_0|5926|1
2026-09-03|citilink:263_0|6145|1
2026-10-03|citilink:263_0|6213|1
2026-09-18|citilink:263_0|6710|1
2026-09-03|citilink:263_0|6959|1
2026-10-03|citilink:263_0|5546|1
2026-09-18|citilink:263_0|5990|1
2026-09-01|citilink:263_0|6212|1
2026-10-03|citilink:263_0|5546|1
2026-09-18|citilink:263_0|5990|1
2026-09-01|citilink:263_0|6212|1
2026-10-03|citilink:263_0|5546|1
2026-09-18|citilink:263_0|5990|1
2026-09-01|citilink:263_0|6212|1
2026-10-03|citilink:263_0|5546|1
2026-09-18|citilink:263_0|5990|1
2026-09-01|citilink:263_0|6212|1
2026-08-04|citilink:263_0|25262|1
2026-09-03|citilink:263_0|24327|1
2026-10-03|citilink:263_0|23391|1
2026-08-04|citilink:263_0|39842|1
2026-09-03|citilink:263_0|38367|1
2026-10-03|citilink:263_0|36891|1
2026-08-04|citilink:263_0|39842|1
2026-09-03|citilink:263_0|38367|1
2026-10-03|citilink:263_0|36891|1
2026-08-04|citilink:263_0|26720|1
2026-09-03|citilink:263_0|25731|1
2026-10-03|citilink:263_0|24741|1
2026-08-04|citilink:263_0|28205|1
2026-09-03|citilink:263_0|27161|1
2026-10-03|citilink:263_0|26116|1
