2026-10-03|citilink:7_0|32829|1
2026-09-18|citilink:7_0|35455|1
2026-09-03|citilink:7_0|36768|1
2026-10-03|citilink:7_0|31770|1
2026-09-18|citilink:7_0|34312|1
2026-09-03|citilink:7_0|35582|1
2026-10-03|citilink:7_0|31770|1
2026-09-18|citilink:7_0|34312|1
2026-09-01|citilink:7_0|35582|1
2026-10-03|citilink:7_0|31770|1
2026-09-18|citilink:7_0|34312|1
2026-09-01|citilink:7_0|35582|1
2026-10-03|citilink:7_0|31770|1
2026-09-18|citilink:7_0|34312|1
2026-09-01|citilink:7_0|35582|1
2026-10-03|citilink:7_0|31770|1
2026-09-18|citilink:7_0|34312|1
2026-09-01|citilink:7_0|35582|1
2026-08-04|citilink:7_0|129589|1
2026-09-03|citilink:7_0|124790|1
2026-10-03|citilink:7_0|119990|1
2026-08-04|citilink:7_0|24289|1
2026-09-03|citilink:7_0|23390|1
2026-10-03|citilink:7_0|22490|1
2026-08-04|citilink:7_0|24289|1
2026-09-03|citilink:7_0|23390|1
2026-10-03|citilink:7_0|22490|1
2026-08-04|citilink:7_0|23209|1
2026-09-03|citilink:7_0|22350|1
2026-10-03|citilink:7_0|21490|1
