2026-10-03|citilink:294_0|28025|1
2026-09-18|citilink:294_0|30267|1
2026-09-03|citilink:294_0|31388|1
2026-10-03|citilink:294_0|29500|1
2026-09-18|citilink:294_0|31860|1
2026-09-03|citilink:294_0|33040|1
2026-10-03|citilink:294_0|29205|1
2026-09-18|citilink:294_0|31541|1
2026-09-01|citilink:294_0|32710|1
2026-10-03|citilink:294_0|29205|1
2026-09-18|citilink:294_0|31541|1
2026-09-01|citilink:294_0|32710|1
2026-10-03|citilink:294_0|29205|1
2026-09-18|citilink:294_0|31541|1
2026-09-01|citilink:294_0|32710|1
2026-10-03|citilink:294_0|29205|1
2026-09-18|citilink:294_0|31541|1
2026-09-01|citilink:294_0|32710|1
2026-08-04|citilink:294_0|18944|1
2026-09-03|citilink:294_0|18243|1
2026-10-03|citilink:294_0|17541|1
2026-08-04|citilink:294_0|73862|1
2026-09-03|citilink:294_0|71127|1
2026-10-03|citilink:294_0|68391|1
2026-08-04|citilink:294_0|73862|1
2026-09-03|citilink:294_0|71127|1
2026-10-03|citilink:294_0|68391|1
2026-08-04|citilink:294_0|57824|1
2026-09-03|citilink:294_0|55683|1
2026-10-03|citilink:294_0|53541|1
2026-08-04|citilink:294_0|55254|1
2026-09-03|citilink:294_0|53207|1
2026-10-03|citilink:294_0|51161|1
