2026-10-03|citilink:38_0|14787|1
2026-09-18|citilink:38_0|15970|1
2026-09-03|citilink:38_0|16561|1
2026-10-03|citilink:38_0|14628|1
2026-09-18|citilink:38_0|15798|1
2026-09-03|citilink:38_0|16383|1
2026-10-03|citilink:38_0|14946|1
2026-09-18|citilink:38_0|16142|1
2026-09-01|citilink:38_0|16740|1
2026-10-03|citilink:38_0|14946|1
2026-09-18|citilink:38_0|16142|1
2026-09-01|citilink:38_0|16740|1
2026-10-03|citilink:38_0|14946|1
2026-09-18|citilink:38_0|16142|1
2026-09-01|citilink:38_0|16740|1
2026-10-03|citilink:38_0|14946|1
2026-09-18|citilink:38_0|16142|1
2026-09-01|citilink:38_0|16740|1
2026-08-04|citilink:38_0|63893|1
2026-09-03|citilink:38_0|61526|1
2026-10-03|citilink:38_0|59160|1
