2026-10-03|citilink:247_0|222099|1
2026-09-18|citilink:247_0|239867|1
2026-09-03|citilink:247_0|248751|1
2026-10-03|citilink:247_0|200109|1
2026-09-18|citilink:247_0|216118|1
2026-09-03|citilink:247_0|224122|1
2026-10-03|citilink:247_0|206706|1
2026-09-18|citilink:247_0|223242|1
2026-09-01|citilink:247_0|231511|1
2026-10-03|citilink:247_0|206706|1
2026-09-18|citilink:247_0|223242|1
2026-09-01|citilink:247_0|231511|1
2026-10-03|citilink:247_0|206706|1
2026-09-18|citilink:247_0|223242|1
2026-09-01|citilink:247_0|231511|1
2026-10-03|citilink:247_0|206706|1
2026-09-18|citilink:247_0|223242|1
2026-09-01|citilink:247_0|231511|1
2026-08-04|citilink:247_0|122462|1
2026-09-03|citilink:247_0|117927|1
2026-10-03|citilink:247_0|113391|1
2026-08-04|citilink:247_0|26720|1
2026-09-03|citilink:247_0|25731|1
2026-10-03|citilink:247_0|24741|1
2026-08-04|citilink:247_0|26720|1
2026-09-03|citilink:247_0|25731|1
2026-10-03|citilink:247_0|24741|1
2026-08-04|citilink:247_0|23804|1
2026-09-03|citilink:247_0|22923|1
2026-10-03|citilink:247_0|22041|1
