2026-10-03|citilink:119_0|9951|1
2026-09-18|citilink:119_0|10747|1
2026-09-03|citilink:119_0|11145|1
2026-10-03|citilink:119_0|9737|1
2026-09-18|citilink:119_0|10516|1
2026-09-03|citilink:119_0|10905|1
2026-10-03|citilink:119_0|10593|1
2026-09-18|citilink:119_0|11440|1
2026-09-01|citilink:119_0|11864|1
2026-10-03|citilink:119_0|10593|1
2026-09-18|citilink:119_0|11440|1
2026-09-01|citilink:119_0|11864|1
2026-10-03|citilink:119_0|10593|1
2026-09-18|citilink:119_0|11440|1
2026-09-01|citilink:119_0|11864|1
2026-10-03|citilink:119_0|10593|1
2026-09-18|citilink:119_0|11440|1
2026-09-01|citilink:119_0|11864|1
2026-08-04|citilink:119_0|198969|1
2026-09-03|citilink:119_0|191600|1
2026-10-03|citilink:119_0|184231|1
