2026-10-03|citilink:375_0|30789|1
2026-09-18|citilink:375_0|33252|1
2026-09-03|citilink:375_0|34484|1
2026-10-03|citilink:375_0|29856|1
2026-09-18|citilink:375_0|32244|1
2026-09-03|citilink:375_0|33439|1
2026-10-03|citilink:375_0|27990|1
2026-09-18|citilink:375_0|30229|1
2026-09-01|citilink:375_0|31349|1
2026-10-03|citilink:375_0|27990|1
2026-09-18|citilink:375_0|30229|1
2026-09-01|citilink:375_0|31349|1
2026-10-03|citilink:375_0|27990|1
2026-09-18|citilink:375_0|30229|1
2026-09-01|citilink:375_0|31349|1
2026-10-03|citilink:375_0|27990|1
2026-09-18|citilink:375_0|30229|1
2026-09-01|citilink:375_0|31349|1
2026-08-04|citilink:375_0|82545|1
2026-09-03|citilink:375_0|79488|1
2026-10-03|citilink:375_0|76431|1
2026-08-04|citilink:375_0|56993|1
2026-09-03|citilink:375_0|54882|1
2026-10-03|citilink:375_0|52771|1
2026-08-04|citilink:375_0|56993|1
2026-09-03|citilink:375_0|54882|1
2026-10-03|citilink:375_0|52771|1
2026-08-04|citilink:375_0|27017|1
2026-09-03|citilink:375_0|26017|1
2026-10-03|citilink:375_0|25016|1
2026-08-04|citilink:375_0|28798|1
2026-09-03|citilink:375_0|27732|1
2026-10-03|citilink:375_0|26665|1
