2026-10-03|citilink:339_0|27324|1
2026-09-18|citilink:339_0|29510|1
2026-09-03|citilink:339_0|30603|1
2026-10-03|citilink:339_0|27027|1
2026-09-18|citilink:339_0|29189|1
2026-09-03|citilink:339_0|30270|1
2026-10-03|citilink:339_0|26730|1
2026-09-18|citilink:339_0|28868|1
2026-09-01|citilink:339_0|29938|1
2026-10-03|citilink:339_0|26730|1
2026-09-18|citilink:339_0|28868|1
2026-09-01|citilink:339_0|29938|1
2026-10-03|citilink:339_0|26730|1
2026-09-18|citilink:339_0|28868|1
2026-09-01|citilink:339_0|29938|1
2026-10-03|citilink:339_0|26730|1
2026-09-18|citilink:339_0|28868|1
2026-09-01|citilink:339_0|29938|1
2026-08-04|citilink:339_0|157454|1
2026-09-03|citilink:339_0|151623|1
2026-10-03|citilink:339_0|145791|1
2026-08-04|citilink:339_0|36926|1
2026-09-03|citilink:339_0|35559|1
2026-10-03|citilink:339_0|34191|1
2026-08-04|citilink:339_0|36926|1
2026-09-03|citilink:339_0|35559|1
2026-10-03|citilink:339_0|34191|1
2026-08-04|citilink:339_0|19430|1
2026-09-03|citilink:339_0|18711|1
2026-10-03|citilink:339_0|17991|1
2026-08-04|citilink:339_0|21373|1
2026-09-03|citilink:339_0|20582|1
2026-10-03|citilink:339_0|19790|1
