2026-10-03|citilink:62_0|42129|1
2026-09-18|citilink:62_0|45499|1
2026-09-03|citilink:62_0|47184|1
2026-10-03|citilink:62_0|44394|1
2026-09-18|citilink:62_0|47946|1
2026-09-03|citilink:62_0|49721|1
2026-10-03|citilink:62_0|44847|1
2026-09-18|citilink:62_0|48435|1
2026-09-01|citilink:62_0|50229|1
2026-10-03|citilink:62_0|44847|1
2026-09-18|citilink:62_0|48435|1
2026-09-01|citilink:62_0|50229|1
2026-10-03|citilink:62_0|44847|1
2026-09-18|citilink:62_0|48435|1
2026-09-01|citilink:62_0|50229|1
2026-10-03|citilink:62_0|44847|1
2026-09-18|citilink:62_0|48435|1
2026-09-01|citilink:62_0|50229|1
2026-08-04|citilink:62_0|263336|1
2026-09-03|citilink:62_0|253583|1
2026-10-03|citilink:62_0|243830|1
