2026-10-03|citilink:291_0|13857|1
2026-09-18|citilink:291_0|14966|1
2026-09-03|citilink:291_0|15520|1
2026-10-03|citilink:291_0|14751|1
2026-09-18|citilink:291_0|15931|1
2026-09-03|citilink:291_0|16521|1
2026-10-03|citilink:291_0|13708|1
2026-09-18|citilink:291_0|14805|1
2026-09-01|citilink:291_0|15353|1
2026-10-03|citilink:291_0|13708|1
2026-09-18|citilink:291_0|14805|1
2026-09-01|citilink:291_0|15353|1
2026-10-03|citilink:291_0|13708|1
2026-09-18|citilink:291_0|14805|1
2026-09-01|citilink:291_0|15353|1
2026-10-03|citilink:291_0|13708|1
2026-09-18|citilink:291_0|14805|1
2026-09-01|citilink:291_0|15353|1
2026-08-04|citilink:291_0|53061|1
2026-09-03|citilink:291_0|51096|1
2026-10-03|citilink:291_0|49131|1
