2026-10-03|citilink:35_0|30362|1
2026-09-18|citilink:35_0|32791|1
2026-09-03|citilink:35_0|34005|1
2026-10-03|citilink:35_0|29393|1
2026-09-18|citilink:35_0|31744|1
2026-09-03|citilink:35_0|32920|1
2026-10-03|citilink:35_0|31654|1
2026-09-18|citilink:35_0|34186|1
2026-09-01|citilink:35_0|35452|1
2026-10-03|citilink:35_0|31654|1
2026-09-18|citilink:35_0|34186|1
2026-09-01|citilink:35_0|35452|1
2026-10-03|citilink:35_0|31654|1
2026-09-18|citilink:35_0|34186|1
2026-09-01|citilink:35_0|35452|1
2026-10-03|citilink:35_0|31654|1
2026-09-18|citilink:35_0|34186|1
2026-09-01|citilink:35_0|35452|1
2026-08-04|citilink:35_0|72307|1
2026-09-03|citilink:35_0|69629|1
2026-10-03|citilink:35_0|66951|1
2026-08-04|citilink:35_0|4008|1
2026-09-03|citilink:35_0|3859|1
2026-10-03|citilink:35_0|3711|1
2026-08-04|citilink:35_0|4008|1
2026-09-03|citilink:35_0|3859|1
2026-10-03|citilink:35_0|3711|1
2026-08-04|citilink:35_0|26105|1
2026-09-03|citilink:35_0|25138|1
2026-10-03|citilink:35_0|24171|1
2026-08-04|citilink:35_0|23298|1
2026-09-03|citilink:35_0|22435|1
2026-10-03|citilink:35_0|21572|1
2026-08-04|citilink:35_0|17919|1
2026-09-03|citilink:35_0|17256|1
2026-10-03|citilink:35_0|16592|1
