2026-10-03|citilink:159_0|28033|1
2026-09-18|citilink:159_0|30276|1
2026-09-03|citilink:159_0|31397|1
2026-10-03|citilink:159_0|26877|1
2026-09-18|citilink:159_0|29027|1
2026-09-03|citilink:159_0|30102|1
2026-10-03|citilink:159_0|26877|1
2026-09-18|citilink:159_0|29027|1
2026-09-01|citilink:159_0|30102|1
2026-10-03|citilink:159_0|26877|1
2026-09-18|citilink:159_0|29027|1
2026-09-01|citilink:159_0|30102|1
2026-10-03|citilink:159_0|26877|1
2026-09-18|citilink:159_0|29027|1
2026-09-01|citilink:159_0|30102|1
2026-10-03|citilink:159_0|26877|1
2026-09-18|citilink:159_0|29027|1
2026-09-01|citilink:159_0|30102|1
2026-08-04|citilink:159_0|158966|1
2026-09-03|citilink:159_0|153079|1
2026-10-03|citilink:159_0|147191|1
2026-08-04|citilink:159_0|15391|1
2026-09-03|citilink:159_0|14821|1
2026-10-03|citilink:159_0|14251|1
2026-08-04|citilink:159_0|15391|1
2026-09-03|citilink:159_0|14821|1
2026-10-03|citilink:159_0|14251|1
2026-08-04|citilink:159_0|28805|1
2026-09-03|citilink:159_0|27738|1
2026-10-03|citilink:159_0|26671|1
2026-08-04|citilink:159_0|26300|1
2026-09-03|citilink:159_0|25326|1
2026-10-03|citilink:159_0|24352|1
2026-08-04|citilink:159_0|19496|1
2026-09-03|citilink:159_0|18774|1
2026-10-03|citilink:159_0|18052|1
2026-08-04|citilink:159_0|19753|1
2026-09-03|citilink:159_0|19022|1
2026-10-03|citilink:159_0|18290|1
