2026-10-03|citilink:415_0|110880|1
2026-09-18|citilink:415_0|119750|1
2026-09-03|citilink:415_0|124186|1
2026-10-03|citilink:415_0|107415|1
2026-09-18|citilink:415_0|116008|1
2026-09-03|citilink:415_0|120305|1
2026-10-03|citilink:415_0|109725|1
2026-09-18|citilink:415_0|118503|1
2026-09-01|citilink:415_0|122892|1
2026-10-03|citilink:415_0|109725|1
2026-09-18|citilink:415_0|118503|1
2026-09-01|citilink:415_0|122892|1
2026-10-03|citilink:415_0|109725|1
2026-09-18|citilink:415_0|118503|1
2026-09-01|citilink:415_0|122892|1
2026-10-03|citilink:415_0|109725|1
2026-09-18|citilink:415_0|118503|1
2026-09-01|citilink:415_0|122892|1
2026-08-04|citilink:415_0|42325|1
2026-09-03|citilink:415_0|40758|1
2026-10-03|citilink:415_0|39190|1
2026-08-04|citilink:415_0|89953|1
2026-09-03|citilink:415_0|86622|1
2026-10-03|citilink:415_0|83290|1
2026-08-04|citilink:415_0|89953|1
2026-09-03|citilink:415_0|86622|1
2026-10-03|citilink:415_0|83290|1
2026-08-04|citilink:415_0|25920|1
2026-09-03|citilink:415_0|24960|1
2026-10-03|citilink:415_0|24000|1
