2026-10-03|citilink:58_0|148005|1
2026-09-18|citilink:58_0|159845|1
2026-09-03|citilink:58_0|165766|1
2026-10-03|citilink:58_0|142025|1
2026-09-18|citilink:58_0|153387|1
2026-09-03|citilink:58_0|159068|1
2026-10-03|citilink:58_0|143520|1
2026-09-18|citilink:58_0|155002|1
2026-09-01|citilink:58_0|160742|1
2026-10-03|citilink:58_0|143520|1
2026-09-18|citilink:58_0|155002|1
2026-09-01|citilink:58_0|160742|1
2026-10-03|citilink:58_0|143520|1
2026-09-18|citilink:58_0|155002|1
2026-09-01|citilink:58_0|160742|1
2026-10-03|citilink:58_0|143520|1
2026-09-18|citilink:58_0|155002|1
2026-09-01|citilink:58_0|160742|1
2026-08-04|citilink:58_0|149225|1
2026-09-03|citilink:58_0|143698|1
2026-10-03|citilink:58_0|138171|1
2026-08-04|citilink:58_0|22325|1
2026-09-03|citilink:58_0|21498|1
2026-10-03|citilink:58_0|20671|1
2026-08-04|citilink:58_0|22325|1
2026-09-03|citilink:58_0|21498|1
2026-10-03|citilink:58_0|20671|1
2026-08-04|citilink:58_0|11665|1
2026-09-03|citilink:58_0|11233|1
2026-10-03|citilink:58_0|10801|1
2026-08-04|citilink:58_0|10548|1
2026-09-03|citilink:58_0|10158|1
2026-10-03|citilink:58_0|9767|1
2026-08-04|citilink:58_0|10548|1
2026-09-03|citilink:58_0|10158|1
2026-10-03|citilink:58_0|9767|1
