2026-10-03|citilink:272_0|17170|1
2026-09-18|citilink:272_0|18544|1
2026-09-03|citilink:272_0|19230|1
2026-10-03|citilink:272_0|15640|1
2026-09-18|citilink:272_0|16891|1
2026-09-03|citilink:272_0|17517|1
2026-10-03|citilink:272_0|15980|1
2026-09-18|citilink:272_0|17258|1
2026-09-01|citilink:272_0|17898|1
2026-10-03|citilink:272_0|15980|1
2026-09-18|citilink:272_0|17258|1
2026-09-01|citilink:272_0|17898|1
2026-10-03|citilink:272_0|15980|1
2026-09-18|citilink:272_0|17258|1
2026-09-01|citilink:272_0|17898|1
2026-10-03|citilink:272_0|15980|1
2026-09-18|citilink:272_0|17258|1
2026-09-01|citilink:272_0|17898|1
2026-08-04|citilink:272_0|270270|1
2026-09-03|citilink:272_0|260260|1
2026-10-03|citilink:272_0|250250|1
2026-08-04|citilink:272_0|121511|1
2026-09-03|citilink:272_0|117010|1
2026-10-03|citilink:272_0|112510|1
