2026-10-03|citilink:316_0|192405|1
2026-09-18|citilink:316_0|207797|1
2026-09-03|citilink:316_0|215494|1
2026-10-03|citilink:316_0|173355|1
2026-09-18|citilink:316_0|187223|1
2026-09-03|citilink:316_0|194158|1
2026-10-03|citilink:316_0|171450|1
2026-09-18|citilink:316_0|185166|1
2026-09-01|citilink:316_0|192024|1
2026-10-03|citilink:316_0|171450|1
2026-09-18|citilink:316_0|185166|1
2026-09-01|citilink:316_0|192024|1
2026-10-03|citilink:316_0|171450|1
2026-09-18|citilink:316_0|185166|1
2026-09-01|citilink:316_0|192024|1
2026-10-03|citilink:316_0|171450|1
2026-09-18|citilink:316_0|185166|1
2026-09-01|citilink:316_0|192024|1
2026-08-04|citilink:316_0|136339|1
2026-09-03|citilink:316_0|131290|1
2026-10-03|citilink:316_0|126240|1
2026-08-04|citilink:316_0|161428|1
2026-09-03|citilink:316_0|155449|1
2026-10-03|citilink:316_0|149470|1
2026-08-04|citilink:316_0|161428|1
2026-09-03|citilink:316_0|155449|1
2026-10-03|citilink:316_0|149470|1
