2026-10-03|citilink:325_0|104741|1
2026-09-18|citilink:325_0|113120|1
2026-09-03|citilink:325_0|117310|1
2026-10-03|citilink:325_0|113949|1
2026-09-18|citilink:325_0|123065|1
2026-09-03|citilink:325_0|127623|1
2026-10-03|citilink:325_0|103590|1
2026-09-18|citilink:325_0|111877|1
2026-09-01|citilink:325_0|116021|1
2026-10-03|citilink:325_0|103590|1
2026-09-18|citilink:325_0|111877|1
2026-09-01|citilink:325_0|116021|1
2026-10-03|citilink:325_0|103590|1
2026-09-18|citilink:325_0|111877|1
2026-09-01|citilink:325_0|116021|1
2026-10-03|citilink:325_0|103590|1
2026-09-18|citilink:325_0|111877|1
2026-09-01|citilink:325_0|116021|1
2026-08-04|citilink:325_0|33405|1
2026-09-03|citilink:325_0|32168|1
2026-10-03|citilink:325_0|30931|1
2026-08-04|citilink:325_0|12767|1
2026-09-03|citilink:325_0|12294|1
2026-10-03|citilink:325_0|11821|1
