2026-10-03|citilink:313_0|80910|1
2026-09-18|citilink:313_0|87383|1
2026-09-03|citilink:313_0|90619|1
2026-10-03|citilink:313_0|83607|1
2026-09-18|citilink:313_0|90296|1
2026-09-03|citilink:313_0|93640|1
2026-10-03|citilink:313_0|84506|1
2026-09-18|citilink:313_0|91266|1
2026-09-01|citilink:313_0|94647|1
2026-10-03|citilink:313_0|84506|1
2026-09-18|citilink:313_0|91266|1
2026-09-01|citilink:313_0|94647|1
2026-10-03|citilink:313_0|84506|1
2026-09-18|citilink:313_0|91266|1
2026-09-01|citilink:313_0|94647|1
2026-10-03|citilink:313_0|84506|1
2026-09-18|citilink:313_0|91266|1
2026-09-01|citilink:313_0|94647|1
2026-08-04|citilink:313_0|174625|1
2026-09-03|citilink:313_0|168158|1
2026-10-03|citilink:313_0|161690|1
