2026-10-03|citilink:302_0|119900|1
2026-09-18|citilink:302_0|129492|1
2026-09-03|citilink:302_0|134288|1
2026-10-03|citilink:302_0|109109|1
2026-09-18|citilink:302_0|117838|1
2026-09-03|citilink:302_0|122202|1
2026-10-03|citilink:302_0|110308|1
2026-09-18|citilink:302_0|119133|1
2026-09-01|citilink:302_0|123545|1
2026-10-03|citilink:302_0|110308|1
2026-09-18|citilink:302_0|119133|1
2026-09-01|citilink:302_0|123545|1
2026-10-03|citilink:302_0|110308|1
2026-09-18|citilink:302_0|119133|1
2026-09-01|citilink:302_0|123545|1
2026-10-03|citilink:302_0|110308|1
2026-09-18|citilink:302_0|119133|1
2026-09-01|citilink:302_0|123545|1
2026-08-04|citilink:302_0|242990|1
2026-09-03|citilink:302_0|233991|1
2026-10-03|citilink:302_0|224991|1
2026-08-04|citilink:302_0|29150|1
2026-09-03|citilink:302_0|28071|1
2026-10-03|citilink:302_0|26991|1
2026-08-04|citilink:302_0|29150|1
2026-09-03|citilink:302_0|28071|1
2026-10-03|citilink:302_0|26991|1
