2026-10-03|citilink:392_0|122706|1
2026-09-18|citilink:392_0|132522|1
2026-09-03|citilink:392_0|137431|1
2026-10-03|citilink:392_0|114285|1
2026-09-18|citilink:392_0|123428|1
2026-09-03|citilink:392_0|127999|1
2026-10-03|citilink:392_0|116691|1
2026-09-18|citilink:392_0|126026|1
2026-09-01|citilink:392_0|130694|1
2026-10-03|citilink:392_0|116691|1
2026-09-18|citilink:392_0|126026|1
2026-09-01|citilink:392_0|130694|1
2026-10-03|citilink:392_0|116691|1
2026-09-18|citilink:392_0|126026|1
2026-09-01|citilink:392_0|130694|1
2026-10-03|citilink:392_0|116691|1
2026-09-18|citilink:392_0|126026|1
2026-09-01|citilink:392_0|130694|1
2026-08-04|citilink:392_0|257117|1
2026-09-03|citilink:392_0|247594|1
2026-10-03|citilink:392_0|238071|1
2026-08-04|citilink:392_0|70298|1
2026-09-03|citilink:392_0|67695|1
2026-10-03|citilink:392_0|65091|1
2026-08-04|citilink:392_0|70298|1
2026-09-03|citilink:392_0|67695|1
2026-10-03|citilink:392_0|65091|1
2026-08-04|citilink:392_0|38157|1
2026-09-03|citilink:392_0|36744|1
2026-10-03|citilink:392_0|35331|1
2026-08-04|citilink:392_0|34875|1
2026-09-03|citilink:392_0|33584|1
2026-10-03|citilink:392_0|32292|1
2026-08-04|citilink:392_0|26613|1
2026-09-03|citilink:392_0|25628|1
2026-10-03|citilink:392_0|24642|1
2026-08-04|citilink:392_0|26557|1
2026-09-03|citilink:392_0|25574|1
2026-10-03|citilink:392_0|24590|1
