2026-10-03|citilink:17_0|70100|1
2026-09-18|citilink:17_0|75708|1
2026-09-03|citilink:17_0|78512|1
2026-10-03|citilink:17_0|65894|1
2026-09-18|citilink:17_0|71166|1
2026-09-03|citilink:17_0|73801|1
2026-10-03|citilink:17_0|68698|1
2026-09-18|citilink:17_0|74194|1
2026-09-01|citilink:17_0|76942|1
2026-10-03|citilink:17_0|68698|1
2026-09-18|citilink:17_0|74194|1
2026-09-01|citilink:17_0|76942|1
2026-10-03|citilink:17_0|68698|1
2026-09-18|citilink:17_0|74194|1
2026-09-01|citilink:17_0|76942|1
2026-10-03|citilink:17_0|68698|1
2026-09-18|citilink:17_0|74194|1
2026-09-01|citilink:17_0|76942|1
2026-08-04|citilink:17_0|403585|1
2026-09-03|citilink:17_0|388638|1
2026-10-03|citilink:17_0|373690|1
2026-08-04|citilink:17_0|7625|1
2026-09-03|citilink:17_0|7342|1
2026-10-03|citilink:17_0|7060|1
2026-08-04|citilink:17_0|7625|1
2026-09-03|citilink:17_0|7342|1
2026-10-03|citilink:17_0|7060|1
2026-08-04|citilink:17_0|54529|1
2026-09-03|citilink:17_0|52510|1
2026-10-03|citilink:17_0|50490|1
2026-08-04|citilink:17_0|46430|1
2026-09-03|citilink:17_0|44711|1
2026-10-03|citilink:17_0|42991|1
