2026-10-03|citilink:273_0|15159|1
2026-09-18|citilink:273_0|16372|1
2026-09-03|citilink:273_0|16978|1
2026-10-03|citilink:273_0|15159|1
2026-09-18|citilink:273_0|16372|1
2026-09-03|citilink:273_0|16978|1
2026-10-03|citilink:273_0|14670|1
2026-09-18|citilink:273_0|15844|1
2026-09-01|citilink:273_0|16430|1
2026-10-03|citilink:273_0|14670|1
2026-09-18|citilink:273_0|15844|1
2026-09-01|citilink:273_0|16430|1
2026-10-03|citilink:273_0|14670|1
2026-09-18|citilink:273_0|15844|1
2026-09-01|citilink:273_0|16430|1
2026-10-03|citilink:273_0|14670|1
2026-09-18|citilink:273_0|15844|1
2026-09-01|citilink:273_0|16430|1
2026-08-04|citilink:273_0|136448|1
2026-09-03|citilink:273_0|131395|1
2026-10-03|citilink:273_0|126341|1
2026-08-04|citilink:273_0|124136|1
2026-09-03|citilink:273_0|119539|1
2026-10-03|citilink:273_0|114941|1
2026-08-04|citilink:273_0|124136|1
2026-09-03|citilink:273_0|119539|1
2026-10-03|citilink:273_0|114941|1
2026-08-04|citilink:273_0|57446|1
2026-09-03|citilink:273_0|55319|1
2026-10-03|citilink:273_0|53191|1
2026-08-04|citilink:273_0|59864|1
2026-09-03|citilink:273_0|57647|1
2026-10-03|citilink:273_0|55430|1
2026-08-04|citilink:273_0|50242|1
2026-09-03|citilink:273_0|48381|1
2026-10-03|citilink:273_0|46520|1
