2026-10-03|citilink:341_0|73034|1
2026-09-18|citilink:341_0|78877|1
2026-09-03|citilink:341_0|81798|1
2026-10-03|citilink:341_0|63388|1
2026-09-18|citilink:341_0|68459|1
2026-09-03|citilink:341_0|70995|1
2026-10-03|citilink:341_0|62699|1
2026-09-18|citilink:341_0|67715|1
2026-09-01|citilink:341_0|70223|1
2026-10-03|citilink:341_0|62699|1
2026-09-18|citilink:341_0|67715|1
2026-09-01|citilink:341_0|70223|1
2026-10-03|citilink:341_0|62699|1
2026-09-18|citilink:341_0|67715|1
2026-09-01|citilink:341_0|70223|1
2026-10-03|citilink:341_0|62699|1
2026-09-18|citilink:341_0|67715|1
2026-09-01|citilink:341_0|70223|1
2026-08-04|citilink:341_0|75666|1
2026-09-03|citilink:341_0|72863|1
2026-10-03|citilink:341_0|70061|1
2026-08-04|citilink:341_0|91391|1
2026-09-03|citilink:341_0|88006|1
2026-10-03|citilink:341_0|84621|1
2026-08-04|citilink:341_0|91391|1
2026-09-03|citilink:341_0|88006|1
2026-10-03|citilink:341_0|84621|1
