2026-10-03|citilink:27_0|26877|1
2026-09-18|citilink:27_0|29027|1
2026-09-03|citilink:27_0|30102|1
2026-10-03|citilink:27_0|26010|1
2026-09-18|citilink:27_0|28091|1
2026-09-03|citilink:27_0|29131|1
2026-10-03|citilink:27_0|27166|1
2026-09-18|citilink:27_0|29339|1
2026-09-01|citilink:27_0|30426|1
2026-10-03|citilink:27_0|27166|1
2026-09-18|citilink:27_0|29339|1
2026-09-01|citilink:27_0|30426|1
2026-10-03|citilink:27_0|27166|1
2026-09-18|citilink:27_0|29339|1
2026-09-01|citilink:27_0|30426|1
2026-10-03|citilink:27_0|27166|1
2026-09-18|citilink:27_0|29339|1
2026-09-01|citilink:27_0|30426|1
2026-08-04|citilink:27_0|14310|1
2026-09-03|citilink:27_0|13780|1
2026-10-03|citilink:27_0|13250|1
2026-08-04|citilink:27_0|12107|1
2026-09-03|citilink:27_0|11658|1
2026-10-03|citilink:27_0|11210|1
