2026-10-03|citilink:283_0|148995|1
2026-09-18|citilink:283_0|160915|1
2026-09-03|citilink:283_0|166874|1
2026-10-03|citilink:283_0|139965|1
2026-09-18|citilink:283_0|151162|1
2026-09-03|citilink:283_0|156761|1
2026-10-03|citilink:283_0|144480|1
2026-09-18|citilink:283_0|156038|1
2026-09-01|citilink:283_0|161818|1
2026-10-03|citilink:283_0|144480|1
2026-09-18|citilink:283_0|156038|1
2026-09-01|citilink:283_0|161818|1
2026-10-03|citilink:283_0|144480|1
2026-09-18|citilink:283_0|156038|1
2026-09-01|citilink:283_0|161818|1
2026-10-03|citilink:283_0|144480|1
2026-09-18|citilink:283_0|156038|1
2026-09-01|citilink:283_0|161818|1
2026-08-04|citilink:283_0|177488|1
2026-09-03|citilink:283_0|170915|1
2026-10-03|citilink:283_0|164341|1
2026-08-04|citilink:283_0|21536|1
2026-09-03|citilink:283_0|20739|1
2026-10-03|citilink:283_0|19941|1
2026-08-04|citilink:283_0|21536|1
2026-09-03|citilink:283_0|20739|1
2026-10-03|citilink:283_0|19941|1
2026-08-04|citilink:283_0|20510|1
2026-09-03|citilink:283_0|19751|1
2026-10-03|citilink:283_0|18991|1
2026-08-04|citilink:283_0|18351|1
2026-09-03|citilink:283_0|17672|1
2026-10-03|citilink:283_0|16992|1
2026-08-04|citilink:283_0|18351|1
2026-09-03|citilink:283_0|17672|1
2026-10-03|citilink:283_0|16992|1
2026-08-04|citilink:283_0|18565|1
2026-09-03|citilink:283_0|17878|1
2026-10-03|citilink:283_0|17190|1
