2026-10-03|citilink:393_0|11250|1
2026-09-18|citilink:393_0|12150|1
2026-09-03|citilink:393_0|12600|1
2026-10-03|citilink:393_0|11750|1
2026-09-18|citilink:393_0|12690|1
2026-09-03|citilink:393_0|13160|1
2026-10-03|citilink:393_0|11375|1
2026-09-18|citilink:393_0|12285|1
2026-09-01|citilink:393_0|12740|1
2026-10-03|citilink:393_0|11375|1
2026-09-18|citilink:393_0|12285|1
2026-09-01|citilink:393_0|12740|1
2026-10-03|citilink:393_0|11375|1
2026-09-18|citilink:393_0|12285|1
2026-09-01|citilink:393_0|12740|1
2026-10-03|citilink:393_0|11375|1
2026-09-18|citilink:393_0|12285|1
2026-09-01|citilink:393_0|12740|1
2026-08-04|citilink:393_0|130152|1
2026-09-03|citilink:393_0|125331|1
2026-10-03|citilink:393_0|120511|1
2026-08-04|citilink:393_0|119222|1
2026-09-03|citilink:393_0|114807|1
2026-10-03|citilink:393_0|110391|1
2026-08-04|citilink:393_0|119222|1
2026-09-03|citilink:393_0|114807|1
2026-10-03|citilink:393_0|110391|1
2026-08-04|citilink:393_0|46689|1
2026-09-03|citilink:393_0|44960|1
2026-10-03|citilink:393_0|43231|1
