2026-10-03|citilink:198_0|43157|1
2026-09-18|citilink:198_0|46610|1
2026-09-03|citilink:198_0|48336|1
2026-10-03|citilink:198_0|38548|1
2026-09-18|citilink:198_0|41632|1
2026-09-03|citilink:198_0|43174|1
2026-10-03|citilink:198_0|37710|1
2026-09-18|citilink:198_0|40727|1
2026-09-01|citilink:198_0|42235|1
2026-10-03|citilink:198_0|37710|1
2026-09-18|citilink:198_0|40727|1
2026-09-01|citilink:198_0|42235|1
2026-10-03|citilink:198_0|37710|1
2026-09-18|citilink:198_0|40727|1
2026-09-01|citilink:198_0|42235|1
2026-10-03|citilink:198_0|37710|1
2026-09-18|citilink:198_0|40727|1
2026-09-01|citilink:198_0|42235|1
2026-08-04|citilink:198_0|147637|1
2026-09-03|citilink:198_0|142169|1
2026-10-03|citilink:198_0|136701|1
2026-08-04|citilink:198_0|114492|1
2026-09-03|citilink:198_0|110251|1
2026-10-03|citilink:198_0|106011|1
