2026-10-03|citilink:228_0|14973|1
2026-09-18|citilink:228_0|16171|1
2026-09-03|citilink:228_0|16770|1
2026-10-03|citilink:228_0|16261|1
2026-09-18|citilink:228_0|17562|1
2026-09-03|citilink:228_0|18212|1
2026-10-03|citilink:228_0|15939|1
2026-09-18|citilink:228_0|17214|1
2026-09-01|citilink:228_0|17852|1
2026-10-03|citilink:228_0|15939|1
2026-09-18|citilink:228_0|17214|1
2026-09-01|citilink:228_0|17852|1
2026-10-03|citilink:228_0|15939|1
2026-09-18|citilink:228_0|17214|1
2026-09-01|citilink:228_0|17852|1
2026-10-03|citilink:228_0|15939|1
2026-09-18|citilink:228_0|17214|1
2026-09-01|citilink:228_0|17852|1
2026-08-04|citilink:228_0|159300|1
2026-09-03|citilink:228_0|153400|1
2026-10-03|citilink:228_0|147500|1
2026-08-04|citilink:228_0|29927|1
2026-09-03|citilink:228_0|28818|1
2026-10-03|citilink:228_0|27710|1
2026-08-04|citilink:228_0|29927|1
2026-09-03|citilink:228_0|28818|1
2026-10-03|citilink:228_0|27710|1
2026-08-04|citilink:228_0|45965|1
2026-09-03|citilink:228_0|44262|1
2026-10-03|citilink:228_0|42560|1
2026-08-04|citilink:228_0|39465|1
2026-09-03|citilink:228_0|38004|1
2026-10-03|citilink:228_0|36542|1
