2026-10-03|citilink:484_0|117299|1
2026-09-18|citilink:484_0|126683|1
2026-09-03|citilink:484_0|131375|1
2026-10-03|citilink:484_0|125033|1
2026-09-18|citilink:484_0|135036|1
2026-09-03|citilink:484_0|140037|1
2026-10-03|citilink:484_0|117299|1
2026-09-18|citilink:484_0|126683|1
2026-09-01|citilink:484_0|131375|1
2026-10-03|citilink:484_0|117299|1
2026-09-18|citilink:484_0|126683|1
2026-09-01|citilink:484_0|131375|1
2026-10-03|citilink:484_0|117299|1
2026-09-18|citilink:484_0|126683|1
2026-09-01|citilink:484_0|131375|1
2026-10-03|citilink:484_0|117299|1
2026-09-18|citilink:484_0|126683|1
2026-09-01|citilink:484_0|131375|1
2026-08-04|citilink:484_0|99426|1
2026-09-03|citilink:484_0|95743|1
2026-10-03|citilink:484_0|92061|1
2026-08-04|citilink:484_0|373627|1
2026-09-03|citilink:484_0|359789|1
2026-10-03|citilink:484_0|345951|1
2026-08-04|citilink:484_0|373627|1
2026-09-03|citilink:484_0|359789|1
2026-10-03|citilink:484_0|345951|1
2026-08-04|citilink:484_0|49206|1
2026-09-03|citilink:484_0|47383|1
2026-10-03|citilink:484_0|45561|1
2026-08-04|citilink:484_0|50264|1
2026-09-03|citilink:484_0|48403|1
2026-10-03|citilink:484_0|46541|1
