2026-10-03|citilink:213_0|10647|1
2026-09-18|citilink:213_0|11499|1
2026-09-03|citilink:213_0|11925|1
2026-10-03|citilink:213_0|10881|1
2026-09-18|citilink:213_0|11751|1
2026-09-03|citilink:213_0|12187|1
2026-10-03|citilink:213_0|10998|1
2026-09-18|citilink:213_0|11878|1
2026-09-01|citilink:213_0|12318|1
2026-10-03|citilink:213_0|10998|1
2026-09-18|citilink:213_0|11878|1
2026-09-01|citilink:213_0|12318|1
2026-10-03|citilink:213_0|10998|1
2026-09-18|citilink:213_0|11878|1
2026-09-01|citilink:213_0|12318|1
2026-10-03|citilink:213_0|10998|1
2026-09-18|citilink:213_0|11878|1
2026-09-01|citilink:213_0|12318|1
2026-08-04|citilink:213_0|125378|1
2026-09-03|citilink:213_0|120735|1
2026-10-03|citilink:213_0|116091|1
2026-08-04|citilink:213_0|25748|1
2026-09-03|citilink:213_0|24795|1
2026-10-03|citilink:213_0|23841|1
2026-08-04|citilink:213_0|25748|1
2026-09-03|citilink:213_0|24795|1
2026-10-03|citilink:213_0|23841|1
2026-08-04|citilink:213_0|60740|1
2026-09-03|citilink:213_0|58491|1
2026-10-03|citilink:213_0|56241|1
