2026-10-03|citilink:469_0|89370|1
2026-09-18|citilink:469_0|96520|1
2026-09-03|citilink:469_0|100094|1
2026-10-03|citilink:469_0|101286|1
2026-09-18|citilink:469_0|109389|1
2026-09-03|citilink:469_0|113440|1
2026-10-03|citilink:469_0|97314|1
2026-09-18|citilink:469_0|105099|1
2026-09-01|citilink:469_0|108992|1
2026-10-03|citilink:469_0|97314|1
2026-09-18|citilink:469_0|105099|1
2026-09-01|citilink:469_0|108992|1
2026-10-03|citilink:469_0|97314|1
2026-09-18|citilink:469_0|105099|1
2026-09-01|citilink:469_0|108992|1
2026-10-03|citilink:469_0|97314|1
2026-09-18|citilink:469_0|105099|1
2026-09-01|citilink:469_0|108992|1
2026-08-04|citilink:469_0|313189|1
2026-09-03|citilink:469_0|301590|1
2026-10-03|citilink:469_0|289990|1
