2026-10-03|citilink:194_0|126830|1
2026-09-18|citilink:194_0|136976|1
2026-09-03|citilink:194_0|142050|1
2026-10-03|citilink:194_0|106076|1
2026-09-18|citilink:194_0|114562|1
2026-09-03|citilink:194_0|118805|1
2026-10-03|citilink:194_0|112994|1
2026-09-18|citilink:194_0|122034|1
2026-09-01|citilink:194_0|126553|1
2026-10-03|citilink:194_0|112994|1
2026-09-18|citilink:194_0|122034|1
2026-09-01|citilink:194_0|126553|1
2026-10-03|citilink:194_0|112994|1
2026-09-18|citilink:194_0|122034|1
2026-09-01|citilink:194_0|126553|1
2026-10-03|citilink:194_0|112994|1
2026-09-18|citilink:194_0|122034|1
2026-09-01|citilink:194_0|126553|1
2026-08-04|citilink:194_0|125086|1
2026-09-03|citilink:194_0|120453|1
2026-10-03|citilink:194_0|115820|1
2026-08-04|citilink:194_0|186030|1
2026-09-03|citilink:194_0|179140|1
2026-10-03|citilink:194_0|172250|1
2026-08-04|citilink:194_0|186030|1
2026-09-03|citilink:194_0|179140|1
2026-10-03|citilink:194_0|172250|1
2026-08-04|citilink:194_0|17096|1
2026-09-03|citilink:194_0|16463|1
2026-10-03|citilink:194_0|15830|1
2026-08-04|citilink:194_0|14161|1
2026-09-03|citilink:194_0|13636|1
2026-10-03|citilink:194_0|13112|1
