2026-10-03|citilink:450_0|11375|1
2026-09-18|citilink:450_0|12285|1
2026-09-03|citilink:450_0|12740|1
2026-10-03|citilink:450_0|11750|1
2026-09-18|citilink:450_0|12690|1
2026-09-03|citilink:450_0|13160|1
2026-10-03|citilink:450_0|11375|1
2026-09-18|citilink:450_0|12285|1
2026-09-01|citilink:450_0|12740|1
2026-10-03|citilink:450_0|11375|1
2026-09-18|citilink:450_0|12285|1
2026-09-01|citilink:450_0|12740|1
2026-10-03|citilink:450_0|11375|1
2026-09-18|citilink:450_0|12285|1
2026-09-01|citilink:450_0|12740|1
2026-10-03|citilink:450_0|11375|1
2026-09-18|citilink:450_0|12285|1
2026-09-01|citilink:450_0|12740|1
2026-08-04|citilink:450_0|47197|1
2026-09-03|citilink:450_0|45449|1
2026-10-03|citilink:450_0|43701|1
2026-08-04|citilink:450_0|24096|1
2026-09-03|citilink:450_0|23203|1
2026-10-03|citilink:450_0|22311|1
