2026-10-03|citilink:387_0|25470|1
2026-09-18|citilink:387_0|27508|1
2026-09-03|citilink:387_0|28526|1
2026-10-03|citilink:387_0|25470|1
2026-09-18|citilink:387_0|27508|1
2026-09-03|citilink:387_0|28526|1
2026-10-03|citilink:387_0|28017|1
2026-09-18|citilink:387_0|30258|1
2026-09-01|citilink:387_0|31379|1
2026-10-03|citilink:387_0|28017|1
2026-09-18|citilink:387_0|30258|1
2026-09-01|citilink:387_0|31379|1
2026-10-03|citilink:387_0|28017|1
2026-09-18|citilink:387_0|30258|1
2026-09-01|citilink:387_0|31379|1
2026-10-03|citilink:387_0|28017|1
2026-09-18|citilink:387_0|30258|1
2026-09-01|citilink:387_0|31379|1
2026-08-04|citilink:387_0|17798|1
2026-09-03|citilink:387_0|17139|1
2026-10-03|citilink:387_0|16480|1
2026-08-04|citilink:387_0|7322|1
2026-09-03|citilink:387_0|7051|1
2026-10-03|citilink:387_0|6780|1
2026-08-04|citilink:387_0|7322|1
2026-09-03|citilink:387_0|7051|1
2026-10-03|citilink:387_0|6780|1
2026-08-04|citilink:387_0|30370|1
2026-09-03|citilink:387_0|29245|1
2026-10-03|citilink:387_0|28120|1
2026-08-04|citilink:387_0|30056|1
2026-09-03|citilink:387_0|28943|1
2026-10-03|citilink:387_0|27830|1
2026-08-04|citilink:387_0|20725|1
2026-09-03|citilink:387_0|19958|1
2026-10-03|citilink:387_0|19190|1
2026-08-04|citilink:387_0|20293|1
2026-09-03|citilink:387_0|19542|1
2026-10-03|citilink:387_0|18790|1
