2026-10-03|citilink:174_0|4900|1
2026-09-18|citilink:174_0|5292|1
2026-09-03|citilink:174_0|5488|1
2026-10-03|citilink:174_0|4800|1
2026-09-18|citilink:174_0|5184|1
2026-09-03|citilink:174_0|5376|1
2026-10-03|citilink:174_0|4800|1
2026-09-18|citilink:174_0|5184|1
2026-09-01|citilink:174_0|5376|1
2026-10-03|citilink:174_0|4800|1
2026-09-18|citilink:174_0|5184|1
2026-09-01|citilink:174_0|5376|1
2026-10-03|citilink:174_0|4800|1
2026-09-18|citilink:174_0|5184|1
2026-09-01|citilink:174_0|5376|1
2026-10-03|citilink:174_0|4800|1
2026-09-18|citilink:174_0|5184|1
2026-09-01|citilink:174_0|5376|1
2026-08-04|citilink:174_0|12161|1
2026-09-03|citilink:174_0|11710|1
2026-10-03|citilink:174_0|11260|1
2026-08-04|citilink:174_0|16924|1
2026-09-03|citilink:174_0|16297|1
2026-10-03|citilink:174_0|15670|1
2026-08-04|citilink:174_0|16924|1
2026-09-03|citilink:174_0|16297|1
2026-10-03|citilink:174_0|15670|1
2026-08-04|citilink:174_0|61376|1
2026-09-03|citilink:174_0|59103|1
2026-10-03|citilink:174_0|56830|1
2026-08-04|citilink:174_0|62003|1
2026-09-03|citilink:174_0|59706|1
2026-10-03|citilink:174_0|57410|1
