2026-10-03|citilink:430_0|58331|1
2026-09-18|citilink:430_0|62997|1
2026-09-03|citilink:430_0|65331|1
2026-10-03|citilink:430_0|62818|1
2026-09-18|citilink:430_0|67843|1
2026-09-03|citilink:430_0|70356|1
2026-10-03|citilink:430_0|57690|1
2026-09-18|citilink:430_0|62305|1
2026-09-01|citilink:430_0|64613|1
2026-10-03|citilink:430_0|57690|1
2026-09-18|citilink:430_0|62305|1
2026-09-01|citilink:430_0|64613|1
2026-10-03|citilink:430_0|57690|1
2026-09-18|citilink:430_0|62305|1
2026-09-01|citilink:430_0|64613|1
2026-10-03|citilink:430_0|57690|1
2026-09-18|citilink:430_0|62305|1
2026-09-01|citilink:430_0|64613|1
2026-08-04|citilink:430_0|135617|1
2026-09-03|citilink:430_0|130594|1
2026-10-03|citilink:430_0|125571|1
2026-08-04|citilink:430_0|23577|1
2026-09-03|citilink:430_0|22704|1
2026-10-03|citilink:430_0|21831|1
2026-08-04|citilink:430_0|23577|1
2026-09-03|citilink:430_0|22704|1
2026-10-03|citilink:430_0|21831|1
2026-08-04|citilink:430_0|62889|1
2026-09-03|citilink:430_0|60560|1
2026-10-03|citilink:430_0|58231|1
2026-08-04|citilink:430_0|66344|1
2026-09-03|citilink:430_0|63887|1
2026-10-03|citilink:430_0|61430|1
2026-08-04|citilink:430_0|60124|1
2026-09-03|citilink:430_0|57897|1
2026-10-03|citilink:430_0|55670|1
2026-08-04|citilink:430_0|58849|1
2026-09-03|citilink:430_0|56670|1
2026-10-03|citilink:430_0|54490|1
