2026-10-03|citilink:2_0|7885|1
2026-09-18|citilink:2_0|8516|1
2026-09-03|citilink:2_0|8831|1
2026-10-03|citilink:2_0|8217|1
2026-09-18|citilink:2_0|8874|1
2026-09-03|citilink:2_0|9203|1
2026-10-03|citilink:2_0|7636|1
2026-09-18|citilink:2_0|8247|1
2026-09-01|citilink:2_0|8552|1
2026-10-03|citilink:2_0|7636|1
2026-09-18|citilink:2_0|8247|1
2026-09-01|citilink:2_0|8552|1
2026-10-03|citilink:2_0|7636|1
2026-09-18|citilink:2_0|8247|1
2026-09-01|citilink:2_0|8552|1
2026-10-03|citilink:2_0|7636|1
2026-09-18|citilink:2_0|8247|1
2026-09-01|citilink:2_0|8552|1
2026-08-04|citilink:2_0|245690|1
2026-09-03|citilink:2_0|236591|1
2026-10-03|citilink:2_0|227491|1
2026-08-04|citilink:2_0|11292|1
2026-09-03|citilink:2_0|10874|1
2026-10-03|citilink:2_0|10456|1
2026-08-04|citilink:2_0|11292|1
2026-09-03|citilink:2_0|10874|1
2026-10-03|citilink:2_0|10456|1
2026-08-04|citilink:2_0|11292|1
2026-09-03|citilink:2_0|10874|1
2026-10-03|citilink:2_0|10456|1
2026-08-04|citilink:2_0|10548|1
2026-09-03|citilink:2_0|10158|1
2026-10-03|citilink:2_0|9767|1
