2026-10-03|citilink:258_0|10710|1
2026-09-18|citilink:258_0|11567|1
2026-09-03|citilink:258_0|11995|1
2026-10-03|citilink:258_0|10829|1
2026-09-18|citilink:258_0|11695|1
2026-09-03|citilink:258_0|12128|1
2026-10-03|citilink:258_0|11543|1
2026-09-18|citilink:258_0|12466|1
2026-09-01|citilink:258_0|12928|1
2026-10-03|citilink:258_0|11543|1
2026-09-18|citilink:258_0|12466|1
2026-09-01|citilink:258_0|12928|1
2026-10-03|citilink:258_0|11543|1
2026-09-18|citilink:258_0|12466|1
2026-09-01|citilink:258_0|12928|1
2026-10-03|citilink:258_0|11543|1
2026-09-18|citilink:258_0|12466|1
2026-09-01|citilink:258_0|12928|1
2026-08-04|citilink:258_0|166331|1
2026-09-03|citilink:258_0|160170|1
2026-10-03|citilink:258_0|154010|1
2026-08-04|citilink:258_0|166331|1
2026-09-03|citilink:258_0|160170|1
2026-10-03|citilink:258_0|154010|1
2026-08-04|citilink:258_0|166331|1
2026-09-03|citilink:258_0|160170|1
2026-10-03|citilink:258_0|154010|1
