2026-10-03|citilink:120_0|13066|1
2026-09-18|citilink:120_0|14111|1
2026-09-03|citilink:120_0|14634|1
2026-10-03|citilink:120_0|14039|1
2026-09-18|citilink:120_0|15162|1
2026-09-03|citilink:120_0|15724|1
2026-10-03|citilink:120_0|12927|1
2026-09-18|citilink:120_0|13961|1
2026-09-01|citilink:120_0|14478|1
2026-10-03|citilink:120_0|12927|1
2026-09-18|citilink:120_0|13961|1
2026-09-01|citilink:120_0|14478|1
2026-10-03|citilink:120_0|12927|1
2026-09-18|citilink:120_0|13961|1
2026-09-01|citilink:120_0|14478|1
2026-10-03|citilink:120_0|12927|1
2026-09-18|citilink:120_0|13961|1
2026-09-01|citilink:120_0|14478|1
2026-08-04|citilink:120_0|44702|1
2026-09-03|citilink:120_0|43047|1
2026-10-03|citilink:120_0|41391|1
2026-08-04|citilink:120_0|170889|1
2026-09-03|citilink:120_0|164560|1
2026-10-03|citilink:120_0|158231|1
2026-08-04|citilink:120_0|170889|1
2026-09-03|citilink:120_0|164560|1
2026-10-03|citilink:120_0|158231|1
