2026-10-03|citilink:376_0|125421|1
2026-09-18|citilink:376_0|135455|1
2026-09-03|citilink:376_0|140472|1
2026-10-03|citilink:376_0|124128|1
2026-09-18|citilink:376_0|134058|1
2026-09-03|citilink:376_0|139023|1
2026-10-03|citilink:376_0|142230|1
2026-09-18|citilink:376_0|153608|1
2026-09-01|citilink:376_0|159298|1
2026-10-03|citilink:376_0|142230|1
2026-09-18|citilink:376_0|153608|1
2026-09-01|citilink:376_0|159298|1
2026-10-03|citilink:376_0|142230|1
2026-09-18|citilink:376_0|153608|1
2026-09-01|citilink:376_0|159298|1
2026-10-03|citilink:376_0|142230|1
2026-09-18|citilink:376_0|153608|1
2026-09-01|citilink:376_0|159298|1
2026-08-04|citilink:376_0|125378|1
2026-09-03|citilink:376_0|120735|1
2026-10-03|citilink:376_0|116091|1
2026-08-04|citilink:376_0|21374|1
2026-09-03|citilink:376_0|20583|1
2026-10-03|citilink:376_0|19791|1
2026-08-04|citilink:376_0|21374|1
2026-09-03|citilink:376_0|20583|1
2026-10-03|citilink:376_0|19791|1
2026-08-04|citilink:376_0|34010|1
2026-09-03|citilink:376_0|32751|1
2026-10-03|citilink:376_0|31491|1
2026-08-04|citilink:376_0|36655|1
2026-09-03|citilink:376_0|35298|1
2026-10-03|citilink:376_0|33940|1
