2026-10-03|citilink:234_0|53955|1
2026-09-18|citilink:234_0|58271|1
2026-09-03|citilink:234_0|60430|1
2026-10-03|citilink:234_0|51775|1
2026-09-18|citilink:234_0|55917|1
2026-09-03|citilink:234_0|57988|1
2026-10-03|citilink:234_0|49595|1
2026-09-18|citilink:234_0|53563|1
2026-09-01|citilink:234_0|55546|1
2026-10-03|citilink:234_0|49595|1
2026-09-18|citilink:234_0|53563|1
2026-09-01|citilink:234_0|55546|1
2026-10-03|citilink:234_0|49595|1
2026-09-18|citilink:234_0|53563|1
2026-09-01|citilink:234_0|55546|1
2026-10-03|citilink:234_0|49595|1
2026-09-18|citilink:234_0|53563|1
2026-09-01|citilink:234_0|55546|1
2026-08-04|citilink:234_0|15056|1
2026-09-03|citilink:234_0|14499|1
2026-10-03|citilink:234_0|13941|1
2026-08-04|citilink:234_0|21374|1
2026-09-03|citilink:234_0|20583|1
2026-10-03|citilink:234_0|19791|1
2026-08-04|citilink:234_0|21374|1
2026-09-03|citilink:234_0|20583|1
2026-10-03|citilink:234_0|19791|1
2026-08-04|citilink:234_0|12626|1
2026-09-03|citilink:234_0|12159|1
2026-10-03|citilink:234_0|11691|1
2026-08-04|citilink:234_0|13468|1
2026-09-03|citilink:234_0|12969|1
2026-10-03|citilink:234_0|12470|1
