2026-10-03|citilink:249_0|26663|1
2026-09-18|citilink:249_0|28796|1
2026-09-03|citilink:249_0|29863|1
2026-10-03|citilink:249_0|26956|1
2026-09-18|citilink:249_0|29112|1
2026-09-03|citilink:249_0|30191|1
2026-10-03|citilink:249_0|28128|1
2026-09-18|citilink:249_0|30378|1
2026-09-01|citilink:249_0|31503|1
2026-10-03|citilink:249_0|28128|1
2026-09-18|citilink:249_0|30378|1
2026-09-01|citilink:249_0|31503|1
2026-10-03|citilink:249_0|28128|1
2026-09-18|citilink:249_0|30378|1
2026-09-01|citilink:249_0|31503|1
2026-10-03|citilink:249_0|28128|1
2026-09-18|citilink:249_0|30378|1
2026-09-01|citilink:249_0|31503|1
2026-08-04|citilink:249_0|170306|1
2026-09-03|citilink:249_0|163999|1
2026-10-03|citilink:249_0|157691|1
2026-08-04|citilink:249_0|17432|1
2026-09-03|citilink:249_0|16787|1
2026-10-03|citilink:249_0|16141|1
2026-08-04|citilink:249_0|17432|1
2026-09-03|citilink:249_0|16787|1
2026-10-03|citilink:249_0|16141|1
