2026-10-03|citilink:22_0|205766|1
2026-09-18|citilink:22_0|222227|1
2026-09-03|citilink:22_0|230458|1
2026-10-03|citilink:22_0|210144|1
2026-09-18|citilink:22_0|226956|1
2026-09-03|citilink:22_0|235361|1
2026-10-03|citilink:22_0|205766|1
2026-09-18|citilink:22_0|222227|1
2026-09-01|citilink:22_0|230458|1
2026-10-03|citilink:22_0|205766|1
2026-09-18|citilink:22_0|222227|1
2026-09-01|citilink:22_0|230458|1
2026-10-03|citilink:22_0|205766|1
2026-09-18|citilink:22_0|222227|1
2026-09-01|citilink:22_0|230458|1
2026-10-03|citilink:22_0|205766|1
2026-09-18|citilink:22_0|222227|1
2026-09-01|citilink:22_0|230458|1
2026-08-04|citilink:22_0|58245|1
2026-09-03|citilink:22_0|56088|1
2026-10-03|citilink:22_0|53931|1
2026-08-04|citilink:22_0|70298|1
2026-09-03|citilink:22_0|67695|1
2026-10-03|citilink:22_0|65091|1
