2026-10-03|citilink:278_0|40940|1
2026-09-18|citilink:278_0|44215|1
2026-09-03|citilink:278_0|45853|1
2026-10-03|citilink:278_0|41830|1
2026-09-18|citilink:278_0|45176|1
2026-09-03|citilink:278_0|46850|1
2026-10-03|citilink:278_0|44055|1
2026-09-18|citilink:278_0|47579|1
2026-09-01|citilink:278_0|49342|1
2026-10-03|citilink:278_0|44055|1
2026-09-18|citilink:278_0|47579|1
2026-09-01|citilink:278_0|49342|1
2026-10-03|citilink:278_0|44055|1
2026-09-18|citilink:278_0|47579|1
2026-09-01|citilink:278_0|49342|1
2026-10-03|citilink:278_0|44055|1
2026-09-18|citilink:278_0|47579|1
2026-09-01|citilink:278_0|49342|1
2026-08-04|citilink:278_0|65838|1
2026-09-03|citilink:278_0|63399|1
2026-10-03|citilink:278_0|60961|1
2026-08-04|citilink:278_0|69769|1
2026-09-03|citilink:278_0|67185|1
2026-10-03|citilink:278_0|64601|1
