2026-10-03|citilink:157_0|204135|1
2026-09-18|citilink:157_0|220466|1
2026-09-03|citilink:157_0|228631|1
2026-10-03|citilink:157_0|226085|1
2026-09-18|citilink:157_0|244172|1
2026-09-03|citilink:157_0|253215|1
2026-10-03|citilink:157_0|197550|1
2026-09-18|citilink:157_0|213354|1
2026-09-01|citilink:157_0|221256|1
2026-10-03|citilink:157_0|197550|1
2026-09-18|citilink:157_0|213354|1
2026-09-01|citilink:157_0|221256|1
2026-10-03|citilink:157_0|197550|1
2026-09-18|citilink:157_0|213354|1
2026-09-01|citilink:157_0|221256|1
2026-10-03|citilink:157_0|197550|1
2026-09-18|citilink:157_0|213354|1
2026-09-01|citilink:157_0|221256|1
2026-08-04|citilink:157_0|117926|1
2026-09-03|citilink:157_0|113559|1
2026-10-03|citilink:157_0|109191|1
2026-08-04|citilink:157_0|13258|1
2026-09-03|citilink:157_0|12767|1
2026-10-03|citilink:157_0|12276|1
2026-08-04|citilink:157_0|13258|1
2026-09-03|citilink:157_0|12767|1
2026-10-03|citilink:157_0|12276|1
2026-08-04|citilink:157_0|61415|1
2026-09-03|citilink:157_0|59141|1
2026-10-03|citilink:157_0|56866|1
