2026-10-03|citilink:413_0|67997|1
2026-09-18|citilink:413_0|73437|1
2026-09-03|citilink:413_0|76157|1
2026-10-03|citilink:413_0|66595|1
2026-09-18|citilink:413_0|71923|1
2026-09-03|citilink:413_0|74586|1
2026-10-03|citilink:413_0|66595|1
2026-09-18|citilink:413_0|71923|1
2026-09-01|citilink:413_0|74586|1
2026-10-03|citilink:413_0|66595|1
2026-09-18|citilink:413_0|71923|1
2026-09-01|citilink:413_0|74586|1
2026-10-03|citilink:413_0|66595|1
2026-09-18|citilink:413_0|71923|1
2026-09-01|citilink:413_0|74586|1
2026-10-03|citilink:413_0|66595|1
2026-09-18|citilink:413_0|71923|1
2026-09-01|citilink:413_0|74586|1
2026-08-04|citilink:413_0|26105|1
2026-09-03|citilink:413_0|25138|1
2026-10-03|citilink:413_0|24171|1
2026-08-04|citilink:413_0|30122|1
2026-09-03|citilink:413_0|29007|1
2026-10-03|citilink:413_0|27891|1
