2026-10-03|citilink:109_0|95904|1
2026-09-18|citilink:109_0|103576|1
2026-09-03|citilink:109_0|107412|1
2026-10-03|citilink:109_0|92907|1
2026-09-18|citilink:109_0|100340|1
2026-09-03|citilink:109_0|104056|1
2026-10-03|citilink:109_0|90909|1
2026-09-18|citilink:109_0|98182|1
2026-09-01|citilink:109_0|101818|1
2026-10-03|citilink:109_0|90909|1
2026-09-18|citilink:109_0|98182|1
2026-09-01|citilink:109_0|101818|1
2026-10-03|citilink:109_0|90909|1
2026-09-18|citilink:109_0|98182|1
2026-09-01|citilink:109_0|101818|1
2026-10-03|citilink:109_0|90909|1
2026-09-18|citilink:109_0|98182|1
2026-09-01|citilink:109_0|101818|1
2026-08-04|citilink:109_0|297293|1
2026-09-03|citilink:109_0|286282|1
2026-10-03|citilink:109_0|275271|1
2026-08-04|citilink:109_0|6017|1
2026-09-03|citilink:109_0|5794|1
2026-10-03|citilink:109_0|5571|1
2026-08-04|citilink:109_0|6017|1
2026-09-03|citilink:109_0|5794|1
2026-10-03|citilink:109_0|5571|1
2026-08-04|citilink:109_0|64272|1
2026-09-03|citilink:109_0|61891|1
2026-10-03|citilink:109_0|59511|1
