2026-10-03|citilink:365_0|68356|1
2026-09-18|citilink:365_0|73824|1
2026-09-03|citilink:365_0|76559|1
2026-10-03|citilink:365_0|68356|1
2026-09-18|citilink:365_0|73824|1
2026-09-03|citilink:365_0|76559|1
2026-10-03|citilink:365_0|70585|1
2026-09-18|citilink:365_0|76232|1
2026-09-01|citilink:365_0|79055|1
2026-10-03|citilink:365_0|70585|1
2026-09-18|citilink:365_0|76232|1
2026-09-01|citilink:365_0|79055|1
2026-10-03|citilink:365_0|70585|1
2026-09-18|citilink:365_0|76232|1
2026-09-01|citilink:365_0|79055|1
2026-10-03|citilink:365_0|70585|1
2026-09-18|citilink:365_0|76232|1
2026-09-01|citilink:365_0|79055|1
2026-08-04|citilink:365_0|71918|1
2026-09-03|citilink:365_0|69255|1
2026-10-03|citilink:365_0|66591|1
