2026-10-03|citilink:102_0|23030|1
2026-09-18|citilink:102_0|24872|1
2026-09-03|citilink:102_0|25794|1
2026-10-03|citilink:102_0|21385|1
2026-09-18|citilink:102_0|23096|1
2026-09-03|citilink:102_0|23951|1
2026-10-03|citilink:102_0|21620|1
2026-09-18|citilink:102_0|23350|1
2026-09-01|citilink:102_0|24214|1
2026-10-03|citilink:102_0|21620|1
2026-09-18|citilink:102_0|23350|1
2026-09-01|citilink:102_0|24214|1
2026-10-03|citilink:102_0|21620|1
2026-09-18|citilink:102_0|23350|1
2026-09-01|citilink:102_0|24214|1
2026-10-03|citilink:102_0|21620|1
2026-09-18|citilink:102_0|23350|1
2026-09-01|citilink:102_0|24214|1
2026-08-04|citilink:102_0|119006|1
2026-09-03|citilink:102_0|114599|1
2026-10-03|citilink:102_0|110191|1
2026-08-04|citilink:102_0|20510|1
2026-09-03|citilink:102_0|19751|1
2026-10-03|citilink:102_0|18991|1
2026-08-04|citilink:102_0|20510|1
2026-09-03|citilink:102_0|19751|1
2026-10-03|citilink:102_0|18991|1
2026-08-04|citilink:102_0|67193|1
2026-09-03|citilink:102_0|64705|1
2026-10-03|citilink:102_0|62216|1
2026-08-04|citilink:102_0|67900|1
2026-09-03|citilink:102_0|65385|1
2026-10-03|citilink:102_0|62870|1
2026-08-04|citilink:102_0|60124|1
2026-09-03|citilink:102_0|57897|1
2026-10-03|citilink:102_0|55670|1
