2026-10-03|citilink:358_0|61194|1
2026-09-18|citilink:358_0|66090|1
2026-09-03|citilink:358_0|68537|1
2026-10-03|citilink:358_0|61845|1
2026-09-18|citilink:358_0|66793|1
2026-09-03|citilink:358_0|69266|1
2026-10-03|citilink:358_0|62496|1
2026-09-18|citilink:358_0|67496|1
2026-09-01|citilink:358_0|69996|1
2026-10-03|citilink:358_0|62496|1
2026-09-18|citilink:358_0|67496|1
2026-09-01|citilink:358_0|69996|1
2026-10-03|citilink:358_0|62496|1
2026-09-18|citilink:358_0|67496|1
2026-09-01|citilink:358_0|69996|1
2026-10-03|citilink:358_0|62496|1
2026-09-18|citilink:358_0|67496|1
2026-09-01|citilink:358_0|69996|1
2026-08-04|citilink:358_0|147637|1
2026-09-03|citilink:358_0|142169|1
2026-10-03|citilink:358_0|136701|1
2026-08-04|citilink:358_0|14052|1
2026-09-03|citilink:358_0|13531|1
2026-10-03|citilink:358_0|13011|1
