2026-10-03|citilink:363_0|13050|1
2026-09-18|citilink:363_0|14094|1
2026-09-03|citilink:363_0|14616|1
2026-10-03|citilink:363_0|13050|1
2026-09-18|citilink:363_0|14094|1
2026-09-03|citilink:363_0|14616|1
2026-10-03|citilink:363_0|13920|1
2026-09-18|citilink:363_0|15034|1
2026-09-01|citilink:363_0|15590|1
2026-10-03|citilink:363_0|13920|1
2026-09-18|citilink:363_0|15034|1
2026-09-01|citilink:363_0|15590|1
2026-10-03|citilink:363_0|13920|1
2026-09-18|citilink:363_0|15034|1
2026-09-01|citilink:363_0|15590|1
2026-10-03|citilink:363_0|13920|1
2026-09-18|citilink:363_0|15034|1
2026-09-01|citilink:363_0|15590|1
2026-08-04|citilink:363_0|129558|1
2026-09-03|citilink:363_0|124759|1
2026-10-03|citilink:363_0|119961|1
