2026-10-03|citilink:106_0|60076|1
2026-09-18|citilink:106_0|64882|1
2026-09-03|citilink:106_0|67285|1
2026-10-03|citilink:106_0|60729|1
2026-09-18|citilink:106_0|65587|1
2026-09-03|citilink:106_0|68016|1
2026-10-03|citilink:106_0|62688|1
2026-09-18|citilink:106_0|67703|1
2026-09-01|citilink:106_0|70211|1
2026-10-03|citilink:106_0|62688|1
2026-09-18|citilink:106_0|67703|1
2026-09-01|citilink:106_0|70211|1
2026-10-03|citilink:106_0|62688|1
2026-09-18|citilink:106_0|67703|1
2026-09-01|citilink:106_0|70211|1
2026-10-03|citilink:106_0|62688|1
2026-09-18|citilink:106_0|67703|1
2026-09-01|citilink:106_0|70211|1
2026-08-04|citilink:106_0|137225|1
2026-09-03|citilink:106_0|132142|1
2026-10-03|citilink:106_0|127060|1
2026-08-04|citilink:106_0|9941|1
2026-09-03|citilink:106_0|9573|1
2026-10-03|citilink:106_0|9205|1
2026-08-04|citilink:106_0|9941|1
2026-09-03|citilink:106_0|9573|1
2026-10-03|citilink:106_0|9205|1
2026-08-04|citilink:106_0|21465|1
2026-09-03|citilink:106_0|20670|1
2026-10-03|citilink:106_0|19875|1
2026-08-04|citilink:106_0|18589|1
2026-09-03|citilink:106_0|17900|1
2026-10-03|citilink:106_0|17212|1
