2026-10-03|citilink:362_0|11067|1
2026-09-18|citilink:362_0|11952|1
2026-09-03|citilink:362_0|12395|1
2026-10-03|citilink:362_0|11186|1
2026-09-18|citilink:362_0|12081|1
2026-09-03|citilink:362_0|12528|1
2026-10-03|citilink:362_0|11781|1
2026-09-18|citilink:362_0|12723|1
2026-09-01|citilink:362_0|13195|1
2026-10-03|citilink:362_0|11781|1
2026-09-18|citilink:362_0|12723|1
2026-09-01|citilink:362_0|13195|1
2026-10-03|citilink:362_0|11781|1
2026-09-18|citilink:362_0|12723|1
2026-09-01|citilink:362_0|13195|1
2026-10-03|citilink:362_0|11781|1
2026-09-18|citilink:362_0|12723|1
2026-09-01|citilink:362_0|13195|1
2026-08-04|citilink:362_0|249621|1
2026-09-03|citilink:362_0|240376|1
2026-10-03|citilink:362_0|231131|1
