2026-10-03|citilink:377_0|63245|1
2026-09-18|citilink:377_0|68305|1
2026-09-03|citilink:377_0|70834|1
2026-10-03|citilink:377_0|68805|1
2026-09-18|citilink:377_0|74309|1
2026-09-03|citilink:377_0|77062|1
2026-10-03|citilink:377_0|64635|1
2026-09-18|citilink:377_0|69806|1
2026-09-01|citilink:377_0|72391|1
2026-10-03|citilink:377_0|64635|1
2026-09-18|citilink:377_0|69806|1
2026-09-01|citilink:377_0|72391|1
2026-10-03|citilink:377_0|64635|1
2026-09-18|citilink:377_0|69806|1
2026-09-01|citilink:377_0|72391|1
2026-10-03|citilink:377_0|64635|1
2026-09-18|citilink:377_0|69806|1
2026-09-01|citilink:377_0|72391|1
2026-08-04|citilink:377_0|387752|1
2026-09-03|citilink:377_0|373391|1
2026-10-03|citilink:377_0|359030|1
2026-08-04|citilink:377_0|23317|1
2026-09-03|citilink:377_0|22454|1
2026-10-03|citilink:377_0|21590|1
2026-08-04|citilink:377_0|23317|1
2026-09-03|citilink:377_0|22454|1
2026-10-03|citilink:377_0|21590|1
2026-08-04|citilink:377_0|56495|1
2026-09-03|citilink:377_0|54402|1
2026-10-03|citilink:377_0|52310|1
2026-08-04|citilink:377_0|49434|1
2026-09-03|citilink:377_0|47603|1
2026-10-03|citilink:377_0|45772|1
2026-08-04|citilink:377_0|42630|1
2026-09-03|citilink:377_0|41051|1
2026-10-03|citilink:377_0|39472|1
2026-08-04|citilink:377_0|51073|1
2026-09-03|citilink:377_0|49182|1
2026-10-03|citilink:377_0|47290|1
