2026-10-03|citilink:152_0|95235|1
2026-09-18|citilink:152_0|102854|1
2026-09-03|citilink:152_0|106663|1
2026-10-03|citilink:152_0|84351|1
2026-09-18|citilink:152_0|91099|1
2026-09-03|citilink:152_0|94473|1
2026-10-03|citilink:152_0|83444|1
2026-09-18|citilink:152_0|90120|1
2026-09-01|citilink:152_0|93457|1
2026-10-03|citilink:152_0|83444|1
2026-09-18|citilink:152_0|90120|1
2026-09-01|citilink:152_0|93457|1
2026-10-03|citilink:152_0|83444|1
2026-09-18|citilink:152_0|90120|1
2026-09-01|citilink:152_0|93457|1
2026-10-03|citilink:152_0|83444|1
2026-09-18|citilink:152_0|90120|1
2026-09-01|citilink:152_0|93457|1
2026-08-04|citilink:152_0|245690|1
2026-09-03|citilink:152_0|236591|1
2026-10-03|citilink:152_0|227491|1
2026-08-04|citilink:152_0|46182|1
2026-09-03|citilink:152_0|44471|1
2026-10-03|citilink:152_0|42761|1
2026-08-04|citilink:152_0|46182|1
2026-09-03|citilink:152_0|44471|1
2026-10-03|citilink:152_0|42761|1
