2026-10-03|citilink:408_0|15435|1
2026-09-18|citilink:408_0|16670|1
2026-09-03|citilink:408_0|17287|1
2026-10-03|citilink:408_0|14847|1
2026-09-18|citilink:408_0|16035|1
2026-09-03|citilink:408_0|16629|1
2026-10-03|citilink:408_0|14112|1
2026-09-18|citilink:408_0|15241|1
2026-09-01|citilink:408_0|15805|1
2026-10-03|citilink:408_0|14112|1
2026-09-18|citilink:408_0|15241|1
2026-09-01|citilink:408_0|15805|1
2026-10-03|citilink:408_0|14112|1
2026-09-18|citilink:408_0|15241|1
2026-09-01|citilink:408_0|15805|1
2026-10-03|citilink:408_0|14112|1
2026-09-18|citilink:408_0|15241|1
2026-09-01|citilink:408_0|15805|1
2026-08-04|citilink:408_0|151655|1
2026-09-03|citilink:408_0|146038|1
2026-10-03|citilink:408_0|140421|1
2026-08-04|citilink:408_0|180782|1
2026-09-03|citilink:408_0|174087|1
2026-10-03|citilink:408_0|167391|1
2026-08-04|citilink:408_0|180782|1
2026-09-03|citilink:408_0|174087|1
2026-10-03|citilink:408_0|167391|1
2026-08-04|citilink:408_0|30624|1
2026-09-03|citilink:408_0|29490|1
2026-10-03|citilink:408_0|28356|1
2026-08-04|citilink:408_0|31612|1
2026-09-03|citilink:408_0|30441|1
2026-10-03|citilink:408_0|29270|1
2026-08-04|citilink:408_0|30056|1
2026-09-03|citilink:408_0|28943|1
2026-10-03|citilink:408_0|27830|1
