2026-10-03|citilink:200_0|4042|1
2026-09-18|citilink:200_0|4365|1
2026-09-03|citilink:200_0|4527|1
2026-10-03|citilink:200_0|3913|1
2026-09-18|citilink:200_0|4226|1
2026-09-03|citilink:200_0|4383|1
2026-10-03|citilink:200_0|3870|1
2026-09-18|citilink:200_0|4180|1
2026-09-01|citilink:200_0|4334|1
2026-10-03|citilink:200_0|3870|1
2026-09-18|citilink:200_0|4180|1
2026-09-01|citilink:200_0|4334|1
2026-10-03|citilink:200_0|3870|1
2026-09-18|citilink:200_0|4180|1
2026-09-01|citilink:200_0|4334|1
2026-10-03|citilink:200_0|3870|1
2026-09-18|citilink:200_0|4180|1
2026-09-01|citilink:200_0|4334|1
2026-08-04|citilink:200_0|176894|1
2026-09-03|citilink:200_0|170343|1
2026-10-03|citilink:200_0|163791|1
2026-08-04|citilink:200_0|130238|1
2026-09-03|citilink:200_0|125415|1
2026-10-03|citilink:200_0|120591|1
2026-08-04|citilink:200_0|130238|1
2026-09-03|citilink:200_0|125415|1
2026-10-03|citilink:200_0|120591|1
2026-08-04|citilink:200_0|32552|1
2026-09-03|citilink:200_0|31347|1
2026-10-03|citilink:200_0|30141|1
2026-08-04|citilink:200_0|30021|1
2026-09-03|citilink:200_0|28909|1
2026-10-03|citilink:200_0|27797|1
2026-08-04|citilink:200_0|25987|1
2026-09-03|citilink:200_0|25024|1
2026-10-03|citilink:200_0|24062|1
