2026-10-03|citilink:456_0|23214|1
2026-09-18|citilink:456_0|25071|1
2026-09-03|citilink:456_0|26000|1
2026-10-03|citilink:456_0|19710|1
2026-09-18|citilink:456_0|21287|1
2026-09-03|citilink:456_0|22075|1
2026-10-03|citilink:456_0|20805|1
2026-09-18|citilink:456_0|22469|1
2026-09-01|citilink:456_0|23302|1
2026-10-03|citilink:456_0|20805|1
2026-09-18|citilink:456_0|22469|1
2026-09-01|citilink:456_0|23302|1
2026-10-03|citilink:456_0|20805|1
2026-09-18|citilink:456_0|22469|1
2026-09-01|citilink:456_0|23302|1
2026-10-03|citilink:456_0|20805|1
2026-09-18|citilink:456_0|22469|1
2026-09-01|citilink:456_0|23302|1
2026-08-04|citilink:456_0|36277|1
2026-09-03|citilink:456_0|34934|1
2026-10-03|citilink:456_0|33590|1
2026-08-04|citilink:456_0|18652|1
2026-09-03|citilink:456_0|17961|1
2026-10-03|citilink:456_0|17270|1
2026-08-04|citilink:456_0|18652|1
2026-09-03|citilink:456_0|17961|1
2026-10-03|citilink:456_0|17270|1
