2026-10-03|citilink:151_0|31950|1
2026-09-18|citilink:151_0|34506|1
2026-09-03|citilink:151_0|35784|1
2026-10-03|citilink:151_0|33725|1
2026-09-18|citilink:151_0|36423|1
2026-09-03|citilink:151_0|37772|1
2026-10-03|citilink:151_0|34435|1
2026-09-18|citilink:151_0|37190|1
2026-09-01|citilink:151_0|38567|1
2026-10-03|citilink:151_0|34435|1
2026-09-18|citilink:151_0|37190|1
2026-09-01|citilink:151_0|38567|1
2026-10-03|citilink:151_0|34435|1
2026-09-18|citilink:151_0|37190|1
2026-09-01|citilink:151_0|38567|1
2026-10-03|citilink:151_0|34435|1
2026-09-18|citilink:151_0|37190|1
2026-09-01|citilink:151_0|38567|1
2026-08-04|citilink:151_0|218582|1
2026-09-03|citilink:151_0|210487|1
2026-10-03|citilink:151_0|202391|1
