2026-10-03|citilink:254_0|7290|1
2026-09-18|citilink:254_0|7873|1
2026-09-03|citilink:254_0|8165|1
2026-10-03|citilink:254_0|7371|1
2026-09-18|citilink:254_0|7961|1
2026-09-03|citilink:254_0|8256|1
2026-10-03|citilink:254_0|7533|1
2026-09-18|citilink:254_0|8136|1
2026-09-01|citilink:254_0|8437|1
2026-10-03|citilink:254_0|7533|1
2026-09-18|citilink:254_0|8136|1
2026-09-01|citilink:254_0|8437|1
2026-10-03|citilink:254_0|7533|1
2026-09-18|citilink:254_0|8136|1
2026-09-01|citilink:254_0|8437|1
2026-10-03|citilink:254_0|7533|1
2026-09-18|citilink:254_0|8136|1
2026-09-01|citilink:254_0|8437|1
2026-08-04|citilink:254_0|118909|1
2026-09-03|citilink:254_0|114505|1
2026-10-03|citilink:254_0|110101|1
2026-08-04|citilink:254_0|13258|1
2026-09-03|citilink:254_0|12767|1
2026-10-03|citilink:254_0|12276|1
