2026-10-03|citilink:209_0|14322|1
2026-09-18|citilink:209_0|15468|1
2026-09-03|citilink:209_0|16041|1
2026-10-03|citilink:209_0|15554|1
2026-09-18|citilink:209_0|16798|1
2026-09-03|citilink:209_0|17420|1
2026-10-03|citilink:209_0|14168|1
2026-09-18|citilink:209_0|15301|1
2026-09-01|citilink:209_0|15868|1
2026-10-03|citilink:209_0|14168|1
2026-09-18|citilink:209_0|15301|1
2026-09-01|citilink:209_0|15868|1
2026-10-03|citilink:209_0|14168|1
2026-09-18|citilink:209_0|15301|1
2026-09-01|citilink:209_0|15868|1
2026-10-03|citilink:209_0|14168|1
2026-09-18|citilink:209_0|15301|1
2026-09-01|citilink:209_0|15868|1
2026-08-04|citilink:209_0|190761|1
2026-09-03|citilink:209_0|183696|1
2026-10-03|citilink:209_0|176631|1
2026-08-04|citilink:209_0|18869|1
2026-09-03|citilink:209_0|18170|1
2026-10-03|citilink:209_0|17471|1
2026-08-04|citilink:209_0|18869|1
2026-09-03|citilink:209_0|18170|1
2026-10-03|citilink:209_0|17471|1
2026-08-04|citilink:209_0|54141|1
2026-09-03|citilink:209_0|52136|1
2026-10-03|citilink:209_0|50131|1
2026-08-04|citilink:209_0|56495|1
2026-09-03|citilink:209_0|54402|1
2026-10-03|citilink:209_0|52310|1
2026-08-04|citilink:209_0|48719|1
2026-09-03|citilink:209_0|46914|1
2026-10-03|citilink:209_0|45110|1
2026-08-04|citilink:209_0|55825|1
2026-09-03|citilink:209_0|53758|1
2026-10-03|citilink:209_0|51690|1
