2026-10-03|citilink:465_0|32130|1
2026-09-18|citilink:465_0|34700|1
2026-09-03|citilink:465_0|35986|1
2026-10-03|citilink:465_0|28665|1
2026-09-18|citilink:465_0|30958|1
2026-09-03|citilink:465_0|32105|1
2026-10-03|citilink:465_0|29925|1
2026-09-18|citilink:465_0|32319|1
2026-09-01|citilink:465_0|33516|1
2026-10-03|citilink:465_0|29925|1
2026-09-18|citilink:465_0|32319|1
2026-09-01|citilink:465_0|33516|1
2026-10-03|citilink:465_0|29925|1
2026-09-18|citilink:465_0|32319|1
2026-09-01|citilink:465_0|33516|1
2026-10-03|citilink:465_0|29925|1
2026-09-18|citilink:465_0|32319|1
2026-09-01|citilink:465_0|33516|1
2026-08-04|citilink:465_0|77750|1
2026-09-03|citilink:465_0|74871|1
2026-10-03|citilink:465_0|71991|1
