2026-10-03|citilink:122_0|111954|1
2026-09-18|citilink:122_0|120910|1
2026-09-03|citilink:122_0|125388|1
2026-10-03|citilink:122_0|113145|1
2026-09-18|citilink:122_0|122197|1
2026-09-03|citilink:122_0|126722|1
2026-10-03|citilink:122_0|111954|1
2026-09-18|citilink:122_0|120910|1
2026-09-01|citilink:122_0|125388|1
2026-10-03|citilink:122_0|111954|1
2026-09-18|citilink:122_0|120910|1
2026-09-01|citilink:122_0|125388|1
2026-10-03|citilink:122_0|111954|1
2026-09-18|citilink:122_0|120910|1
2026-09-01|citilink:122_0|125388|1
2026-10-03|citilink:122_0|111954|1
2026-09-18|citilink:122_0|120910|1
2026-09-01|citilink:122_0|125388|1
2026-08-04|citilink:122_0|270270|1
2026-09-03|citilink:122_0|260260|1
2026-10-03|citilink:122_0|250250|1
2026-08-04|citilink:122_0|80654|1
2026-09-03|citilink:122_0|77667|1
2026-10-03|citilink:122_0|74680|1
