2026-10-03|citilink:357_0|49959|1
2026-09-18|citilink:357_0|53956|1
2026-09-03|citilink:357_0|55954|1
2026-10-03|citilink:357_0|49959|1
2026-09-18|citilink:357_0|53956|1
2026-09-03|citilink:357_0|55954|1
2026-10-03|citilink:357_0|49959|1
2026-09-18|citilink:357_0|53956|1
2026-09-01|citilink:357_0|55954|1
2026-10-03|citilink:357_0|49959|1
2026-09-18|citilink:357_0|53956|1
2026-09-01|citilink:357_0|55954|1
2026-10-03|citilink:357_0|49959|1
2026-09-18|citilink:357_0|53956|1
2026-09-01|citilink:357_0|55954|1
2026-10-03|citilink:357_0|49959|1
2026-09-18|citilink:357_0|53956|1
2026-09-01|citilink:357_0|55954|1
2026-08-04|citilink:357_0|16027|1
2026-09-03|citilink:357_0|15434|1
2026-10-03|citilink:357_0|14840|1
2026-08-04|citilink:357_0|24581|1
2026-09-03|citilink:357_0|23670|1
2026-10-03|citilink:357_0|22760|1
2026-08-04|citilink:357_0|24581|1
2026-09-03|citilink:357_0|23670|1
2026-10-03|citilink:357_0|22760|1
2026-08-04|citilink:357_0|62003|1
2026-09-03|citilink:357_0|59706|1
2026-10-03|citilink:357_0|57410|1
