2026-10-03|citilink:323_0|30738|1
2026-09-18|citilink:323_0|33197|1
2026-09-03|citilink:323_0|34427|1
2026-10-03|citilink:323_0|30738|1
2026-09-18|citilink:323_0|33197|1
2026-09-03|citilink:323_0|34427|1
2026-10-03|citilink:323_0|29430|1
2026-09-18|citilink:323_0|31784|1
2026-09-01|citilink:323_0|32962|1
2026-10-03|citilink:323_0|29430|1
2026-09-18|citilink:323_0|31784|1
2026-09-01|citilink:323_0|32962|1
2026-10-03|citilink:323_0|29430|1
2026-09-18|citilink:323_0|31784|1
2026-09-01|citilink:323_0|32962|1
2026-10-03|citilink:323_0|29430|1
2026-09-18|citilink:323_0|31784|1
2026-09-01|citilink:323_0|32962|1
2026-08-04|citilink:323_0|19279|1
2026-09-03|citilink:323_0|18565|1
2026-10-03|citilink:323_0|17851|1
2026-08-04|citilink:323_0|18315|1
2026-09-03|citilink:323_0|17636|1
2026-10-03|citilink:323_0|16958|1
