2026-10-03|citilink:67_0|219100|1
2026-09-18|citilink:67_0|236628|1
2026-09-03|citilink:67_0|245392|1
2026-10-03|citilink:67_0|212527|1
2026-09-18|citilink:67_0|229529|1
2026-09-03|citilink:67_0|238030|1
2026-10-03|citilink:67_0|212527|1
2026-09-18|citilink:67_0|229529|1
2026-09-01|citilink:67_0|238030|1
2026-10-03|citilink:67_0|212527|1
2026-09-18|citilink:67_0|229529|1
2026-09-01|citilink:67_0|238030|1
2026-10-03|citilink:67_0|212527|1
2026-09-18|citilink:67_0|229529|1
2026-09-01|citilink:67_0|238030|1
2026-10-03|citilink:67_0|212527|1
2026-09-18|citilink:67_0|229529|1
2026-09-01|citilink:67_0|238030|1
2026-08-04|citilink:67_0|123197|1
2026-09-03|citilink:67_0|118634|1
2026-10-03|citilink:67_0|114071|1
