2026-10-03|citilink:150_0|31008|1
2026-09-18|citilink:150_0|33489|1
2026-09-03|citilink:150_0|34729|1
2026-10-03|citilink:150_0|30039|1
2026-09-18|citilink:150_0|32442|1
2026-09-03|citilink:150_0|33644|1
2026-10-03|citilink:150_0|29393|1
2026-09-18|citilink:150_0|31744|1
2026-09-01|citilink:150_0|32920|1
2026-10-03|citilink:150_0|29393|1
2026-09-18|citilink:150_0|31744|1
2026-09-01|citilink:150_0|32920|1
2026-10-03|citilink:150_0|29393|1
2026-09-18|citilink:150_0|31744|1
2026-09-01|citilink:150_0|32920|1
2026-10-03|citilink:150_0|29393|1
2026-09-18|citilink:150_0|31744|1
2026-09-01|citilink:150_0|32920|1
2026-08-04|citilink:150_0|49734|1
2026-09-03|citilink:150_0|47892|1
2026-10-03|citilink:150_0|46050|1
