2026-10-03|citilink:310_0|123556|1
2026-09-18|citilink:310_0|133440|1
2026-09-03|citilink:310_0|138383|1
2026-10-03|citilink:310_0|126242|1
2026-09-18|citilink:310_0|136341|1
2026-09-03|citilink:310_0|141391|1
2026-10-03|citilink:310_0|132957|1
2026-09-18|citilink:310_0|143594|1
2026-09-01|citilink:310_0|148912|1
2026-10-03|citilink:310_0|132957|1
2026-09-18|citilink:310_0|143594|1
2026-09-01|citilink:310_0|148912|1
2026-10-03|citilink:310_0|132957|1
2026-09-18|citilink:310_0|143594|1
2026-09-01|citilink:310_0|148912|1
2026-10-03|citilink:310_0|132957|1
2026-09-18|citilink:310_0|143594|1
2026-09-01|citilink:310_0|148912|1
2026-08-04|citilink:310_0|126350|1
2026-09-03|citilink:310_0|121671|1
2026-10-03|citilink:310_0|116991|1
2026-08-04|citilink:310_0|29150|1
2026-09-03|citilink:310_0|28071|1
2026-10-03|citilink:310_0|26991|1
2026-08-04|citilink:310_0|29150|1
2026-09-03|citilink:310_0|28071|1
2026-10-03|citilink:310_0|26991|1
2026-08-04|citilink:310_0|60740|1
2026-09-03|citilink:310_0|58491|1
2026-10-03|citilink:310_0|56241|1
2026-08-04|citilink:310_0|64115|1
2026-09-03|citilink:310_0|61741|1
2026-10-03|citilink:310_0|59366|1
