2026-10-03|citilink:54_0|50869|1
2026-09-18|citilink:54_0|54939|1
2026-09-03|citilink:54_0|56973|1
2026-10-03|citilink:54_0|50310|1
2026-09-18|citilink:54_0|54335|1
2026-09-03|citilink:54_0|56347|1
2026-10-03|citilink:54_0|52546|1
2026-09-18|citilink:54_0|56750|1
2026-09-01|citilink:54_0|58852|1
2026-10-03|citilink:54_0|52546|1
2026-09-18|citilink:54_0|56750|1
2026-09-01|citilink:54_0|58852|1
2026-10-03|citilink:54_0|52546|1
2026-09-18|citilink:54_0|56750|1
2026-09-01|citilink:54_0|58852|1
2026-10-03|citilink:54_0|52546|1
2026-09-18|citilink:54_0|56750|1
2026-09-01|citilink:54_0|58852|1
2026-08-04|citilink:54_0|13404|1
2026-09-03|citilink:54_0|12907|1
2026-10-03|citilink:54_0|12411|1
2026-08-04|citilink:54_0|124190|1
2026-09-03|citilink:54_0|119591|1
2026-10-03|citilink:54_0|114991|1
