2026-10-03|citilink:166_0|197109|1
2026-09-18|citilink:166_0|212878|1
2026-09-03|citilink:166_0|220762|1
2026-10-03|citilink:166_0|183172|1
2026-09-18|citilink:166_0|197826|1
2026-09-03|citilink:166_0|205153|1
2026-10-03|citilink:166_0|181181|1
2026-09-18|citilink:166_0|195675|1
2026-09-01|citilink:166_0|202923|1
2026-10-03|citilink:166_0|181181|1
2026-09-18|citilink:166_0|195675|1
2026-09-01|citilink:166_0|202923|1
2026-10-03|citilink:166_0|181181|1
2026-09-18|citilink:166_0|195675|1
2026-09-01|citilink:166_0|202923|1
2026-10-03|citilink:166_0|181181|1
2026-09-18|citilink:166_0|195675|1
2026-09-01|citilink:166_0|202923|1
2026-08-04|citilink:166_0|121490|1
2026-09-03|citilink:166_0|116991|1
2026-10-03|citilink:166_0|112491|1
2026-08-04|citilink:166_0|217718|1
2026-09-03|citilink:166_0|209655|1
2026-10-03|citilink:166_0|201591|1
