2026-10-03|citilink:422_0|40230|1
2026-09-18|citilink:422_0|43448|1
2026-09-03|citilink:422_0|45058|1
2026-10-03|citilink:422_0|40677|1
2026-09-18|citilink:422_0|43931|1
2026-09-03|citilink:422_0|45558|1
2026-10-03|citilink:422_0|42018|1
2026-09-18|citilink:422_0|45379|1
2026-09-01|citilink:422_0|47060|1
2026-10-03|citilink:422_0|42018|1
2026-09-18|citilink:422_0|45379|1
2026-09-01|citilink:422_0|47060|1
2026-10-03|citilink:422_0|42018|1
2026-09-18|citilink:422_0|45379|1
2026-09-01|citilink:422_0|47060|1
2026-10-03|citilink:422_0|42018|1
2026-09-18|citilink:422_0|45379|1
2026-09-01|citilink:422_0|47060|1
2026-08-04|citilink:422_0|240875|1
2026-09-03|citilink:422_0|231953|1
2026-10-03|citilink:422_0|223032|1
