2026-10-03|citilink:306_0|19044|1
2026-09-18|citilink:306_0|20568|1
2026-09-03|citilink:306_0|21329|1
2026-10-03|citilink:306_0|20493|1
2026-09-18|citilink:306_0|22132|1
2026-09-03|citilink:306_0|22952|1
2026-10-03|citilink:306_0|19665|1
2026-09-18|citilink:306_0|21238|1
2026-09-01|citilink:306_0|22025|1
2026-10-03|citilink:306_0|19665|1
2026-09-18|citilink:306_0|21238|1
2026-09-01|citilink:306_0|22025|1
2026-10-03|citilink:306_0|19665|1
2026-09-18|citilink:306_0|21238|1
2026-09-01|citilink:306_0|22025|1
2026-10-03|citilink:306_0|19665|1
2026-09-18|citilink:306_0|21238|1
2026-09-01|citilink:306_0|22025|1
2026-08-04|citilink:306_0|38167|1
2026-09-03|citilink:306_0|36754|1
2026-10-03|citilink:306_0|35340|1
