2026-10-03|citilink:155_0|17738|1
2026-09-18|citilink:155_0|19157|1
2026-09-03|citilink:155_0|19867|1
2026-10-03|citilink:155_0|17195|1
2026-09-18|citilink:155_0|18571|1
2026-09-03|citilink:155_0|19258|1
2026-10-03|citilink:155_0|18281|1
2026-09-18|citilink:155_0|19743|1
2026-09-01|citilink:155_0|20475|1
2026-10-03|citilink:155_0|18281|1
2026-09-18|citilink:155_0|19743|1
2026-09-01|citilink:155_0|20475|1
2026-10-03|citilink:155_0|18281|1
2026-09-18|citilink:155_0|19743|1
2026-09-01|citilink:155_0|20475|1
2026-10-03|citilink:155_0|18281|1
2026-09-18|citilink:155_0|19743|1
2026-09-01|citilink:155_0|20475|1
2026-08-04|citilink:155_0|68030|1
2026-09-03|citilink:155_0|65511|1
2026-10-03|citilink:155_0|62991|1
2026-08-04|citilink:155_0|25748|1
2026-09-03|citilink:155_0|24795|1
2026-10-03|citilink:155_0|23841|1
2026-08-04|citilink:155_0|25748|1
2026-09-03|citilink:155_0|24795|1
2026-10-03|citilink:155_0|23841|1
2026-08-04|citilink:155_0|26720|1
2026-09-03|citilink:155_0|25731|1
2026-10-03|citilink:155_0|24741|1
2026-08-04|citilink:155_0|28798|1
2026-09-03|citilink:155_0|27732|1
2026-10-03|citilink:155_0|26665|1
2026-08-04|citilink:155_0|20941|1
2026-09-03|citilink:155_0|20166|1
2026-10-03|citilink:155_0|19390|1
2026-08-04|citilink:155_0|20509|1
2026-09-03|citilink:155_0|19750|1
2026-10-03|citilink:155_0|18990|1
