2026-10-03|citilink:170_0|42655|1
2026-09-18|citilink:170_0|46067|1
2026-09-03|citilink:170_0|47774|1
2026-10-03|citilink:170_0|44002|1
2026-09-18|citilink:170_0|47522|1
2026-09-03|citilink:170_0|49282|1
2026-10-03|citilink:170_0|41757|1
2026-09-18|citilink:170_0|45098|1
2026-09-01|citilink:170_0|46768|1
2026-10-03|citilink:170_0|41757|1
2026-09-18|citilink:170_0|45098|1
2026-09-01|citilink:170_0|46768|1
2026-10-03|citilink:170_0|41757|1
2026-09-18|citilink:170_0|45098|1
2026-09-01|citilink:170_0|46768|1
2026-10-03|citilink:170_0|41757|1
2026-09-18|citilink:170_0|45098|1
2026-09-01|citilink:170_0|46768|1
2026-08-04|citilink:170_0|194389|1
2026-09-03|citilink:170_0|187190|1
2026-10-03|citilink:170_0|179990|1
2026-08-04|citilink:170_0|79909|1
2026-09-03|citilink:170_0|76950|1
2026-10-03|citilink:170_0|73990|1
