2026-10-03|citilink:244_0|85986|1
2026-09-18|citilink:244_0|92865|1
2026-09-03|citilink:244_0|96304|1
2026-10-03|citilink:244_0|81771|1
2026-09-18|citilink:244_0|88313|1
2026-09-03|citilink:244_0|91584|1
2026-10-03|citilink:244_0|93573|1
2026-09-18|citilink:244_0|101059|1
2026-09-01|citilink:244_0|104802|1
2026-10-03|citilink:244_0|93573|1
2026-09-18|citilink:244_0|101059|1
2026-09-01|citilink:244_0|104802|1
2026-10-03|citilink:244_0|93573|1
2026-09-18|citilink:244_0|101059|1
2026-09-01|citilink:244_0|104802|1
2026-10-03|citilink:244_0|93573|1
2026-09-18|citilink:244_0|101059|1
2026-09-01|citilink:244_0|104802|1
2026-08-04|citilink:244_0|101219|1
2026-09-03|citilink:244_0|97470|1
2026-10-03|citilink:244_0|93721|1
