2026-10-03|citilink:500_0|71997|1
2026-09-18|citilink:500_0|77757|1
2026-09-03|citilink:500_0|80637|1
2026-10-03|citilink:500_0|65706|1
2026-09-18|citilink:500_0|70962|1
2026-09-03|citilink:500_0|73591|1
2026-10-03|citilink:500_0|62910|1
2026-09-18|citilink:500_0|67943|1
2026-09-01|citilink:500_0|70459|1
2026-10-03|citilink:500_0|62910|1
2026-09-18|citilink:500_0|67943|1
2026-09-01|citilink:500_0|70459|1
2026-10-03|citilink:500_0|62910|1
2026-09-18|citilink:500_0|67943|1
2026-09-01|citilink:500_0|70459|1
2026-10-03|citilink:500_0|62910|1
2026-09-18|citilink:500_0|67943|1
2026-09-01|citilink:500_0|70459|1
2026-08-04|citilink:500_0|190652|1
2026-09-03|citilink:500_0|183591|1
2026-10-03|citilink:500_0|176530|1
2026-08-04|citilink:500_0|70178|1
2026-09-03|citilink:500_0|67579|1
2026-10-03|citilink:500_0|64980|1
2026-08-04|citilink:500_0|70178|1
2026-09-03|citilink:500_0|67579|1
2026-10-03|citilink:500_0|64980|1
2026-08-04|citilink:500_0|54464|1
2026-09-03|citilink:500_0|52447|1
2026-10-03|citilink:500_0|50430|1
