2026-10-03|citilink:237_0|23136|1
2026-09-18|citilink:237_0|24987|1
2026-09-03|citilink:237_0|25912|1
2026-10-03|citilink:237_0|24823|1
2026-09-18|citilink:237_0|26809|1
2026-09-03|citilink:237_0|27802|1
2026-10-03|citilink:237_0|23859|1
2026-09-18|citilink:237_0|25768|1
2026-09-01|citilink:237_0|26722|1
2026-10-03|citilink:237_0|23859|1
2026-09-18|citilink:237_0|25768|1
2026-09-01|citilink:237_0|26722|1
2026-10-03|citilink:237_0|23859|1
2026-09-18|citilink:237_0|25768|1
2026-09-01|citilink:237_0|26722|1
2026-10-03|citilink:237_0|23859|1
2026-09-18|citilink:237_0|25768|1
2026-09-01|citilink:237_0|26722|1
2026-08-04|citilink:237_0|17065|1
2026-09-03|citilink:237_0|16433|1
2026-10-03|citilink:237_0|15801|1
2026-08-04|citilink:237_0|16563|1
2026-09-03|citilink:237_0|15949|1
2026-10-03|citilink:237_0|15336|1
2026-08-04|citilink:237_0|16563|1
2026-09-03|citilink:237_0|15949|1
2026-10-03|citilink:237_0|15336|1
2026-08-04|citilink:237_0|56739|1
2026-09-03|citilink:237_0|54637|1
2026-10-03|citilink:237_0|52536|1
2026-08-04|citilink:237_0|52467|1
2026-09-03|citilink:237_0|50524|1
2026-10-03|citilink:237_0|48581|1
2026-08-04|citilink:237_0|51074|1
2026-09-03|citilink:237_0|49183|1
2026-10-03|citilink:237_0|47291|1
2026-08-04|citilink:237_0|51613|1
2026-09-03|citilink:237_0|49702|1
2026-10-03|citilink:237_0|47790|1
