2026-10-03|citilink:230_0|64519|1
2026-09-18|citilink:230_0|69681|1
2026-09-03|citilink:230_0|72261|1
2026-10-03|citilink:230_0|67355|1
2026-09-18|citilink:230_0|72743|1
2026-09-03|citilink:230_0|75438|1
2026-10-03|citilink:230_0|63810|1
2026-09-18|citilink:230_0|68915|1
2026-09-01|citilink:230_0|71467|1
2026-10-03|citilink:230_0|63810|1
2026-09-18|citilink:230_0|68915|1
2026-09-01|citilink:230_0|71467|1
2026-10-03|citilink:230_0|63810|1
2026-09-18|citilink:230_0|68915|1
2026-09-01|citilink:230_0|71467|1
2026-10-03|citilink:230_0|63810|1
2026-09-18|citilink:230_0|68915|1
2026-09-01|citilink:230_0|71467|1
2026-08-04|citilink:230_0|182813|1
2026-09-03|citilink:230_0|176042|1
2026-10-03|citilink:230_0|169271|1
2026-08-04|citilink:230_0|29798|1
2026-09-03|citilink:230_0|28695|1
2026-10-03|citilink:230_0|27591|1
2026-08-04|citilink:230_0|29798|1
2026-09-03|citilink:230_0|28695|1
2026-10-03|citilink:230_0|27591|1
