2026-10-03|citilink:135_0|9696|1
2026-09-18|citilink:135_0|10472|1
2026-09-03|citilink:135_0|10860|1
2026-10-03|citilink:135_0|10100|1
2026-09-18|citilink:135_0|10908|1
2026-09-03|citilink:135_0|11312|1
2026-10-03|citilink:135_0|10100|1
2026-09-18|citilink:135_0|10908|1
2026-09-01|citilink:135_0|11312|1
2026-10-03|citilink:135_0|10100|1
2026-09-18|citilink:135_0|10908|1
2026-09-01|citilink:135_0|11312|1
2026-10-03|citilink:135_0|10100|1
2026-09-18|citilink:135_0|10908|1
2026-09-01|citilink:135_0|11312|1
2026-10-03|citilink:135_0|10100|1
2026-09-18|citilink:135_0|10908|1
2026-09-01|citilink:135_0|11312|1
2026-08-04|citilink:135_0|88377|1
2026-09-03|citilink:135_0|85104|1
2026-10-03|citilink:135_0|81831|1
2026-08-04|citilink:135_0|17065|1
2026-09-03|citilink:135_0|16433|1
2026-10-03|citilink:135_0|15801|1
