2026-10-03|citilink:391_0|198099|1
2026-09-18|citilink:391_0|213947|1
2026-09-03|citilink:391_0|221871|1
2026-10-03|citilink:391_0|200100|1
2026-09-18|citilink:391_0|216108|1
2026-09-03|citilink:391_0|224112|1
2026-10-03|citilink:391_0|180090|1
2026-09-18|citilink:391_0|194497|1
2026-09-01|citilink:391_0|201701|1
2026-10-03|citilink:391_0|180090|1
2026-09-18|citilink:391_0|194497|1
2026-09-01|citilink:391_0|201701|1
2026-10-03|citilink:391_0|180090|1
2026-09-18|citilink:391_0|194497|1
2026-09-01|citilink:391_0|201701|1
2026-10-03|citilink:391_0|180090|1
2026-09-18|citilink:391_0|194497|1
2026-09-01|citilink:391_0|201701|1
2026-08-04|citilink:391_0|241628|1
2026-09-03|citilink:391_0|232679|1
2026-10-03|citilink:391_0|223730|1
