2026-10-03|citilink:442_0|61311|1
2026-09-18|citilink:442_0|66216|1
2026-09-03|citilink:442_0|68668|1
2026-10-03|citilink:442_0|52143|1
2026-09-18|citilink:442_0|56314|1
2026-09-03|citilink:442_0|58400|1
2026-10-03|citilink:442_0|56154|1
2026-09-18|citilink:442_0|60646|1
2026-09-01|citilink:442_0|62892|1
2026-10-03|citilink:442_0|56154|1
2026-09-18|citilink:442_0|60646|1
2026-09-01|citilink:442_0|62892|1
2026-10-03|citilink:442_0|56154|1
2026-09-18|citilink:442_0|60646|1
2026-09-01|citilink:442_0|62892|1
2026-10-03|citilink:442_0|56154|1
2026-09-18|citilink:442_0|60646|1
2026-09-01|citilink:442_0|62892|1
2026-08-04|citilink:442_0|66281|1
2026-09-03|citilink:442_0|63826|1
2026-10-03|citilink:442_0|61371|1
2026-08-04|citilink:442_0|70298|1
2026-09-03|citilink:442_0|67695|1
2026-10-03|citilink:442_0|65091|1
