2026-10-03|citilink:91_0|43245|1
2026-09-18|citilink:91_0|46705|1
2026-09-03|citilink:91_0|48434|1
2026-10-03|citilink:91_0|43245|1
2026-09-18|citilink:91_0|46705|1
2026-09-03|citilink:91_0|48434|1
2026-10-03|citilink:91_0|41850|1
2026-09-18|citilink:91_0|45198|1
2026-09-01|citilink:91_0|46872|1
2026-10-03|citilink:91_0|41850|1
2026-09-18|citilink:91_0|45198|1
2026-09-01|citilink:91_0|46872|1
2026-10-03|citilink:91_0|41850|1
2026-09-18|citilink:91_0|45198|1
2026-09-01|citilink:91_0|46872|1
2026-10-03|citilink:91_0|41850|1
2026-09-18|citilink:91_0|45198|1
2026-09-01|citilink:91_0|46872|1
2026-08-04|citilink:91_0|224544|1
2026-09-03|citilink:91_0|216227|1
2026-10-03|citilink:91_0|207911|1
2026-08-04|citilink:91_0|8933|1
2026-09-03|citilink:91_0|8602|1
2026-10-03|citilink:91_0|8271|1
