2026-10-03|citilink:293_0|67617|1
2026-09-18|citilink:293_0|73026|1
2026-09-03|citilink:293_0|75731|1
2026-10-03|citilink:293_0|62153|1
2026-09-18|citilink:293_0|67125|1
2026-09-03|citilink:293_0|69611|1
2026-10-03|citilink:293_0|62153|1
2026-09-18|citilink:293_0|67125|1
2026-09-01|citilink:293_0|69611|1
2026-10-03|citilink:293_0|62153|1
2026-09-18|citilink:293_0|67125|1
2026-09-01|citilink:293_0|69611|1
2026-10-03|citilink:293_0|62153|1
2026-09-18|citilink:293_0|67125|1
2026-09-01|citilink:293_0|69611|1
2026-10-03|citilink:293_0|62153|1
2026-09-18|citilink:293_0|67125|1
2026-09-01|citilink:293_0|69611|1
2026-08-04|citilink:293_0|29020|1
2026-09-03|citilink:293_0|27945|1
2026-10-03|citilink:293_0|26870|1
2026-08-04|citilink:293_0|120258|1
2026-09-03|citilink:293_0|115804|1
2026-10-03|citilink:293_0|111350|1
2026-08-04|citilink:293_0|120258|1
2026-09-03|citilink:293_0|115804|1
2026-10-03|citilink:293_0|111350|1
2026-08-04|citilink:293_0|58568|1
2026-09-03|citilink:293_0|56399|1
2026-10-03|citilink:293_0|54230|1
2026-08-04|citilink:293_0|52467|1
2026-09-03|citilink:293_0|50524|1
2026-10-03|citilink:293_0|48581|1
2026-08-04|citilink:293_0|51074|1
2026-09-03|citilink:293_0|49183|1
2026-10-03|citilink:293_0|47291|1
2026-08-04|citilink:293_0|50425|1
2026-09-03|citilink:293_0|48558|1
2026-10-03|citilink:293_0|46690|1
