2026-10-03|citilink:37_0|25484|1
2026-09-18|citilink:37_0|27523|1
2026-09-03|citilink:37_0|28542|1
2026-10-03|citilink:37_0|24930|1
2026-09-18|citilink:37_0|26924|1
2026-09-03|citilink:37_0|27922|1
2026-10-03|citilink:37_0|27423|1
2026-09-18|citilink:37_0|29617|1
2026-09-01|citilink:37_0|30714|1
2026-10-03|citilink:37_0|27423|1
2026-09-18|citilink:37_0|29617|1
2026-09-01|citilink:37_0|30714|1
2026-10-03|citilink:37_0|27423|1
2026-09-18|citilink:37_0|29617|1
2026-09-01|citilink:37_0|30714|1
2026-10-03|citilink:37_0|27423|1
2026-09-18|citilink:37_0|29617|1
2026-09-01|citilink:37_0|30714|1
2026-08-04|citilink:37_0|118574|1
2026-09-03|citilink:37_0|114183|1
2026-10-03|citilink:37_0|109791|1
