2026-10-03|citilink:223_0|34155|1
2026-09-18|citilink:223_0|36887|1
2026-09-03|citilink:223_0|38254|1
2026-10-03|citilink:223_0|31740|1
2026-09-18|citilink:223_0|34279|1
2026-09-03|citilink:223_0|35549|1
2026-10-03|citilink:223_0|31050|1
2026-09-18|citilink:223_0|33534|1
2026-09-01|citilink:223_0|34776|1
2026-10-03|citilink:223_0|31050|1
2026-09-18|citilink:223_0|33534|1
2026-09-01|citilink:223_0|34776|1
2026-10-03|citilink:223_0|31050|1
2026-09-18|citilink:223_0|33534|1
2026-09-01|citilink:223_0|34776|1
2026-10-03|citilink:223_0|31050|1
2026-09-18|citilink:223_0|33534|1
2026-09-01|citilink:223_0|34776|1
2026-08-04|citilink:223_0|166083|1
2026-09-03|citilink:223_0|159932|1
2026-10-03|citilink:223_0|153781|1
2026-08-04|citilink:223_0|52079|1
2026-09-03|citilink:223_0|50150|1
2026-10-03|citilink:223_0|48221|1
2026-08-04|citilink:223_0|52079|1
2026-09-03|citilink:223_0|50150|1
2026-10-03|citilink:223_0|48221|1
