2026-10-03|citilink:139_0|88629|1
2026-09-18|citilink:139_0|95719|1
2026-09-03|citilink:139_0|99264|1
2026-10-03|citilink:139_0|85770|1
2026-09-18|citilink:139_0|92632|1
2026-09-03|citilink:139_0|96062|1
2026-10-03|citilink:139_0|86723|1
2026-09-18|citilink:139_0|93661|1
2026-09-01|citilink:139_0|97130|1
2026-10-03|citilink:139_0|86723|1
2026-09-18|citilink:139_0|93661|1
2026-09-01|citilink:139_0|97130|1
2026-10-03|citilink:139_0|86723|1
2026-09-18|citilink:139_0|93661|1
2026-09-01|citilink:139_0|97130|1
2026-10-03|citilink:139_0|86723|1
2026-09-18|citilink:139_0|93661|1
2026-09-01|citilink:139_0|97130|1
2026-08-04|citilink:139_0|292865|1
2026-09-03|citilink:139_0|282018|1
2026-10-03|citilink:139_0|271171|1
2026-08-04|citilink:139_0|24069|1
2026-09-03|citilink:139_0|23177|1
2026-10-03|citilink:139_0|22286|1
2026-08-04|citilink:139_0|24069|1
2026-09-03|citilink:139_0|23177|1
2026-10-03|citilink:139_0|22286|1
