2026-10-03|citilink:395_0|30510|1
2026-09-18|citilink:395_0|32951|1
2026-09-03|citilink:395_0|34171|1
2026-10-03|citilink:395_0|31188|1
2026-09-18|citilink:395_0|33683|1
2026-09-03|citilink:395_0|34931|1
2026-10-03|citilink:395_0|31527|1
2026-09-18|citilink:395_0|34049|1
2026-09-01|citilink:395_0|35310|1
2026-10-03|citilink:395_0|31527|1
2026-09-18|citilink:395_0|34049|1
2026-09-01|citilink:395_0|35310|1
2026-10-03|citilink:395_0|31527|1
2026-09-18|citilink:395_0|34049|1
2026-09-01|citilink:395_0|35310|1
2026-10-03|citilink:395_0|31527|1
2026-09-18|citilink:395_0|34049|1
2026-09-01|citilink:395_0|35310|1
2026-08-04|citilink:395_0|76325|1
2026-09-03|citilink:395_0|73498|1
2026-10-03|citilink:395_0|70671|1
2026-08-04|citilink:395_0|21585|1
2026-09-03|citilink:395_0|20785|1
2026-10-03|citilink:395_0|19986|1
2026-08-04|citilink:395_0|21585|1
2026-09-03|citilink:395_0|20785|1
2026-10-03|citilink:395_0|19986|1
2026-08-04|citilink:395_0|20078|1
2026-09-03|citilink:395_0|19335|1
2026-10-03|citilink:395_0|18591|1
2026-08-04|citilink:395_0|20510|1
2026-09-03|citilink:395_0|19751|1
2026-10-03|citilink:395_0|18991|1
2026-08-04|citilink:395_0|20510|1
2026-09-03|citilink:395_0|19751|1
2026-10-03|citilink:395_0|18991|1
