2026-10-03|citilink:322_0|59985|1
2026-09-18|citilink:322_0|64784|1
2026-09-03|citilink:322_0|67183|1
2026-10-03|citilink:322_0|62565|1
2026-09-18|citilink:322_0|67570|1
2026-09-03|citilink:322_0|70073|1
2026-10-03|citilink:322_0|60630|1
2026-09-18|citilink:322_0|65480|1
2026-09-01|citilink:322_0|67906|1
2026-10-03|citilink:322_0|60630|1
2026-09-18|citilink:322_0|65480|1
2026-09-01|citilink:322_0|67906|1
2026-10-03|citilink:322_0|60630|1
2026-09-18|citilink:322_0|65480|1
2026-09-01|citilink:322_0|67906|1
2026-10-03|citilink:322_0|60630|1
2026-09-18|citilink:322_0|65480|1
2026-09-01|citilink:322_0|67906|1
2026-08-04|citilink:322_0|57619|1
2026-09-03|citilink:322_0|55485|1
2026-10-03|citilink:322_0|53351|1
2026-08-04|citilink:322_0|19862|1
2026-09-03|citilink:322_0|19127|1
2026-10-03|citilink:322_0|18391|1
2026-08-04|citilink:322_0|19862|1
2026-09-03|citilink:322_0|19127|1
2026-10-03|citilink:322_0|18391|1
2026-08-04|citilink:322_0|18869|1
2026-09-03|citilink:322_0|18170|1
2026-10-03|citilink:322_0|17471|1
2026-08-04|citilink:322_0|17228|1
2026-09-03|citilink:322_0|16590|1
2026-10-03|citilink:322_0|15952|1
2026-08-04|citilink:322_0|10424|1
2026-09-03|citilink:322_0|10038|1
2026-10-03|citilink:322_0|9652|1
2026-08-04|citilink:322_0|10573|1
2026-09-03|citilink:322_0|10182|1
2026-10-03|citilink:322_0|9790|1
