2026-10-03|citilink:66_0|13900|1
2026-09-18|citilink:66_0|15012|1
2026-09-03|citilink:66_0|15568|1
2026-10-03|citilink:66_0|12510|1
2026-09-18|citilink:66_0|13511|1
2026-09-03|citilink:66_0|14011|1
2026-10-03|citilink:66_0|12510|1
2026-09-18|citilink:66_0|13511|1
2026-09-01|citilink:66_0|14011|1
2026-10-03|citilink:66_0|12510|1
2026-09-18|citilink:66_0|13511|1
2026-09-01|citilink:66_0|14011|1
2026-10-03|citilink:66_0|12510|1
2026-09-18|citilink:66_0|13511|1
2026-09-01|citilink:66_0|14011|1
2026-10-03|citilink:66_0|12510|1
2026-09-18|citilink:66_0|13511|1
2026-09-01|citilink:66_0|14011|1
2026-08-04|citilink:66_0|37898|1
2026-09-03|citilink:66_0|36495|1
2026-10-03|citilink:66_0|35091|1
2026-08-04|citilink:66_0|15056|1
2026-09-03|citilink:66_0|14499|1
2026-10-03|citilink:66_0|13941|1
2026-08-04|citilink:66_0|15056|1
2026-09-03|citilink:66_0|14499|1
2026-10-03|citilink:66_0|13941|1
2026-08-04|citilink:66_0|12626|1
2026-09-03|citilink:66_0|12159|1
2026-10-03|citilink:66_0|11691|1
2026-08-04|citilink:66_0|13608|1
2026-09-03|citilink:66_0|13104|1
2026-10-03|citilink:66_0|12600|1
2026-08-04|citilink:66_0|12037|1
2026-09-03|citilink:66_0|11591|1
2026-10-03|citilink:66_0|11145|1
