2026-10-03|citilink:21_0|15741|1
2026-09-18|citilink:21_0|17000|1
2026-09-03|citilink:21_0|17630|1
2026-10-03|citilink:21_0|16695|1
2026-09-18|citilink:21_0|18031|1
2026-09-03|citilink:21_0|18698|1
2026-10-03|citilink:21_0|15900|1
2026-09-18|citilink:21_0|17172|1
2026-09-01|citilink:21_0|17808|1
2026-10-03|citilink:21_0|15900|1
2026-09-18|citilink:21_0|17172|1
2026-09-01|citilink:21_0|17808|1
2026-10-03|citilink:21_0|15900|1
2026-09-18|citilink:21_0|17172|1
2026-09-01|citilink:21_0|17808|1
2026-10-03|citilink:21_0|15900|1
2026-09-18|citilink:21_0|17172|1
2026-09-01|citilink:21_0|17808|1
2026-08-04|citilink:21_0|47186|1
2026-09-03|citilink:21_0|45439|1
2026-10-03|citilink:21_0|43691|1
2026-08-04|citilink:21_0|59498|1
2026-09-03|citilink:21_0|57295|1
2026-10-03|citilink:21_0|55091|1
2026-08-04|citilink:21_0|59498|1
2026-09-03|citilink:21_0|57295|1
2026-10-03|citilink:21_0|55091|1
2026-08-04|citilink:21_0|59498|1
2026-09-03|citilink:21_0|57295|1
2026-10-03|citilink:21_0|55091|1
2026-08-04|citilink:21_0|63256|1
2026-09-03|citilink:21_0|60913|1
2026-10-03|citilink:21_0|58570|1
2026-08-04|citilink:21_0|59983|1
2026-09-03|citilink:21_0|57762|1
2026-10-03|citilink:21_0|55540|1
2026-08-04|citilink:21_0|61117|1
2026-09-03|citilink:21_0|58854|1
2026-10-03|citilink:21_0|56590|1
