2026-10-03|citilink:277_0|83942|1
2026-09-18|citilink:277_0|90657|1
2026-09-03|citilink:277_0|94015|1
2026-10-03|citilink:277_0|85728|1
2026-09-18|citilink:277_0|92586|1
2026-09-03|citilink:277_0|96015|1
2026-10-03|citilink:277_0|82156|1
2026-09-18|citilink:277_0|88728|1
2026-09-01|citilink:277_0|92015|1
2026-10-03|citilink:277_0|82156|1
2026-09-18|citilink:277_0|88728|1
2026-09-01|citilink:277_0|92015|1
2026-10-03|citilink:277_0|82156|1
2026-09-18|citilink:277_0|88728|1
2026-09-01|citilink:277_0|92015|1
2026-10-03|citilink:277_0|82156|1
2026-09-18|citilink:277_0|88728|1
2026-09-01|citilink:277_0|92015|1
2026-08-04|citilink:277_0|127171|1
2026-09-03|citilink:277_0|122461|1
2026-10-03|citilink:277_0|117751|1
2026-08-04|citilink:277_0|75504|1
2026-09-03|citilink:277_0|72707|1
2026-10-03|citilink:277_0|69911|1
2026-08-04|citilink:277_0|75504|1
2026-09-03|citilink:277_0|72707|1
2026-10-03|citilink:277_0|69911|1
2026-08-04|citilink:277_0|63581|1
2026-09-03|citilink:277_0|61226|1
2026-10-03|citilink:277_0|58871|1
2026-08-04|citilink:277_0|66344|1
2026-09-03|citilink:277_0|63887|1
2026-10-03|citilink:277_0|61430|1
2026-08-04|citilink:277_0|57013|1
2026-09-03|citilink:277_0|54902|1
2026-10-03|citilink:277_0|52790|1
