2026-10-03|citilink:156_0|12870|1
2026-09-18|citilink:156_0|13900|1
2026-09-03|citilink:156_0|14414|1
2026-10-03|citilink:156_0|13156|1
2026-09-18|citilink:156_0|14208|1
2026-09-03|citilink:156_0|14735|1
2026-10-03|citilink:156_0|13585|1
2026-09-18|citilink:156_0|14672|1
2026-09-01|citilink:156_0|15215|1
2026-10-03|citilink:156_0|13585|1
2026-09-18|citilink:156_0|14672|1
2026-09-01|citilink:156_0|15215|1
2026-10-03|citilink:156_0|13585|1
2026-09-18|citilink:156_0|14672|1
2026-09-01|citilink:156_0|15215|1
2026-10-03|citilink:156_0|13585|1
2026-09-18|citilink:156_0|14672|1
2026-09-01|citilink:156_0|15215|1
2026-08-04|citilink:156_0|36655|1
2026-09-03|citilink:156_0|35298|1
2026-10-03|citilink:156_0|33940|1
2026-08-04|citilink:156_0|29322|1
2026-09-03|citilink:156_0|28236|1
2026-10-03|citilink:156_0|27150|1
2026-08-04|citilink:156_0|29322|1
2026-09-03|citilink:156_0|28236|1
2026-10-03|citilink:156_0|27150|1
2026-08-04|citilink:156_0|52893|1
2026-09-03|citilink:156_0|50934|1
2026-10-03|citilink:156_0|48975|1
