2026-10-03|citilink:412_0|118209|1
2026-09-18|citilink:412_0|127666|1
2026-09-03|citilink:412_0|132394|1
2026-10-03|citilink:412_0|132498|1
2026-09-18|citilink:412_0|143098|1
2026-09-03|citilink:412_0|148398|1
2026-10-03|citilink:412_0|145488|1
2026-09-18|citilink:412_0|157127|1
2026-09-01|citilink:412_0|162947|1
2026-10-03|citilink:412_0|145488|1
2026-09-18|citilink:412_0|157127|1
2026-09-01|citilink:412_0|162947|1
2026-10-03|citilink:412_0|145488|1
2026-09-18|citilink:412_0|157127|1
2026-09-01|citilink:412_0|162947|1
2026-10-03|citilink:412_0|145488|1
2026-09-18|citilink:412_0|157127|1
2026-09-01|citilink:412_0|162947|1
2026-08-04|citilink:412_0|65654|1
2026-09-03|citilink:412_0|63223|1
2026-10-03|citilink:412_0|60791|1
2026-08-04|citilink:412_0|24614|1
2026-09-03|citilink:412_0|23703|1
2026-10-03|citilink:412_0|22791|1
