2026-10-03|citilink:115_0|31410|1
2026-09-18|citilink:115_0|33923|1
2026-09-03|citilink:115_0|35179|1
2026-10-03|citilink:115_0|32108|1
2026-09-18|citilink:115_0|34677|1
2026-09-03|citilink:115_0|35961|1
2026-10-03|citilink:115_0|33155|1
2026-09-18|citilink:115_0|35807|1
2026-09-01|citilink:115_0|37134|1
2026-10-03|citilink:115_0|33155|1
2026-09-18|citilink:115_0|35807|1
2026-09-01|citilink:115_0|37134|1
2026-10-03|citilink:115_0|33155|1
2026-09-18|citilink:115_0|35807|1
2026-09-01|citilink:115_0|37134|1
2026-10-03|citilink:115_0|33155|1
2026-09-18|citilink:115_0|35807|1
2026-09-01|citilink:115_0|37134|1
2026-08-04|citilink:115_0|39302|1
2026-09-03|citilink:115_0|37847|1
2026-10-03|citilink:115_0|36391|1
2026-08-04|citilink:115_0|36354|1
2026-09-03|citilink:115_0|35007|1
2026-10-03|citilink:115_0|33661|1
2026-08-04|citilink:115_0|36354|1
2026-09-03|citilink:115_0|35007|1
2026-10-03|citilink:115_0|33661|1
2026-08-04|citilink:115_0|19646|1
2026-09-03|citilink:115_0|18919|1
2026-10-03|citilink:115_0|18191|1
2026-08-04|citilink:115_0|18351|1
2026-09-03|citilink:115_0|17672|1
2026-10-03|citilink:115_0|16992|1
2026-08-04|citilink:115_0|18351|1
2026-09-03|citilink:115_0|17672|1
2026-10-03|citilink:115_0|16992|1
