2026-10-03|citilink:300_0|11375|1
2026-09-18|citilink:300_0|12285|1
2026-09-03|citilink:300_0|12740|1
2026-10-03|citilink:300_0|12125|1
2026-09-18|citilink:300_0|13095|1
2026-09-03|citilink:300_0|13580|1
2026-10-03|citilink:300_0|11250|1
2026-09-18|citilink:300_0|12150|1
2026-09-01|citilink:300_0|12600|1
2026-10-03|citilink:300_0|11250|1
2026-09-18|citilink:300_0|12150|1
2026-09-01|citilink:300_0|12600|1
2026-10-03|citilink:300_0|11250|1
2026-09-18|citilink:300_0|12150|1
2026-09-01|citilink:300_0|12600|1
2026-10-03|citilink:300_0|11250|1
2026-09-18|citilink:300_0|12150|1
2026-09-01|citilink:300_0|12600|1
2026-08-04|citilink:300_0|47197|1
2026-09-03|citilink:300_0|45449|1
2026-10-03|citilink:300_0|43701|1
2026-08-04|citilink:300_0|51215|1
2026-09-03|citilink:300_0|49318|1
2026-10-03|citilink:300_0|47421|1
2026-08-04|citilink:300_0|51215|1
2026-09-03|citilink:300_0|49318|1
2026-10-03|citilink:300_0|47421|1
2026-08-04|citilink:300_0|46193|1
2026-09-03|citilink:300_0|44482|1
2026-10-03|citilink:300_0|42771|1
2026-08-04|citilink:300_0|47682|1
2026-09-03|citilink:300_0|45916|1
2026-10-03|citilink:300_0|44150|1
