2026-10-03|citilink:142_0|59310|1
2026-09-18|citilink:142_0|64055|1
2026-09-03|citilink:142_0|66427|1
2026-10-03|citilink:142_0|59310|1
2026-09-18|citilink:142_0|64055|1
2026-09-03|citilink:142_0|66427|1
2026-10-03|citilink:142_0|64582|1
2026-09-18|citilink:142_0|69749|1
2026-09-01|citilink:142_0|72332|1
2026-10-03|citilink:142_0|64582|1
2026-09-18|citilink:142_0|69749|1
2026-09-01|citilink:142_0|72332|1
2026-10-03|citilink:142_0|64582|1
2026-09-18|citilink:142_0|69749|1
2026-09-01|citilink:142_0|72332|1
2026-10-03|citilink:142_0|64582|1
2026-09-18|citilink:142_0|69749|1
2026-09-01|citilink:142_0|72332|1
2026-08-04|citilink:142_0|64142|1
2026-09-03|citilink:142_0|61767|1
2026-10-03|citilink:142_0|59391|1
2026-08-04|citilink:142_0|142874|1
2026-09-03|citilink:142_0|137583|1
2026-10-03|citilink:142_0|132291|1
