2026-10-03|citilink:398_0|16590|1
2026-09-18|citilink:398_0|17917|1
2026-09-03|citilink:398_0|18581|1
2026-10-03|citilink:398_0|15168|1
2026-09-18|citilink:398_0|16381|1
2026-09-03|citilink:398_0|16988|1
2026-10-03|citilink:398_0|14220|1
2026-09-18|citilink:398_0|15358|1
2026-09-01|citilink:398_0|15926|1
2026-10-03|citilink:398_0|14220|1
2026-09-18|citilink:398_0|15358|1
2026-09-01|citilink:398_0|15926|1
2026-10-03|citilink:398_0|14220|1
2026-09-18|citilink:398_0|15358|1
2026-09-01|citilink:398_0|15926|1
2026-10-03|citilink:398_0|14220|1
2026-09-18|citilink:398_0|15358|1
2026-09-01|citilink:398_0|15926|1
2026-08-04|citilink:398_0|64574|1
2026-09-03|citilink:398_0|62183|1
2026-10-03|citilink:398_0|59791|1
