2026-10-03|citilink:449_0|65751|1
2026-09-18|citilink:449_0|71011|1
2026-09-03|citilink:449_0|73641|1
2026-10-03|citilink:449_0|65044|1
2026-09-18|citilink:449_0|70248|1
2026-09-03|citilink:449_0|72849|1
2026-10-03|citilink:449_0|68579|1
2026-09-18|citilink:449_0|74065|1
2026-09-01|citilink:449_0|76808|1
2026-10-03|citilink:449_0|68579|1
2026-09-18|citilink:449_0|74065|1
2026-09-01|citilink:449_0|76808|1
2026-10-03|citilink:449_0|68579|1
2026-09-18|citilink:449_0|74065|1
2026-09-01|citilink:449_0|76808|1
2026-10-03|citilink:449_0|68579|1
2026-09-18|citilink:449_0|74065|1
2026-09-01|citilink:449_0|76808|1
2026-08-04|citilink:449_0|194585|1
2026-09-03|citilink:449_0|187378|1
2026-10-03|citilink:449_0|180171|1
2026-08-04|citilink:449_0|58958|1
2026-09-03|citilink:449_0|56775|1
2026-10-03|citilink:449_0|54591|1
