2026-10-03|citilink:25_0|83235|1
2026-09-18|citilink:25_0|89894|1
2026-09-03|citilink:25_0|93223|1
2026-10-03|citilink:25_0|82340|1
2026-09-18|citilink:25_0|88927|1
2026-09-03|citilink:25_0|92221|1
2026-10-03|citilink:25_0|80550|1
2026-09-18|citilink:25_0|86994|1
2026-09-01|citilink:25_0|90216|1
2026-10-03|citilink:25_0|80550|1
2026-09-18|citilink:25_0|86994|1
2026-09-01|citilink:25_0|90216|1
2026-10-03|citilink:25_0|80550|1
2026-09-18|citilink:25_0|86994|1
2026-09-01|citilink:25_0|90216|1
2026-10-03|citilink:25_0|80550|1
2026-09-18|citilink:25_0|86994|1
2026-09-01|citilink:25_0|90216|1
2026-08-04|citilink:25_0|33773|1
2026-09-03|citilink:25_0|32522|1
2026-10-03|citilink:25_0|31271|1
2026-08-04|citilink:25_0|21353|1
2026-09-03|citilink:25_0|20562|1
2026-10-03|citilink:25_0|19771|1
2026-08-04|citilink:25_0|21353|1
2026-09-03|citilink:25_0|20562|1
2026-10-03|citilink:25_0|19771|1
2026-08-04|citilink:25_0|51161|1
2026-09-03|citilink:25_0|49266|1
2026-10-03|citilink:25_0|47371|1
2026-08-04|citilink:25_0|45600|1
2026-09-03|citilink:25_0|43911|1
2026-10-03|citilink:25_0|42222|1
2026-08-04|citilink:25_0|41615|1
2026-09-03|citilink:25_0|40073|1
2026-10-03|citilink:25_0|38532|1
2026-08-04|citilink:25_0|50425|1
2026-09-03|citilink:25_0|48558|1
2026-10-03|citilink:25_0|46690|1
