2026-10-03|citilink:163_0|61364|1
2026-09-18|citilink:163_0|66273|1
2026-09-03|citilink:163_0|68728|1
2026-10-03|citilink:163_0|63365|1
2026-09-18|citilink:163_0|68434|1
2026-09-03|citilink:163_0|70969|1
2026-10-03|citilink:163_0|62698|1
2026-09-18|citilink:163_0|67714|1
2026-09-01|citilink:163_0|70222|1
2026-10-03|citilink:163_0|62698|1
2026-09-18|citilink:163_0|67714|1
2026-09-01|citilink:163_0|70222|1
2026-10-03|citilink:163_0|62698|1
2026-09-18|citilink:163_0|67714|1
2026-09-01|citilink:163_0|70222|1
2026-10-03|citilink:163_0|62698|1
2026-09-18|citilink:163_0|67714|1
2026-09-01|citilink:163_0|70222|1
2026-08-04|citilink:163_0|160370|1
2026-09-03|citilink:163_0|154431|1
2026-10-03|citilink:163_0|148491|1
2026-08-04|citilink:163_0|14084|1
2026-09-03|citilink:163_0|13563|1
2026-10-03|citilink:163_0|13041|1
2026-08-04|citilink:163_0|14084|1
2026-09-03|citilink:163_0|13563|1
2026-10-03|citilink:163_0|13041|1
2026-08-04|citilink:163_0|28178|1
2026-09-03|citilink:163_0|27135|1
2026-10-03|citilink:163_0|26091|1
2026-08-04|citilink:163_0|31309|1
2026-09-03|citilink:163_0|30150|1
2026-10-03|citilink:163_0|28990|1
2026-08-04|citilink:163_0|21589|1
2026-09-03|citilink:163_0|20790|1
2026-10-03|citilink:163_0|19990|1
