2026-10-03|citilink:340_0|126973|1
2026-09-18|citilink:340_0|137131|1
2026-09-03|citilink:340_0|142210|1
2026-10-03|citilink:340_0|124355|1
2026-09-18|citilink:340_0|134303|1
2026-09-03|citilink:340_0|139278|1
2026-10-03|citilink:340_0|141372|1
2026-09-18|citilink:340_0|152682|1
2026-09-01|citilink:340_0|158337|1
2026-10-03|citilink:340_0|141372|1
2026-09-18|citilink:340_0|152682|1
2026-09-01|citilink:340_0|158337|1
2026-10-03|citilink:340_0|141372|1
2026-09-18|citilink:340_0|152682|1
2026-09-01|citilink:340_0|158337|1
2026-10-03|citilink:340_0|141372|1
2026-09-18|citilink:340_0|152682|1
2026-09-01|citilink:340_0|158337|1
2026-08-04|citilink:340_0|132571|1
2026-09-03|citilink:340_0|127661|1
2026-10-03|citilink:340_0|122751|1
