2026-10-03|citilink:42_0|51801|1
2026-09-18|citilink:42_0|55945|1
2026-09-03|citilink:42_0|58017|1
2026-10-03|citilink:42_0|51244|1
2026-09-18|citilink:42_0|55344|1
2026-09-03|citilink:42_0|57393|1
2026-10-03|citilink:42_0|54029|1
2026-09-18|citilink:42_0|58351|1
2026-09-01|citilink:42_0|60512|1
2026-10-03|citilink:42_0|54029|1
2026-09-18|citilink:42_0|58351|1
2026-09-01|citilink:42_0|60512|1
2026-10-03|citilink:42_0|54029|1
2026-09-18|citilink:42_0|58351|1
2026-09-01|citilink:42_0|60512|1
2026-10-03|citilink:42_0|54029|1
2026-09-18|citilink:42_0|58351|1
2026-09-01|citilink:42_0|60512|1
2026-08-04|citilink:42_0|114902|1
2026-09-03|citilink:42_0|110647|1
2026-10-03|citilink:42_0|106391|1
2026-08-04|citilink:42_0|24614|1
2026-09-03|citilink:42_0|23703|1
2026-10-03|citilink:42_0|22791|1
2026-08-04|citilink:42_0|24614|1
2026-09-03|citilink:42_0|23703|1
2026-10-03|citilink:42_0|22791|1
2026-08-04|citilink:42_0|19484|1
2026-09-03|citilink:42_0|18763|1
2026-10-03|citilink:42_0|18041|1
2026-08-04|citilink:42_0|20304|1
2026-09-03|citilink:42_0|19552|1
2026-10-03|citilink:42_0|18800|1
2026-08-04|citilink:42_0|12285|1
2026-09-03|citilink:42_0|11830|1
2026-10-03|citilink:42_0|11375|1
