2026-10-03|citilink:255_0|11316|1
2026-09-18|citilink:255_0|12221|1
2026-09-03|citilink:255_0|12674|1
2026-10-03|citilink:255_0|12054|1
2026-09-18|citilink:255_0|13018|1
2026-09-03|citilink:255_0|13500|1
2026-10-03|citilink:255_0|11070|1
2026-09-18|citilink:255_0|11956|1
2026-09-01|citilink:255_0|12398|1
2026-10-03|citilink:255_0|11070|1
2026-09-18|citilink:255_0|11956|1
2026-09-01|citilink:255_0|12398|1
2026-10-03|citilink:255_0|11070|1
2026-09-18|citilink:255_0|11956|1
2026-09-01|citilink:255_0|12398|1
2026-10-03|citilink:255_0|11070|1
2026-09-18|citilink:255_0|11956|1
2026-09-01|citilink:255_0|12398|1
2026-08-04|citilink:255_0|87297|1
2026-09-03|citilink:255_0|84064|1
2026-10-03|citilink:255_0|80831|1
2026-08-04|citilink:255_0|18264|1
2026-09-03|citilink:255_0|17587|1
2026-10-03|citilink:255_0|16911|1
2026-08-04|citilink:255_0|18264|1
2026-09-03|citilink:255_0|17587|1
2026-10-03|citilink:255_0|16911|1
