2026-10-03|citilink:204_0|27063|1
2026-09-18|citilink:204_0|29228|1
2026-09-03|citilink:204_0|30311|1
2026-10-03|citilink:204_0|26481|1
2026-09-18|citilink:204_0|28599|1
2026-09-03|citilink:204_0|29659|1
2026-10-03|citilink:204_0|27063|1
2026-09-18|citilink:204_0|29228|1
2026-09-01|citilink:204_0|30311|1
2026-10-03|citilink:204_0|27063|1
2026-09-18|citilink:204_0|29228|1
2026-09-01|citilink:204_0|30311|1
2026-10-03|citilink:204_0|27063|1
2026-09-18|citilink:204_0|29228|1
2026-09-01|citilink:204_0|30311|1
2026-10-03|citilink:204_0|27063|1
2026-09-18|citilink:204_0|29228|1
2026-09-01|citilink:204_0|30311|1
2026-08-04|citilink:204_0|14569|1
2026-09-03|citilink:204_0|14030|1
2026-10-03|citilink:204_0|13490|1
2026-08-04|citilink:204_0|74509|1
2026-09-03|citilink:204_0|71750|1
2026-10-03|citilink:204_0|68990|1
2026-08-04|citilink:204_0|74509|1
2026-09-03|citilink:204_0|71750|1
2026-10-03|citilink:204_0|68990|1
2026-08-04|citilink:204_0|52909|1
2026-09-03|citilink:204_0|50950|1
2026-10-03|citilink:204_0|48990|1
2026-08-04|citilink:204_0|43915|1
2026-09-03|citilink:204_0|42288|1
2026-10-03|citilink:204_0|40662|1
2026-08-04|citilink:204_0|38537|1
2026-09-03|citilink:204_0|37109|1
2026-10-03|citilink:204_0|35682|1
