2026-10-03|citilink:460_0|36951|1
2026-09-18|citilink:460_0|39907|1
2026-09-03|citilink:460_0|41385|1
2026-10-03|citilink:460_0|30084|1
2026-09-18|citilink:460_0|32491|1
2026-09-03|citilink:460_0|33694|1
2026-10-03|citilink:460_0|32046|1
2026-09-18|citilink:460_0|34610|1
2026-09-01|citilink:460_0|35892|1
2026-10-03|citilink:460_0|32046|1
2026-09-18|citilink:460_0|34610|1
2026-09-01|citilink:460_0|35892|1
2026-10-03|citilink:460_0|32046|1
2026-09-18|citilink:460_0|34610|1
2026-09-01|citilink:460_0|35892|1
2026-10-03|citilink:460_0|32046|1
2026-09-18|citilink:460_0|34610|1
2026-09-01|citilink:460_0|35892|1
2026-08-04|citilink:460_0|126350|1
2026-09-03|citilink:460_0|121671|1
2026-10-03|citilink:460_0|116991|1
2026-08-04|citilink:460_0|13598|1
2026-09-03|citilink:460_0|13095|1
2026-10-03|citilink:460_0|12591|1
2026-08-04|citilink:460_0|13598|1
2026-09-03|citilink:460_0|13095|1
2026-10-03|citilink:460_0|12591|1
