2026-10-03|citilink:326_0|5194|1
2026-09-18|citilink:326_0|5610|1
2026-09-03|citilink:326_0|5817|1
2026-10-03|citilink:326_0|5035|1
2026-09-18|citilink:326_0|5438|1
2026-09-03|citilink:326_0|5639|1
2026-10-03|citilink:326_0|5141|1
2026-09-18|citilink:326_0|5552|1
2026-09-01|citilink:326_0|5758|1
2026-10-03|citilink:326_0|5141|1
2026-09-18|citilink:326_0|5552|1
2026-09-01|citilink:326_0|5758|1
2026-10-03|citilink:326_0|5141|1
2026-09-18|citilink:326_0|5552|1
2026-09-01|citilink:326_0|5758|1
2026-10-03|citilink:326_0|5141|1
2026-09-18|citilink:326_0|5552|1
2026-09-01|citilink:326_0|5758|1
2026-08-04|citilink:326_0|21860|1
2026-09-03|citilink:326_0|21051|1
2026-10-03|citilink:326_0|20241|1
2026-08-04|citilink:326_0|17972|1
2026-09-03|citilink:326_0|17307|1
2026-10-03|citilink:326_0|16641|1
2026-08-04|citilink:326_0|17972|1
2026-09-03|citilink:326_0|17307|1
2026-10-03|citilink:326_0|16641|1
