2026-10-03|citilink:70_0|60818|1
2026-09-18|citilink:70_0|65683|1
2026-09-03|citilink:70_0|68116|1
2026-10-03|citilink:70_0|58877|1
2026-09-18|citilink:70_0|63587|1
2026-09-03|citilink:70_0|65942|1
2026-10-03|citilink:70_0|60818|1
2026-09-18|citilink:70_0|65683|1
2026-09-01|citilink:70_0|68116|1
2026-10-03|citilink:70_0|60818|1
2026-09-18|citilink:70_0|65683|1
2026-09-01|citilink:70_0|68116|1
2026-10-03|citilink:70_0|60818|1
2026-09-18|citilink:70_0|65683|1
2026-09-01|citilink:70_0|68116|1
2026-10-03|citilink:70_0|60818|1
2026-09-18|citilink:70_0|65683|1
2026-09-01|citilink:70_0|68116|1
2026-08-04|citilink:70_0|133133|1
2026-09-03|citilink:70_0|128202|1
2026-10-03|citilink:70_0|123271|1
2026-08-04|citilink:70_0|42715|1
2026-09-03|citilink:70_0|41133|1
2026-10-03|citilink:70_0|39551|1
2026-08-04|citilink:70_0|42715|1
2026-09-03|citilink:70_0|41133|1
2026-10-03|citilink:70_0|39551|1
2026-08-04|citilink:70_0|59109|1
2026-09-03|citilink:70_0|56920|1
2026-10-03|citilink:70_0|54731|1
2026-08-04|citilink:70_0|55254|1
2026-09-03|citilink:70_0|53207|1
2026-10-03|citilink:70_0|51161|1
2026-08-04|citilink:70_0|53861|1
2026-09-03|citilink:70_0|51866|1
2026-10-03|citilink:70_0|49871|1
2026-08-04|citilink:70_0|54529|1
2026-09-03|citilink:70_0|52510|1
2026-10-03|citilink:70_0|50490|1
