2026-10-03|citilink:383_0|62517|1
2026-09-18|citilink:383_0|67518|1
2026-09-03|citilink:383_0|70019|1
2026-10-03|citilink:383_0|62517|1
2026-09-18|citilink:383_0|67518|1
2026-09-03|citilink:383_0|70019|1
2026-10-03|citilink:383_0|66639|1
2026-09-18|citilink:383_0|71970|1
2026-09-01|citilink:383_0|74636|1
2026-10-03|citilink:383_0|66639|1
2026-09-18|citilink:383_0|71970|1
2026-09-01|citilink:383_0|74636|1
2026-10-03|citilink:383_0|66639|1
2026-09-18|citilink:383_0|71970|1
2026-09-01|citilink:383_0|74636|1
2026-10-03|citilink:383_0|66639|1
2026-09-18|citilink:383_0|71970|1
2026-09-01|citilink:383_0|74636|1
2026-08-04|citilink:383_0|23577|1
2026-09-03|citilink:383_0|22704|1
2026-10-03|citilink:383_0|21831|1
2026-08-04|citilink:383_0|12275|1
2026-09-03|citilink:383_0|11821|1
2026-10-03|citilink:383_0|11366|1
2026-08-04|citilink:383_0|12275|1
2026-09-03|citilink:383_0|11821|1
2026-10-03|citilink:383_0|11366|1
2026-08-04|citilink:383_0|28491|1
2026-09-03|citilink:383_0|27436|1
2026-10-03|citilink:383_0|26381|1
2026-08-04|citilink:383_0|30056|1
2026-09-03|citilink:383_0|28943|1
2026-10-03|citilink:383_0|27830|1
2026-08-04|citilink:383_0|22280|1
2026-09-03|citilink:383_0|21455|1
2026-10-03|citilink:383_0|20630|1
