2026-10-03|citilink:196_0|126779|1
2026-09-18|citilink:196_0|136921|1
2026-09-03|citilink:196_0|141992|1
2026-10-03|citilink:196_0|126779|1
2026-09-18|citilink:196_0|136921|1
2026-09-03|citilink:196_0|141992|1
2026-10-03|citilink:196_0|130700|1
2026-09-18|citilink:196_0|141156|1
2026-09-01|citilink:196_0|146384|1
2026-10-03|citilink:196_0|130700|1
2026-09-18|citilink:196_0|141156|1
2026-09-01|citilink:196_0|146384|1
2026-10-03|citilink:196_0|130700|1
2026-09-18|citilink:196_0|141156|1
2026-09-01|citilink:196_0|146384|1
2026-10-03|citilink:196_0|130700|1
2026-09-18|citilink:196_0|141156|1
2026-09-01|citilink:196_0|146384|1
2026-08-04|citilink:196_0|126177|1
2026-09-03|citilink:196_0|121504|1
2026-10-03|citilink:196_0|116831|1
2026-08-04|citilink:196_0|78485|1
2026-09-03|citilink:196_0|75578|1
2026-10-03|citilink:196_0|72671|1
2026-08-04|citilink:196_0|78485|1
2026-09-03|citilink:196_0|75578|1
2026-10-03|citilink:196_0|72671|1
2026-08-04|citilink:196_0|47186|1
2026-09-03|citilink:196_0|45439|1
2026-10-03|citilink:196_0|43691|1
2026-08-04|citilink:196_0|51289|1
2026-09-03|citilink:196_0|49390|1
2026-10-03|citilink:196_0|47490|1
2026-08-04|citilink:196_0|46429|1
2026-09-03|citilink:196_0|44710|1
2026-10-03|citilink:196_0|42990|1
2026-08-04|citilink:196_0|47833|1
2026-09-03|citilink:196_0|46062|1
2026-10-03|citilink:196_0|44290|1
