2026-10-03|citilink:452_0|3772|1
2026-09-18|citilink:452_0|4074|1
2026-09-03|citilink:452_0|4225|1
2026-10-03|citilink:452_0|4182|1
2026-09-18|citilink:452_0|4517|1
2026-09-03|citilink:452_0|4684|1
2026-10-03|citilink:452_0|4262|1
2026-09-18|citilink:452_0|4603|1
2026-09-01|citilink:452_0|4773|1
2026-10-03|citilink:452_0|4262|1
2026-09-18|citilink:452_0|4603|1
2026-09-01|citilink:452_0|4773|1
2026-10-03|citilink:452_0|4262|1
2026-09-18|citilink:452_0|4603|1
2026-09-01|citilink:452_0|4773|1
2026-10-03|citilink:452_0|4262|1
2026-09-18|citilink:452_0|4603|1
2026-09-01|citilink:452_0|4773|1
2026-08-04|citilink:452_0|253790|1
2026-09-03|citilink:452_0|244391|1
2026-10-03|citilink:452_0|234991|1
2026-08-04|citilink:452_0|26385|1
2026-09-03|citilink:452_0|25408|1
2026-10-03|citilink:452_0|24431|1
2026-08-04|citilink:452_0|26385|1
2026-09-03|citilink:452_0|25408|1
2026-10-03|citilink:452_0|24431|1
2026-08-04|citilink:452_0|43644|1
2026-09-03|citilink:452_0|42027|1
2026-10-03|citilink:452_0|40411|1
