2026-10-03|citilink:188_0|90882|1
2026-09-18|citilink:188_0|98153|1
2026-09-03|citilink:188_0|101788|1
2026-10-03|citilink:188_0|81081|1
2026-09-18|citilink:188_0|87567|1
2026-09-03|citilink:188_0|90811|1
2026-10-03|citilink:188_0|83754|1
2026-09-18|citilink:188_0|90454|1
2026-09-01|citilink:188_0|93804|1
2026-10-03|citilink:188_0|83754|1
2026-09-18|citilink:188_0|90454|1
2026-09-01|citilink:188_0|93804|1
2026-10-03|citilink:188_0|83754|1
2026-09-18|citilink:188_0|90454|1
2026-09-01|citilink:188_0|93804|1
2026-10-03|citilink:188_0|83754|1
2026-09-18|citilink:188_0|90454|1
2026-09-01|citilink:188_0|93804|1
2026-08-04|citilink:188_0|60600|1
2026-09-03|citilink:188_0|58355|1
2026-10-03|citilink:188_0|56111|1
2026-08-04|citilink:188_0|371597|1
2026-09-03|citilink:188_0|357834|1
2026-10-03|citilink:188_0|344071|1
2026-08-04|citilink:188_0|371597|1
2026-09-03|citilink:188_0|357834|1
2026-10-03|citilink:188_0|344071|1
2026-08-04|citilink:188_0|45696|1
2026-09-03|citilink:188_0|44003|1
2026-10-03|citilink:188_0|42311|1
2026-08-04|citilink:188_0|47682|1
2026-09-03|citilink:188_0|45916|1
2026-10-03|citilink:188_0|44150|1
