2026-10-03|citilink:289_0|89635|1
2026-09-18|citilink:289_0|96806|1
2026-09-03|citilink:289_0|100391|1
2026-10-03|citilink:289_0|106380|1
2026-09-18|citilink:289_0|114890|1
2026-09-03|citilink:289_0|119146|1
2026-10-03|citilink:289_0|88650|1
2026-09-18|citilink:289_0|95742|1
2026-09-01|citilink:289_0|99288|1
2026-10-03|citilink:289_0|88650|1
2026-09-18|citilink:289_0|95742|1
2026-09-01|citilink:289_0|99288|1
2026-10-03|citilink:289_0|88650|1
2026-09-18|citilink:289_0|95742|1
2026-09-01|citilink:289_0|99288|1
2026-10-03|citilink:289_0|88650|1
2026-09-18|citilink:289_0|95742|1
2026-09-01|citilink:289_0|99288|1
2026-08-04|citilink:289_0|302520|1
2026-09-03|citilink:289_0|291315|1
2026-10-03|citilink:289_0|280111|1
