2026-10-03|citilink:33_0|10028|1
2026-09-18|citilink:33_0|10830|1
2026-09-03|citilink:33_0|11231|1
2026-10-03|citilink:33_0|10355|1
2026-09-18|citilink:33_0|11183|1
2026-09-03|citilink:33_0|11598|1
2026-10-03|citilink:33_0|10464|1
2026-09-18|citilink:33_0|11301|1
2026-09-01|citilink:33_0|11720|1
2026-10-03|citilink:33_0|10464|1
2026-09-18|citilink:33_0|11301|1
2026-09-01|citilink:33_0|11720|1
2026-10-03|citilink:33_0|10464|1
2026-09-18|citilink:33_0|11301|1
2026-09-01|citilink:33_0|11720|1
2026-10-03|citilink:33_0|10464|1
2026-09-18|citilink:33_0|11301|1
2026-09-01|citilink:33_0|11720|1
2026-08-04|citilink:33_0|126177|1
2026-09-03|citilink:33_0|121504|1
2026-10-03|citilink:33_0|116831|1
2026-08-04|citilink:33_0|11913|1
2026-09-03|citilink:33_0|11472|1
2026-10-03|citilink:33_0|11031|1
2026-08-04|citilink:33_0|11913|1
2026-09-03|citilink:33_0|11472|1
2026-10-03|citilink:33_0|11031|1
2026-08-04|citilink:33_0|52651|1
2026-09-03|citilink:33_0|50701|1
2026-10-03|citilink:33_0|48751|1
