2026-10-03|citilink:162_0|30401|1
2026-09-18|citilink:162_0|32833|1
2026-09-03|citilink:162_0|34049|1
2026-10-03|citilink:162_0|29197|1
2026-09-18|citilink:162_0|31533|1
2026-09-03|citilink:162_0|32701|1
2026-10-03|citilink:162_0|30100|1
2026-09-18|citilink:162_0|32508|1
2026-09-01|citilink:162_0|33712|1
2026-10-03|citilink:162_0|30100|1
2026-09-18|citilink:162_0|32508|1
2026-09-01|citilink:162_0|33712|1
2026-10-03|citilink:162_0|30100|1
2026-09-18|citilink:162_0|32508|1
2026-09-01|citilink:162_0|33712|1
2026-10-03|citilink:162_0|30100|1
2026-09-18|citilink:162_0|32508|1
2026-09-01|citilink:162_0|33712|1
2026-08-04|citilink:162_0|109286|1
2026-09-03|citilink:162_0|105239|1
2026-10-03|citilink:162_0|101191|1
2026-08-04|citilink:162_0|25824|1
2026-09-03|citilink:162_0|24867|1
2026-10-03|citilink:162_0|23911|1
2026-08-04|citilink:162_0|25824|1
2026-09-03|citilink:162_0|24867|1
2026-10-03|citilink:162_0|23911|1
2026-08-04|citilink:162_0|20359|1
2026-09-03|citilink:162_0|19605|1
2026-10-03|citilink:162_0|18851|1
2026-08-04|citilink:162_0|18589|1
2026-09-03|citilink:162_0|17900|1
2026-10-03|citilink:162_0|17212|1
2026-08-04|citilink:162_0|10424|1
2026-09-03|citilink:162_0|10038|1
2026-10-03|citilink:162_0|9652|1
2026-08-04|citilink:162_0|10573|1
2026-09-03|citilink:162_0|10182|1
2026-10-03|citilink:162_0|9790|1
