2026-10-03|citilink:134_0|41199|1
2026-09-18|citilink:134_0|44495|1
2026-09-03|citilink:134_0|46143|1
2026-10-03|citilink:134_0|41642|1
2026-09-18|citilink:134_0|44973|1
2026-09-03|citilink:134_0|46639|1
2026-10-03|citilink:134_0|40313|1
2026-09-18|citilink:134_0|43538|1
2026-09-01|citilink:134_0|45151|1
2026-10-03|citilink:134_0|40313|1
2026-09-18|citilink:134_0|43538|1
2026-09-01|citilink:134_0|45151|1
2026-10-03|citilink:134_0|40313|1
2026-09-18|citilink:134_0|43538|1
2026-09-01|citilink:134_0|45151|1
2026-10-03|citilink:134_0|40313|1
2026-09-18|citilink:134_0|43538|1
2026-09-01|citilink:134_0|45151|1
2026-08-04|citilink:134_0|119546|1
2026-09-03|citilink:134_0|115119|1
2026-10-03|citilink:134_0|110691|1
2026-08-04|citilink:134_0|25262|1
2026-09-03|citilink:134_0|24327|1
2026-10-03|citilink:134_0|23391|1
2026-08-04|citilink:134_0|25262|1
2026-09-03|citilink:134_0|24327|1
2026-10-03|citilink:134_0|23391|1
2026-08-04|citilink:134_0|59282|1
2026-09-03|citilink:134_0|57087|1
2026-10-03|citilink:134_0|54891|1
2026-08-04|citilink:134_0|54013|1
2026-09-03|citilink:134_0|52012|1
2026-10-03|citilink:134_0|50012|1
