2026-10-03|citilink:390_0|11610|1
2026-09-18|citilink:390_0|12539|1
2026-09-03|citilink:390_0|13003|1
2026-10-03|citilink:390_0|12126|1
2026-09-18|citilink:390_0|13096|1
2026-09-03|citilink:390_0|13581|1
2026-10-03|citilink:390_0|12384|1
2026-09-18|citilink:390_0|13375|1
2026-09-01|citilink:390_0|13870|1
2026-10-03|citilink:390_0|12384|1
2026-09-18|citilink:390_0|13375|1
2026-09-01|citilink:390_0|13870|1
2026-10-03|citilink:390_0|12384|1
2026-09-18|citilink:390_0|13375|1
2026-09-01|citilink:390_0|13870|1
2026-10-03|citilink:390_0|12384|1
2026-09-18|citilink:390_0|13375|1
2026-09-01|citilink:390_0|13870|1
2026-08-04|citilink:390_0|42715|1
2026-09-03|citilink:390_0|41133|1
2026-10-03|citilink:390_0|39551|1
2026-08-04|citilink:390_0|139094|1
2026-09-03|citilink:390_0|133943|1
2026-10-03|citilink:390_0|128791|1
