2026-10-03|citilink:330_0|30591|1
2026-09-18|citilink:330_0|33038|1
2026-09-03|citilink:330_0|34262|1
2026-10-03|citilink:330_0|29664|1
2026-09-18|citilink:330_0|32037|1
2026-09-03|citilink:330_0|33224|1
2026-10-03|citilink:330_0|31209|1
2026-09-18|citilink:330_0|33706|1
2026-09-01|citilink:330_0|34954|1
2026-10-03|citilink:330_0|31209|1
2026-09-18|citilink:330_0|33706|1
2026-09-01|citilink:330_0|34954|1
2026-10-03|citilink:330_0|31209|1
2026-09-18|citilink:330_0|33706|1
2026-09-01|citilink:330_0|34954|1
2026-10-03|citilink:330_0|31209|1
2026-09-18|citilink:330_0|33706|1
2026-09-01|citilink:330_0|34954|1
2026-08-04|citilink:330_0|38741|1
2026-09-03|citilink:330_0|37306|1
2026-10-03|citilink:330_0|35871|1
2026-08-04|citilink:330_0|20856|1
2026-09-03|citilink:330_0|20083|1
2026-10-03|citilink:330_0|19311|1
2026-08-04|citilink:330_0|20856|1
2026-09-03|citilink:330_0|20083|1
2026-10-03|citilink:330_0|19311|1
2026-08-04|citilink:330_0|20359|1
2026-09-03|citilink:330_0|19605|1
2026-10-03|citilink:330_0|18851|1
