2026-10-03|citilink:311_0|88725|1
2026-09-18|citilink:311_0|95823|1
2026-09-03|citilink:311_0|99372|1
2026-10-03|citilink:311_0|91650|1
2026-09-18|citilink:311_0|98982|1
2026-09-03|citilink:311_0|102648|1
2026-10-03|citilink:311_0|90675|1
2026-09-18|citilink:311_0|97929|1
2026-09-01|citilink:311_0|101556|1
2026-10-03|citilink:311_0|90675|1
2026-09-18|citilink:311_0|97929|1
2026-09-01|citilink:311_0|101556|1
2026-10-03|citilink:311_0|90675|1
2026-09-18|citilink:311_0|97929|1
2026-09-01|citilink:311_0|101556|1
2026-10-03|citilink:311_0|90675|1
2026-09-18|citilink:311_0|97929|1
2026-09-01|citilink:311_0|101556|1
2026-08-04|citilink:311_0|75320|1
2026-09-03|citilink:311_0|72531|1
2026-10-03|citilink:311_0|69741|1
2026-08-04|citilink:311_0|18572|1
2026-09-03|citilink:311_0|17884|1
2026-10-03|citilink:311_0|17196|1
2026-08-04|citilink:311_0|18572|1
2026-09-03|citilink:311_0|17884|1
2026-10-03|citilink:311_0|17196|1
