2026-10-03|citilink:55_0|103649|1
2026-09-18|citilink:55_0|111941|1
2026-09-03|citilink:55_0|116087|1
2026-10-03|citilink:55_0|108205|1
2026-09-18|citilink:55_0|116861|1
2026-09-03|citilink:55_0|121190|1
2026-10-03|citilink:55_0|102510|1
2026-09-18|citilink:55_0|110711|1
2026-09-01|citilink:55_0|114811|1
2026-10-03|citilink:55_0|102510|1
2026-09-18|citilink:55_0|110711|1
2026-09-01|citilink:55_0|114811|1
2026-10-03|citilink:55_0|102510|1
2026-09-18|citilink:55_0|110711|1
2026-09-01|citilink:55_0|114811|1
2026-10-03|citilink:55_0|102510|1
2026-09-18|citilink:55_0|110711|1
2026-09-01|citilink:55_0|114811|1
2026-08-04|citilink:55_0|35371|1
2026-09-03|citilink:55_0|34061|1
2026-10-03|citilink:55_0|32751|1
2026-08-04|citilink:55_0|68786|1
2026-09-03|citilink:55_0|66239|1
2026-10-03|citilink:55_0|63691|1
2026-08-04|citilink:55_0|68786|1
2026-09-03|citilink:55_0|66239|1
2026-10-03|citilink:55_0|63691|1
2026-08-04|citilink:55_0|29966|1
2026-09-03|citilink:55_0|28856|1
2026-10-03|citilink:55_0|27746|1
2026-08-04|citilink:55_0|31612|1
2026-09-03|citilink:55_0|30441|1
2026-10-03|citilink:55_0|29270|1
2026-08-04|citilink:55_0|22280|1
2026-09-03|citilink:55_0|21455|1
2026-10-03|citilink:55_0|20630|1
2026-08-04|citilink:55_0|21805|1
2026-09-03|citilink:55_0|20998|1
2026-10-03|citilink:55_0|20190|1
