2026-10-03|citilink:345_0|12065|1
2026-09-18|citilink:345_0|13030|1
2026-09-03|citilink:345_0|13513|1
2026-10-03|citilink:345_0|11938|1
2026-09-18|citilink:345_0|12893|1
2026-09-03|citilink:345_0|13371|1
2026-10-03|citilink:345_0|11811|1
2026-09-18|citilink:345_0|12756|1
2026-09-01|citilink:345_0|13228|1
2026-10-03|citilink:345_0|11811|1
2026-09-18|citilink:345_0|12756|1
2026-09-01|citilink:345_0|13228|1
2026-10-03|citilink:345_0|11811|1
2026-09-18|citilink:345_0|12756|1
2026-09-01|citilink:345_0|13228|1
2026-10-03|citilink:345_0|11811|1
2026-09-18|citilink:345_0|12756|1
2026-09-01|citilink:345_0|13228|1
2026-08-04|citilink:345_0|82351|1
2026-09-03|citilink:345_0|79301|1
2026-10-03|citilink:345_0|76251|1
2026-08-04|citilink:345_0|168729|1
2026-09-03|citilink:345_0|162480|1
2026-10-03|citilink:345_0|156231|1
2026-08-04|citilink:345_0|168729|1
2026-09-03|citilink:345_0|162480|1
2026-10-03|citilink:345_0|156231|1
