2026-10-03|citilink:89_0|62881|1
2026-09-18|citilink:89_0|67911|1
2026-09-03|citilink:89_0|70427|1
2026-10-03|citilink:89_0|75319|1
2026-09-18|citilink:89_0|81345|1
2026-09-03|citilink:89_0|84357|1
2026-10-03|citilink:89_0|62190|1
2026-09-18|citilink:89_0|67165|1
2026-09-01|citilink:89_0|69653|1
2026-10-03|citilink:89_0|62190|1
2026-09-18|citilink:89_0|67165|1
2026-09-01|citilink:89_0|69653|1
2026-10-03|citilink:89_0|62190|1
2026-09-18|citilink:89_0|67165|1
2026-09-01|citilink:89_0|69653|1
2026-10-03|citilink:89_0|62190|1
2026-09-18|citilink:89_0|67165|1
2026-09-01|citilink:89_0|69653|1
2026-08-04|citilink:89_0|190653|1
2026-09-03|citilink:89_0|183592|1
2026-10-03|citilink:89_0|176531|1
2026-08-04|citilink:89_0|12275|1
2026-09-03|citilink:89_0|11821|1
2026-10-03|citilink:89_0|11366|1
2026-08-04|citilink:89_0|12275|1
2026-09-03|citilink:89_0|11821|1
2026-10-03|citilink:89_0|11366|1
2026-08-04|citilink:89_0|52079|1
2026-09-03|citilink:89_0|50150|1
2026-10-03|citilink:89_0|48221|1
2026-08-04|citilink:89_0|54368|1
2026-09-03|citilink:89_0|52355|1
2026-10-03|citilink:89_0|50341|1
2026-08-04|citilink:89_0|48212|1
2026-09-03|citilink:89_0|46427|1
2026-10-03|citilink:89_0|44641|1
2026-08-04|citilink:89_0|56365|1
2026-09-03|citilink:89_0|54278|1
2026-10-03|citilink:89_0|52190|1
