2026-10-03|citilink:199_0|91233|1
2026-09-18|citilink:199_0|98532|1
2026-09-03|citilink:199_0|102181|1
2026-10-03|citilink:199_0|96138|1
2026-09-18|citilink:199_0|103829|1
2026-09-03|citilink:199_0|107675|1
2026-10-03|citilink:199_0|94176|1
2026-09-18|citilink:199_0|101710|1
2026-09-01|citilink:199_0|105477|1
2026-10-03|citilink:199_0|94176|1
2026-09-18|citilink:199_0|101710|1
2026-09-01|citilink:199_0|105477|1
2026-10-03|citilink:199_0|94176|1
2026-09-18|citilink:199_0|101710|1
2026-09-01|citilink:199_0|105477|1
2026-10-03|citilink:199_0|94176|1
2026-09-18|citilink:199_0|101710|1
2026-09-01|citilink:199_0|105477|1
2026-08-04|citilink:199_0|286968|1
2026-09-03|citilink:199_0|276339|1
2026-10-03|citilink:199_0|265711|1
2026-08-04|citilink:199_0|116943|1
2026-09-03|citilink:199_0|112612|1
2026-10-03|citilink:199_0|108281|1
2026-08-04|citilink:199_0|116943|1
2026-09-03|citilink:199_0|112612|1
2026-10-03|citilink:199_0|108281|1
2026-08-04|citilink:199_0|25543|1
2026-09-03|citilink:199_0|24597|1
2026-10-03|citilink:199_0|23651|1
2026-08-04|citilink:199_0|27227|1
2026-09-03|citilink:199_0|26218|1
2026-10-03|citilink:199_0|25210|1
2026-08-04|citilink:199_0|22513|1
2026-09-03|citilink:199_0|21679|1
2026-10-03|citilink:199_0|20845|1
2026-08-04|citilink:199_0|22021|1
2026-09-03|citilink:199_0|21206|1
2026-10-03|citilink:199_0|20390|1
