2026-10-03|citilink:455_0|67230|1
2026-09-18|citilink:455_0|72608|1
2026-09-03|citilink:455_0|75298|1
2026-10-03|citilink:455_0|73953|1
2026-09-18|citilink:455_0|79869|1
2026-09-03|citilink:455_0|82827|1
2026-10-03|citilink:455_0|75447|1
2026-09-18|citilink:455_0|81483|1
2026-09-01|citilink:455_0|84501|1
2026-10-03|citilink:455_0|75447|1
2026-09-18|citilink:455_0|81483|1
2026-09-01|citilink:455_0|84501|1
2026-10-03|citilink:455_0|75447|1
2026-09-18|citilink:455_0|81483|1
2026-09-01|citilink:455_0|84501|1
2026-10-03|citilink:455_0|75447|1
2026-09-18|citilink:455_0|81483|1
2026-09-01|citilink:455_0|84501|1
2026-08-04|citilink:455_0|69656|1
2026-09-03|citilink:455_0|67076|1
2026-10-03|citilink:455_0|64496|1
2026-08-04|citilink:455_0|13425|1
2026-09-03|citilink:455_0|12928|1
2026-10-03|citilink:455_0|12431|1
2026-08-04|citilink:455_0|13425|1
2026-09-03|citilink:455_0|12928|1
2026-10-03|citilink:455_0|12431|1
2026-08-04|citilink:455_0|21387|1
2026-09-03|citilink:455_0|20595|1
2026-10-03|citilink:455_0|19803|1
2026-08-04|citilink:455_0|19959|1
2026-09-03|citilink:455_0|19220|1
2026-10-03|citilink:455_0|18481|1
2026-08-04|citilink:455_0|19959|1
2026-09-03|citilink:455_0|19220|1
2026-10-03|citilink:455_0|18481|1
2026-08-04|citilink:455_0|19753|1
2026-09-03|citilink:455_0|19022|1
2026-10-03|citilink:455_0|18290|1
