2026-10-03|citilink:141_0|21111|1
2026-09-18|citilink:141_0|22800|1
2026-09-03|citilink:141_0|23644|1
2026-10-03|citilink:141_0|22473|1
2026-09-18|citilink:141_0|24271|1
2026-09-03|citilink:141_0|25170|1
2026-10-03|citilink:141_0|20430|1
2026-09-18|citilink:141_0|22064|1
2026-09-01|citilink:141_0|22882|1
2026-10-03|citilink:141_0|20430|1
2026-09-18|citilink:141_0|22064|1
2026-09-01|citilink:141_0|22882|1
2026-10-03|citilink:141_0|20430|1
2026-09-18|citilink:141_0|22064|1
2026-09-01|citilink:141_0|22882|1
2026-10-03|citilink:141_0|20430|1
2026-09-18|citilink:141_0|22064|1
2026-09-01|citilink:141_0|22882|1
2026-08-04|citilink:141_0|53645|1
2026-09-03|citilink:141_0|51658|1
2026-10-03|citilink:141_0|49671|1
2026-08-04|citilink:141_0|40728|1
2026-09-03|citilink:141_0|39219|1
2026-10-03|citilink:141_0|37711|1
