2026-10-03|citilink:397_0|25203|1
2026-09-18|citilink:397_0|27219|1
2026-09-03|citilink:397_0|28227|1
2026-10-03|citilink:397_0|24932|1
2026-09-18|citilink:397_0|26927|1
2026-09-03|citilink:397_0|27924|1
2026-10-03|citilink:397_0|25474|1
2026-09-18|citilink:397_0|27512|1
2026-09-01|citilink:397_0|28531|1
2026-10-03|citilink:397_0|25474|1
2026-09-18|citilink:397_0|27512|1
2026-09-01|citilink:397_0|28531|1
2026-10-03|citilink:397_0|25474|1
2026-09-18|citilink:397_0|27512|1
2026-09-01|citilink:397_0|28531|1
2026-10-03|citilink:397_0|25474|1
2026-09-18|citilink:397_0|27512|1
2026-09-01|citilink:397_0|28531|1
2026-08-04|citilink:397_0|122462|1
2026-09-03|citilink:397_0|117927|1
2026-10-03|citilink:397_0|113391|1
2026-08-04|citilink:397_0|10682|1
2026-09-03|citilink:397_0|10287|1
2026-10-03|citilink:397_0|9891|1
2026-08-04|citilink:397_0|10682|1
2026-09-03|citilink:397_0|10287|1
2026-10-03|citilink:397_0|9891|1
