2026-10-03|citilink:110_0|8910|1
2026-09-18|citilink:110_0|9623|1
2026-09-03|citilink:110_0|9979|1
2026-10-03|citilink:110_0|8910|1
2026-09-18|citilink:110_0|9623|1
2026-09-03|citilink:110_0|9979|1
2026-10-03|citilink:110_0|9702|1
2026-09-18|citilink:110_0|10478|1
2026-09-01|citilink:110_0|10866|1
2026-10-03|citilink:110_0|9702|1
2026-09-18|citilink:110_0|10478|1
2026-09-01|citilink:110_0|10866|1
2026-10-03|citilink:110_0|9702|1
2026-09-18|citilink:110_0|10478|1
2026-09-01|citilink:110_0|10866|1
2026-10-03|citilink:110_0|9702|1
2026-09-18|citilink:110_0|10478|1
2026-09-01|citilink:110_0|10866|1
2026-08-04|citilink:110_0|182791|1
2026-09-03|citilink:110_0|176021|1
2026-10-03|citilink:110_0|169251|1
2026-08-04|citilink:110_0|144462|1
2026-09-03|citilink:110_0|139111|1
2026-10-03|citilink:110_0|133761|1
2026-08-04|citilink:110_0|144462|1
2026-09-03|citilink:110_0|139111|1
2026-10-03|citilink:110_0|133761|1
2026-08-04|citilink:110_0|65838|1
2026-09-03|citilink:110_0|63399|1
2026-10-03|citilink:110_0|60961|1
2026-08-04|citilink:110_0|70178|1
2026-09-03|citilink:110_0|67579|1
2026-10-03|citilink:110_0|64980|1
2026-08-04|citilink:110_0|60750|1
2026-09-03|citilink:110_0|58500|1
2026-10-03|citilink:110_0|56250|1
2026-08-04|citilink:110_0|59497|1
2026-09-03|citilink:110_0|57294|1
2026-10-03|citilink:110_0|55090|1
