2026-10-03|citilink:29_0|19300|1
2026-09-18|citilink:29_0|20844|1
2026-09-03|citilink:29_0|21616|1
2026-10-03|citilink:29_0|17563|1
2026-09-18|citilink:29_0|18968|1
2026-09-03|citilink:29_0|19671|1
2026-10-03|citilink:29_0|17949|1
2026-09-18|citilink:29_0|19385|1
2026-09-01|citilink:29_0|20103|1
2026-10-03|citilink:29_0|17949|1
2026-09-18|citilink:29_0|19385|1
2026-09-01|citilink:29_0|20103|1
2026-10-03|citilink:29_0|17949|1
2026-09-18|citilink:29_0|19385|1
2026-09-01|citilink:29_0|20103|1
2026-10-03|citilink:29_0|17949|1
2026-09-18|citilink:29_0|19385|1
2026-09-01|citilink:29_0|20103|1
2026-08-04|citilink:29_0|184670|1
2026-09-03|citilink:29_0|177831|1
2026-10-03|citilink:29_0|170991|1
2026-08-04|citilink:29_0|4850|1
2026-09-03|citilink:29_0|4671|1
2026-10-03|citilink:29_0|4491|1
2026-08-04|citilink:29_0|4850|1
2026-09-03|citilink:29_0|4671|1
2026-10-03|citilink:29_0|4491|1
2026-08-04|citilink:29_0|57824|1
2026-09-03|citilink:29_0|55683|1
2026-10-03|citilink:29_0|53541|1
2026-08-04|citilink:29_0|52685|1
2026-09-03|citilink:29_0|50733|1
2026-10-03|citilink:29_0|48782|1
2026-08-04|citilink:29_0|48699|1
2026-09-03|citilink:29_0|46896|1
2026-10-03|citilink:29_0|45092|1
