2026-10-03|citilink:492_0|57165|1
2026-09-18|citilink:492_0|61738|1
2026-09-03|citilink:492_0|64025|1
2026-10-03|citilink:492_0|61050|1
2026-09-18|citilink:492_0|65934|1
2026-09-03|citilink:492_0|68376|1
2026-10-03|citilink:492_0|53835|1
2026-09-18|citilink:492_0|58142|1
2026-09-01|citilink:492_0|60295|1
2026-10-03|citilink:492_0|53835|1
2026-09-18|citilink:492_0|58142|1
2026-09-01|citilink:492_0|60295|1
2026-10-03|citilink:492_0|53835|1
2026-09-18|citilink:492_0|58142|1
2026-09-01|citilink:492_0|60295|1
2026-10-03|citilink:492_0|53835|1
2026-09-18|citilink:492_0|58142|1
2026-09-01|citilink:492_0|60295|1
2026-08-04|citilink:492_0|112483|1
2026-09-03|citilink:492_0|108317|1
2026-10-03|citilink:492_0|104151|1
2026-08-04|citilink:492_0|77329|1
2026-09-03|citilink:492_0|74465|1
2026-10-03|citilink:492_0|71601|1
2026-08-04|citilink:492_0|77329|1
2026-09-03|citilink:492_0|74465|1
2026-10-03|citilink:492_0|71601|1
2026-08-04|citilink:492_0|50712|1
2026-09-03|citilink:492_0|48834|1
2026-10-03|citilink:492_0|46956|1
2026-08-04|citilink:492_0|45805|1
2026-09-03|citilink:492_0|44108|1
2026-10-03|citilink:492_0|42412|1
2026-08-04|citilink:492_0|39001|1
2026-09-03|citilink:492_0|37556|1
2026-10-03|citilink:492_0|36112|1
2026-08-04|citilink:492_0|39409|1
2026-09-03|citilink:492_0|37950|1
2026-10-03|citilink:492_0|36490|1
