2026-10-03|citilink:203_0|63147|1
2026-09-18|citilink:203_0|68199|1
2026-09-03|citilink:203_0|70725|1
2026-10-03|citilink:203_0|64505|1
2026-09-18|citilink:203_0|69665|1
2026-09-03|citilink:203_0|72246|1
2026-10-03|citilink:203_0|67221|1
2026-09-18|citilink:203_0|72599|1
2026-09-01|citilink:203_0|75288|1
2026-10-03|citilink:203_0|67221|1
2026-09-18|citilink:203_0|72599|1
2026-09-01|citilink:203_0|75288|1
2026-10-03|citilink:203_0|67221|1
2026-09-18|citilink:203_0|72599|1
2026-09-01|citilink:203_0|75288|1
2026-10-03|citilink:203_0|67221|1
2026-09-18|citilink:203_0|72599|1
2026-09-01|citilink:203_0|75288|1
2026-08-04|citilink:203_0|22087|1
2026-09-03|citilink:203_0|21269|1
2026-10-03|citilink:203_0|20451|1
