2026-10-03|citilink:308_0|8811|1
2026-09-18|citilink:308_0|9516|1
2026-09-03|citilink:308_0|9868|1
2026-10-03|citilink:308_0|8010|1
2026-09-18|citilink:308_0|8651|1
2026-09-03|citilink:308_0|8971|1
2026-10-03|citilink:308_0|8544|1
2026-09-18|citilink:308_0|9228|1
2026-09-01|citilink:308_0|9569|1
2026-10-03|citilink:308_0|8544|1
2026-09-18|citilink:308_0|9228|1
2026-09-01|citilink:308_0|9569|1
2026-10-03|citilink:308_0|8544|1
2026-09-18|citilink:308_0|9228|1
2026-09-01|citilink:308_0|9569|1
2026-10-03|citilink:308_0|8544|1
2026-09-18|citilink:308_0|9228|1
2026-09-01|citilink:308_0|9569|1
2026-08-04|citilink:308_0|59250|1
2026-09-03|citilink:308_0|57055|1
2026-10-03|citilink:308_0|54861|1
2026-08-04|citilink:308_0|24096|1
2026-09-03|citilink:308_0|23203|1
2026-10-03|citilink:308_0|22311|1
2026-08-04|citilink:308_0|24096|1
2026-09-03|citilink:308_0|23203|1
2026-10-03|citilink:308_0|22311|1
2026-08-04|citilink:308_0|47699|1
2026-09-03|citilink:308_0|45933|1
2026-10-03|citilink:308_0|44166|1
2026-08-04|citilink:308_0|48725|1
2026-09-03|citilink:308_0|46921|1
2026-10-03|citilink:308_0|45116|1
2026-08-04|citilink:308_0|44108|1
2026-09-03|citilink:308_0|42475|1
2026-10-03|citilink:308_0|40841|1
