2026-10-03|citilink:215_0|30783|1
2026-09-18|citilink:215_0|33246|1
2026-09-03|citilink:215_0|34477|1
2026-10-03|citilink:215_0|32438|1
2026-09-18|citilink:215_0|35033|1
2026-09-03|citilink:215_0|36331|1
2026-10-03|citilink:215_0|31776|1
2026-09-18|citilink:215_0|34318|1
2026-09-01|citilink:215_0|35589|1
2026-10-03|citilink:215_0|31776|1
2026-09-18|citilink:215_0|34318|1
2026-09-01|citilink:215_0|35589|1
2026-10-03|citilink:215_0|31776|1
2026-09-18|citilink:215_0|34318|1
2026-09-01|citilink:215_0|35589|1
2026-10-03|citilink:215_0|31776|1
2026-09-18|citilink:215_0|34318|1
2026-09-01|citilink:215_0|35589|1
2026-08-04|citilink:215_0|75914|1
2026-09-03|citilink:215_0|73103|1
2026-10-03|citilink:215_0|70291|1
2026-08-04|citilink:215_0|44108|1
2026-09-03|citilink:215_0|42475|1
2026-10-03|citilink:215_0|40841|1
2026-08-04|citilink:215_0|44108|1
2026-09-03|citilink:215_0|42475|1
2026-10-03|citilink:215_0|40841|1
2026-08-04|citilink:215_0|29744|1
2026-09-03|citilink:215_0|28643|1
2026-10-03|citilink:215_0|27541|1
2026-08-04|citilink:215_0|26300|1
2026-09-03|citilink:215_0|25326|1
2026-10-03|citilink:215_0|24352|1
2026-08-04|citilink:215_0|19496|1
2026-09-03|citilink:215_0|18774|1
2026-10-03|citilink:215_0|18052|1
