2026-10-03|citilink:471_0|14444|1
2026-09-18|citilink:471_0|15600|1
2026-09-03|citilink:471_0|16177|1
2026-10-03|citilink:471_0|14130|1
2026-09-18|citilink:471_0|15260|1
2026-09-03|citilink:471_0|15826|1
2026-10-03|citilink:471_0|14130|1
2026-09-18|citilink:471_0|15260|1
2026-09-01|citilink:471_0|15826|1
2026-10-03|citilink:471_0|14130|1
2026-09-18|citilink:471_0|15260|1
2026-09-01|citilink:471_0|15826|1
2026-10-03|citilink:471_0|14130|1
2026-09-18|citilink:471_0|15260|1
2026-09-01|citilink:471_0|15826|1
2026-10-03|citilink:471_0|14130|1
2026-09-18|citilink:471_0|15260|1
2026-09-01|citilink:471_0|15826|1
2026-08-04|citilink:471_0|46193|1
2026-09-03|citilink:471_0|44482|1
2026-10-03|citilink:471_0|42771|1
