2026-10-03|citilink:370_0|30685|1
2026-09-18|citilink:370_0|33140|1
2026-09-03|citilink:370_0|34367|1
2026-10-03|citilink:370_0|30362|1
2026-09-18|citilink:370_0|32791|1
2026-09-03|citilink:370_0|34005|1
2026-10-03|citilink:370_0|30362|1
2026-09-18|citilink:370_0|32791|1
2026-09-01|citilink:370_0|34005|1
2026-10-03|citilink:370_0|30362|1
2026-09-18|citilink:370_0|32791|1
2026-09-01|citilink:370_0|34005|1
2026-10-03|citilink:370_0|30362|1
2026-09-18|citilink:370_0|32791|1
2026-09-01|citilink:370_0|34005|1
2026-10-03|citilink:370_0|30362|1
2026-09-18|citilink:370_0|32791|1
2026-09-01|citilink:370_0|34005|1
2026-08-04|citilink:370_0|131685|1
2026-09-03|citilink:370_0|126808|1
2026-10-03|citilink:370_0|121931|1
