2026-10-03|citilink:286_0|62622|1
2026-09-18|citilink:286_0|67632|1
2026-09-03|citilink:286_0|70137|1
2026-10-03|citilink:286_0|60066|1
2026-09-18|citilink:286_0|64871|1
2026-09-03|citilink:286_0|67274|1
2026-10-03|citilink:286_0|58788|1
2026-09-18|citilink:286_0|63491|1
2026-09-01|citilink:286_0|65843|1
2026-10-03|citilink:286_0|58788|1
2026-09-18|citilink:286_0|63491|1
2026-09-01|citilink:286_0|65843|1
2026-10-03|citilink:286_0|58788|1
2026-09-18|citilink:286_0|63491|1
2026-09-01|citilink:286_0|65843|1
2026-10-03|citilink:286_0|58788|1
2026-09-18|citilink:286_0|63491|1
2026-09-01|citilink:286_0|65843|1
2026-08-04|citilink:286_0|130703|1
2026-09-03|citilink:286_0|125862|1
2026-10-03|citilink:286_0|121021|1
2026-08-04|citilink:286_0|39302|1
2026-09-03|citilink:286_0|37847|1
2026-10-03|citilink:286_0|36391|1
2026-08-04|citilink:286_0|39302|1
2026-09-03|citilink:286_0|37847|1
2026-10-03|citilink:286_0|36391|1
2026-08-04|citilink:286_0|56993|1
2026-09-03|citilink:286_0|54882|1
2026-10-03|citilink:286_0|52771|1
2026-08-04|citilink:286_0|60750|1
2026-09-03|citilink:286_0|58500|1
2026-10-03|citilink:286_0|56250|1
