2026-10-03|citilink:72_0|28215|1
2026-09-18|citilink:72_0|30472|1
2026-09-03|citilink:72_0|31601|1
2026-10-03|citilink:72_0|27621|1
2026-09-18|citilink:72_0|29831|1
2026-09-03|citilink:72_0|30936|1
2026-10-03|citilink:72_0|27918|1
2026-09-18|citilink:72_0|30151|1
2026-09-01|citilink:72_0|31268|1
2026-10-03|citilink:72_0|27918|1
2026-09-18|citilink:72_0|30151|1
2026-09-01|citilink:72_0|31268|1
2026-10-03|citilink:72_0|27918|1
2026-09-18|citilink:72_0|30151|1
2026-09-01|citilink:72_0|31268|1
2026-10-03|citilink:72_0|27918|1
2026-09-18|citilink:72_0|30151|1
2026-09-01|citilink:72_0|31268|1
2026-08-04|citilink:72_0|119416|1
2026-09-03|citilink:72_0|114993|1
2026-10-03|citilink:72_0|110570|1
2026-08-04|citilink:72_0|73321|1
2026-09-03|citilink:72_0|70606|1
2026-10-03|citilink:72_0|67890|1
2026-08-04|citilink:72_0|73321|1
2026-09-03|citilink:72_0|70606|1
2026-10-03|citilink:72_0|67890|1
2026-08-04|citilink:72_0|31941|1
2026-09-03|citilink:72_0|30758|1
2026-10-03|citilink:72_0|29575|1
2026-08-04|citilink:72_0|28319|1
2026-09-03|citilink:72_0|27270|1
2026-10-03|citilink:72_0|26221|1
