2026-10-03|citilink:238_0|136773|1
2026-09-18|citilink:238_0|147715|1
2026-09-03|citilink:238_0|153186|1
2026-10-03|citilink:238_0|145791|1
2026-09-18|citilink:238_0|157454|1
2026-09-03|citilink:238_0|163286|1
2026-10-03|citilink:238_0|142785|1
2026-09-18|citilink:238_0|154208|1
2026-09-01|citilink:238_0|159919|1
2026-10-03|citilink:238_0|142785|1
2026-09-18|citilink:238_0|154208|1
2026-09-01|citilink:238_0|159919|1
2026-10-03|citilink:238_0|142785|1
2026-09-18|citilink:238_0|154208|1
2026-09-01|citilink:238_0|159919|1
2026-10-03|citilink:238_0|142785|1
2026-09-18|citilink:238_0|154208|1
2026-09-01|citilink:238_0|159919|1
2026-08-04|citilink:238_0|160909|1
2026-09-03|citilink:238_0|154950|1
2026-10-03|citilink:238_0|148990|1
2026-08-04|citilink:238_0|19429|1
2026-09-03|citilink:238_0|18710|1
2026-10-03|citilink:238_0|17990|1
2026-08-04|citilink:238_0|19429|1
2026-09-03|citilink:238_0|18710|1
2026-10-03|citilink:238_0|17990|1
2026-08-04|citilink:238_0|64249|1
2026-09-03|citilink:238_0|61870|1
2026-10-03|citilink:238_0|59490|1
2026-08-04|citilink:238_0|55254|1
2026-09-03|citilink:238_0|53207|1
2026-10-03|citilink:238_0|51161|1
2026-08-04|citilink:238_0|53861|1
2026-09-03|citilink:238_0|51866|1
2026-10-03|citilink:238_0|49871|1
2026-08-04|citilink:238_0|54529|1
2026-09-03|citilink:238_0|52510|1
2026-10-03|citilink:238_0|50490|1
