2026-10-03|citilink:324_0|54351|1
2026-09-18|citilink:324_0|58699|1
2026-09-03|citilink:324_0|60873|1
2026-10-03|citilink:324_0|53253|1
2026-09-18|citilink:324_0|57513|1
2026-09-03|citilink:324_0|59643|1
2026-10-03|citilink:324_0|52704|1
2026-09-18|citilink:324_0|56920|1
2026-09-01|citilink:324_0|59028|1
2026-10-03|citilink:324_0|52704|1
2026-09-18|citilink:324_0|56920|1
2026-09-01|citilink:324_0|59028|1
2026-10-03|citilink:324_0|52704|1
2026-09-18|citilink:324_0|56920|1
2026-09-01|citilink:324_0|59028|1
2026-10-03|citilink:324_0|52704|1
2026-09-18|citilink:324_0|56920|1
2026-09-01|citilink:324_0|59028|1
2026-08-04|citilink:324_0|11541|1
2026-09-03|citilink:324_0|11113|1
2026-10-03|citilink:324_0|10686|1
2026-08-04|citilink:324_0|26105|1
2026-09-03|citilink:324_0|25138|1
2026-10-03|citilink:324_0|24171|1
2026-08-04|citilink:324_0|26105|1
2026-09-03|citilink:324_0|25138|1
2026-10-03|citilink:324_0|24171|1
