2026-10-03|citilink:312_0|49777|1
2026-09-18|citilink:312_0|53759|1
2026-09-03|citilink:312_0|55750|1
2026-10-03|citilink:312_0|50324|1
2026-09-18|citilink:312_0|54350|1
2026-09-03|citilink:312_0|56363|1
2026-10-03|citilink:312_0|54153|1
2026-09-18|citilink:312_0|58485|1
2026-09-01|citilink:312_0|60651|1
2026-10-03|citilink:312_0|54153|1
2026-09-18|citilink:312_0|58485|1
2026-09-01|citilink:312_0|60651|1
2026-10-03|citilink:312_0|54153|1
2026-09-18|citilink:312_0|58485|1
2026-09-01|citilink:312_0|60651|1
2026-10-03|citilink:312_0|54153|1
2026-09-18|citilink:312_0|58485|1
2026-09-01|citilink:312_0|60651|1
2026-08-04|citilink:312_0|108098|1
2026-09-03|citilink:312_0|104095|1
2026-10-03|citilink:312_0|100091|1
2026-08-04|citilink:312_0|19646|1
2026-09-03|citilink:312_0|18919|1
2026-10-03|citilink:312_0|18191|1
2026-08-04|citilink:312_0|19646|1
2026-09-03|citilink:312_0|18919|1
2026-10-03|citilink:312_0|18191|1
