2026-10-03|citilink:56_0|9100|1
2026-09-18|citilink:56_0|9828|1
2026-09-03|citilink:56_0|10192|1
2026-10-03|citilink:56_0|8463|1
2026-09-18|citilink:56_0|9140|1
2026-09-03|citilink:56_0|9479|1
2026-10-03|citilink:56_0|9135|1
2026-09-18|citilink:56_0|9866|1
2026-09-01|citilink:56_0|10231|1
2026-10-03|citilink:56_0|9135|1
2026-09-18|citilink:56_0|9866|1
2026-09-01|citilink:56_0|10231|1
2026-10-03|citilink:56_0|9135|1
2026-09-18|citilink:56_0|9866|1
2026-09-01|citilink:56_0|10231|1
2026-10-03|citilink:56_0|9135|1
2026-09-18|citilink:56_0|9866|1
2026-09-01|citilink:56_0|10231|1
2026-08-04|citilink:56_0|24598|1
2026-09-03|citilink:56_0|23687|1
2026-10-03|citilink:56_0|22776|1
2026-08-04|citilink:56_0|65276|1
2026-09-03|citilink:56_0|62859|1
2026-10-03|citilink:56_0|60441|1
2026-08-04|citilink:56_0|65276|1
2026-09-03|citilink:56_0|62859|1
2026-10-03|citilink:56_0|60441|1
2026-08-04|citilink:56_0|38157|1
2026-09-03|citilink:56_0|36744|1
2026-10-03|citilink:56_0|35331|1
