2026-10-03|citilink:105_0|29853|1
2026-09-18|citilink:105_0|32241|1
2026-09-03|citilink:105_0|33435|1
2026-10-03|citilink:105_0|31458|1
2026-09-18|citilink:105_0|33975|1
2026-09-03|citilink:105_0|35233|1
2026-10-03|citilink:105_0|32100|1
2026-09-18|citilink:105_0|34668|1
2026-09-01|citilink:105_0|35952|1
2026-10-03|citilink:105_0|32100|1
2026-09-18|citilink:105_0|34668|1
2026-09-01|citilink:105_0|35952|1
2026-10-03|citilink:105_0|32100|1
2026-09-18|citilink:105_0|34668|1
2026-09-01|citilink:105_0|35952|1
2026-10-03|citilink:105_0|32100|1
2026-09-18|citilink:105_0|34668|1
2026-09-01|citilink:105_0|35952|1
2026-08-04|citilink:105_0|83582|1
2026-09-03|citilink:105_0|80487|1
2026-10-03|citilink:105_0|77391|1
2026-08-04|citilink:105_0|10682|1
2026-09-03|citilink:105_0|10287|1
2026-10-03|citilink:105_0|9891|1
2026-08-04|citilink:105_0|10682|1
2026-09-03|citilink:105_0|10287|1
2026-10-03|citilink:105_0|9891|1
2026-08-04|citilink:105_0|54422|1
2026-09-03|citilink:105_0|52407|1
2026-10-03|citilink:105_0|50391|1
2026-08-04|citilink:105_0|50795|1
2026-09-03|citilink:105_0|48913|1
2026-10-03|citilink:105_0|47032|1
2026-08-04|citilink:105_0|42630|1
2026-09-03|citilink:105_0|41051|1
2026-10-03|citilink:105_0|39472|1
