2026-10-03|citilink:361_0|43407|1
2026-09-18|citilink:361_0|46880|1
2026-09-03|citilink:361_0|48616|1
2026-10-03|citilink:361_0|46269|1
2026-09-18|citilink:361_0|49971|1
2026-09-03|citilink:361_0|51821|1
2026-10-03|citilink:361_0|43884|1
2026-09-18|citilink:361_0|47395|1
2026-09-01|citilink:361_0|49150|1
2026-10-03|citilink:361_0|43884|1
2026-09-18|citilink:361_0|47395|1
2026-09-01|citilink:361_0|49150|1
2026-10-03|citilink:361_0|43884|1
2026-09-18|citilink:361_0|47395|1
2026-09-01|citilink:361_0|49150|1
2026-10-03|citilink:361_0|43884|1
2026-09-18|citilink:361_0|47395|1
2026-09-01|citilink:361_0|49150|1
2026-08-04|citilink:361_0|224976|1
2026-09-03|citilink:361_0|216643|1
2026-10-03|citilink:361_0|208311|1
2026-08-04|citilink:361_0|30624|1
2026-09-03|citilink:361_0|29490|1
2026-10-03|citilink:361_0|28356|1
2026-08-04|citilink:361_0|30624|1
2026-09-03|citilink:361_0|29490|1
2026-10-03|citilink:361_0|28356|1
2026-08-04|citilink:361_0|51717|1
2026-09-03|citilink:361_0|49801|1
2026-10-03|citilink:361_0|47886|1
2026-08-04|citilink:361_0|55609|1
2026-09-03|citilink:361_0|53550|1
2026-10-03|citilink:361_0|51490|1
