2026-10-03|citilink:128_0|8463|1
2026-09-18|citilink:128_0|9140|1
2026-09-03|citilink:128_0|9479|1
2026-10-03|citilink:128_0|8370|1
2026-09-18|citilink:128_0|9040|1
2026-09-03|citilink:128_0|9374|1
2026-10-03|citilink:128_0|9697|1
2026-09-18|citilink:128_0|10473|1
2026-09-01|citilink:128_0|10861|1
2026-10-03|citilink:128_0|9697|1
2026-09-18|citilink:128_0|10473|1
2026-09-01|citilink:128_0|10861|1
2026-10-03|citilink:128_0|9697|1
2026-09-18|citilink:128_0|10473|1
2026-09-01|citilink:128_0|10861|1
2026-10-03|citilink:128_0|9697|1
2026-09-18|citilink:128_0|10473|1
2026-09-01|citilink:128_0|10861|1
2026-08-04|citilink:128_0|65838|1
2026-09-03|citilink:128_0|63399|1
2026-10-03|citilink:128_0|60961|1
2026-08-04|citilink:128_0|124806|1
2026-09-03|citilink:128_0|120183|1
2026-10-03|citilink:128_0|115561|1
2026-08-04|citilink:128_0|124806|1
2026-09-03|citilink:128_0|120183|1
2026-10-03|citilink:128_0|115561|1
2026-08-04|citilink:128_0|29966|1
2026-09-03|citilink:128_0|28856|1
2026-10-03|citilink:128_0|27746|1
2026-08-04|citilink:128_0|28319|1
2026-09-03|citilink:128_0|27270|1
2026-10-03|citilink:128_0|26221|1
2026-08-04|citilink:128_0|26925|1
2026-09-03|citilink:128_0|25928|1
2026-10-03|citilink:128_0|24931|1
2026-08-04|citilink:128_0|26557|1
2026-09-03|citilink:128_0|25574|1
2026-10-03|citilink:128_0|24590|1
