2026-10-03|citilink:384_0|28704|1
2026-09-18|citilink:384_0|31000|1
2026-09-03|citilink:384_0|32148|1
2026-10-03|citilink:384_0|28704|1
2026-09-18|citilink:384_0|31000|1
2026-09-03|citilink:384_0|32148|1
2026-10-03|citilink:384_0|27209|1
2026-09-18|citilink:384_0|29386|1
2026-09-01|citilink:384_0|30474|1
2026-10-03|citilink:384_0|27209|1
2026-09-18|citilink:384_0|29386|1
2026-09-01|citilink:384_0|30474|1
2026-10-03|citilink:384_0|27209|1
2026-09-18|citilink:384_0|29386|1
2026-09-01|citilink:384_0|30474|1
2026-10-03|citilink:384_0|27209|1
2026-09-18|citilink:384_0|29386|1
2026-09-01|citilink:384_0|30474|1
2026-08-04|citilink:384_0|16394|1
2026-09-03|citilink:384_0|15787|1
2026-10-03|citilink:384_0|15180|1
