2026-10-03|citilink:337_0|209285|1
2026-09-18|citilink:337_0|226028|1
2026-09-03|citilink:337_0|234399|1
2026-10-03|citilink:337_0|204879|1
2026-09-18|citilink:337_0|221269|1
2026-09-03|citilink:337_0|229464|1
2026-10-03|citilink:337_0|218097|1
2026-09-18|citilink:337_0|235545|1
2026-09-01|citilink:337_0|244269|1
2026-10-03|citilink:337_0|218097|1
2026-09-18|citilink:337_0|235545|1
2026-09-01|citilink:337_0|244269|1
2026-10-03|citilink:337_0|218097|1
2026-09-18|citilink:337_0|235545|1
2026-09-01|citilink:337_0|244269|1
2026-10-03|citilink:337_0|218097|1
2026-09-18|citilink:337_0|235545|1
2026-09-01|citilink:337_0|244269|1
2026-08-04|citilink:337_0|127796|1
2026-09-03|citilink:337_0|123063|1
2026-10-03|citilink:337_0|118330|1
2026-08-04|citilink:337_0|45036|1
2026-09-03|citilink:337_0|43368|1
2026-10-03|citilink:337_0|41700|1
2026-08-04|citilink:337_0|45036|1
2026-09-03|citilink:337_0|43368|1
2026-10-03|citilink:337_0|41700|1
