2026-10-03|citilink:81_0|18139|1
2026-09-18|citilink:81_0|19590|1
2026-09-03|citilink:81_0|20316|1
2026-10-03|citilink:81_0|19822|1
2026-09-18|citilink:81_0|21408|1
2026-09-03|citilink:81_0|22201|1
2026-10-03|citilink:81_0|17765|1
2026-09-18|citilink:81_0|19186|1
2026-09-01|citilink:81_0|19897|1
2026-10-03|citilink:81_0|17765|1
2026-09-18|citilink:81_0|19186|1
2026-09-01|citilink:81_0|19897|1
2026-10-03|citilink:81_0|17765|1
2026-09-18|citilink:81_0|19186|1
2026-09-01|citilink:81_0|19897|1
2026-10-03|citilink:81_0|17765|1
2026-09-18|citilink:81_0|19186|1
2026-09-01|citilink:81_0|19897|1
2026-08-04|citilink:81_0|49130|1
2026-09-03|citilink:81_0|47311|1
2026-10-03|citilink:81_0|45491|1
2026-08-04|citilink:81_0|24069|1
2026-09-03|citilink:81_0|23177|1
2026-10-03|citilink:81_0|22286|1
2026-08-04|citilink:81_0|24069|1
2026-09-03|citilink:81_0|23177|1
2026-10-03|citilink:81_0|22286|1
2026-08-04|citilink:81_0|50604|1
2026-09-03|citilink:81_0|48730|1
2026-10-03|citilink:81_0|46856|1
2026-08-04|citilink:81_0|45600|1
2026-09-03|citilink:81_0|43911|1
2026-10-03|citilink:81_0|42222|1
2026-08-04|citilink:81_0|41615|1
2026-09-03|citilink:81_0|40073|1
2026-10-03|citilink:81_0|38532|1
