2026-10-03|citilink:226_0|190100|1
2026-09-18|citilink:226_0|205308|1
2026-09-03|citilink:226_0|212912|1
2026-10-03|citilink:226_0|178694|1
2026-09-18|citilink:226_0|192990|1
2026-09-03|citilink:226_0|200137|1
2026-10-03|citilink:226_0|184397|1
2026-09-18|citilink:226_0|199149|1
2026-09-01|citilink:226_0|206525|1
2026-10-03|citilink:226_0|184397|1
2026-09-18|citilink:226_0|199149|1
2026-09-01|citilink:226_0|206525|1
2026-10-03|citilink:226_0|184397|1
2026-09-18|citilink:226_0|199149|1
2026-09-01|citilink:226_0|206525|1
2026-10-03|citilink:226_0|184397|1
2026-09-18|citilink:226_0|199149|1
2026-09-01|citilink:226_0|206525|1
2026-08-04|citilink:226_0|125378|1
2026-09-03|citilink:226_0|120735|1
2026-10-03|citilink:226_0|116091|1
2026-08-04|citilink:226_0|47618|1
2026-09-03|citilink:226_0|45855|1
2026-10-03|citilink:226_0|44091|1
