2026-10-03|citilink:482_0|108630|1
2026-09-18|citilink:482_0|117320|1
2026-09-03|citilink:482_0|121666|1
2026-10-03|citilink:482_0|113458|1
2026-09-18|citilink:482_0|122535|1
2026-09-03|citilink:482_0|127073|1
2026-10-03|citilink:482_0|123114|1
2026-09-18|citilink:482_0|132963|1
2026-09-01|citilink:482_0|137888|1
2026-10-03|citilink:482_0|123114|1
2026-09-18|citilink:482_0|132963|1
2026-09-01|citilink:482_0|137888|1
2026-10-03|citilink:482_0|123114|1
2026-09-18|citilink:482_0|132963|1
2026-09-01|citilink:482_0|137888|1
2026-10-03|citilink:482_0|123114|1
2026-09-18|citilink:482_0|132963|1
2026-09-01|citilink:482_0|137888|1
2026-08-04|citilink:482_0|250377|1
2026-09-03|citilink:482_0|241104|1
2026-10-03|citilink:482_0|231831|1
2026-08-04|citilink:482_0|180825|1
2026-09-03|citilink:482_0|174128|1
2026-10-03|citilink:482_0|167431|1
2026-08-04|citilink:482_0|180825|1
2026-09-03|citilink:482_0|174128|1
2026-10-03|citilink:482_0|167431|1
2026-08-04|citilink:482_0|17378|1
2026-09-03|citilink:482_0|16735|1
2026-10-03|citilink:482_0|16091|1
2026-08-04|citilink:482_0|17945|1
2026-09-03|citilink:482_0|17281|1
2026-10-03|citilink:482_0|16616|1
2026-08-04|citilink:482_0|11789|1
2026-09-03|citilink:482_0|11353|1
2026-10-03|citilink:482_0|10916|1
