2026-10-03|citilink:79_0|32242|1
2026-09-18|citilink:79_0|34821|1
2026-09-03|citilink:79_0|36111|1
2026-10-03|citilink:79_0|35672|1
2026-09-18|citilink:79_0|38526|1
2026-09-03|citilink:79_0|39953|1
2026-10-03|citilink:79_0|31899|1
2026-09-18|citilink:79_0|34451|1
2026-09-01|citilink:79_0|35727|1
2026-10-03|citilink:79_0|31899|1
2026-09-18|citilink:79_0|34451|1
2026-09-01|citilink:79_0|35727|1
2026-10-03|citilink:79_0|31899|1
2026-09-18|citilink:79_0|34451|1
2026-09-01|citilink:79_0|35727|1
2026-10-03|citilink:79_0|31899|1
2026-09-18|citilink:79_0|34451|1
2026-09-01|citilink:79_0|35727|1
2026-08-04|citilink:79_0|285758|1
2026-09-03|citilink:79_0|275175|1
2026-10-03|citilink:79_0|264591|1
2026-08-04|citilink:79_0|58310|1
2026-09-03|citilink:79_0|56151|1
2026-10-03|citilink:79_0|53991|1
2026-08-04|citilink:79_0|58310|1
2026-09-03|citilink:79_0|56151|1
2026-10-03|citilink:79_0|53991|1
2026-08-04|citilink:79_0|23804|1
2026-09-03|citilink:79_0|22923|1
2026-10-03|citilink:79_0|22041|1
2026-08-04|citilink:79_0|25391|1
2026-09-03|citilink:79_0|24450|1
2026-10-03|citilink:79_0|23510|1
2026-08-04|citilink:79_0|22280|1
2026-09-03|citilink:79_0|21455|1
2026-10-03|citilink:79_0|20630|1
