2026-10-03|citilink:78_0|10545|1
2026-09-18|citilink:78_0|11389|1
2026-09-03|citilink:78_0|11810|1
2026-10-03|citilink:78_0|10323|1
2026-09-18|citilink:78_0|11149|1
2026-09-03|citilink:78_0|11562|1
2026-10-03|citilink:78_0|10989|1
2026-09-18|citilink:78_0|11868|1
2026-09-01|citilink:78_0|12308|1
2026-10-03|citilink:78_0|10989|1
2026-09-18|citilink:78_0|11868|1
2026-09-01|citilink:78_0|12308|1
2026-10-03|citilink:78_0|10989|1
2026-09-18|citilink:78_0|11868|1
2026-09-01|citilink:78_0|12308|1
2026-10-03|citilink:78_0|10989|1
2026-09-18|citilink:78_0|11868|1
2026-09-01|citilink:78_0|12308|1
2026-08-04|citilink:78_0|154472|1
2026-09-03|citilink:78_0|148751|1
2026-10-03|citilink:78_0|143030|1
2026-08-04|citilink:78_0|46645|1
2026-09-03|citilink:78_0|44918|1
2026-10-03|citilink:78_0|43190|1
2026-08-04|citilink:78_0|46645|1
2026-09-03|citilink:78_0|44918|1
2026-10-03|citilink:78_0|43190|1
2026-08-04|citilink:78_0|63234|1
2026-09-03|citilink:78_0|60892|1
2026-10-03|citilink:78_0|58550|1
2026-08-04|citilink:78_0|63234|1
2026-09-03|citilink:78_0|60892|1
2026-10-03|citilink:78_0|58550|1
