2026-10-03|citilink:168_0|10810|1
2026-09-18|citilink:168_0|11675|1
2026-09-03|citilink:168_0|12107|1
2026-10-03|citilink:168_0|11040|1
2026-09-18|citilink:168_0|11923|1
2026-09-03|citilink:168_0|12365|1
2026-10-03|citilink:168_0|10465|1
2026-09-18|citilink:168_0|11302|1
2026-09-01|citilink:168_0|11721|1
2026-10-03|citilink:168_0|10465|1
2026-09-18|citilink:168_0|11302|1
2026-09-01|citilink:168_0|11721|1
2026-10-03|citilink:168_0|10465|1
2026-09-18|citilink:168_0|11302|1
2026-09-01|citilink:168_0|11721|1
2026-10-03|citilink:168_0|10465|1
2026-09-18|citilink:168_0|11302|1
2026-09-01|citilink:168_0|11721|1
2026-08-04|citilink:168_0|140930|1
2026-09-03|citilink:168_0|135711|1
2026-10-03|citilink:168_0|130491|1
