2026-10-03|citilink:424_0|81696|1
2026-09-18|citilink:424_0|88232|1
2026-09-03|citilink:424_0|91500|1
2026-10-03|citilink:424_0|83398|1
2026-09-18|citilink:424_0|90070|1
2026-09-03|citilink:424_0|93406|1
2026-10-03|citilink:424_0|81696|1
2026-09-18|citilink:424_0|88232|1
2026-09-01|citilink:424_0|91500|1
2026-10-03|citilink:424_0|81696|1
2026-09-18|citilink:424_0|88232|1
2026-09-01|citilink:424_0|91500|1
2026-10-03|citilink:424_0|81696|1
2026-09-18|citilink:424_0|88232|1
2026-09-01|citilink:424_0|91500|1
2026-10-03|citilink:424_0|81696|1
2026-09-18|citilink:424_0|88232|1
2026-09-01|citilink:424_0|91500|1
2026-08-04|citilink:424_0|104318|1
2026-09-03|citilink:424_0|100455|1
2026-10-03|citilink:424_0|96591|1
2026-08-04|citilink:424_0|124190|1
2026-09-03|citilink:424_0|119591|1
2026-10-03|citilink:424_0|114991|1
