2026-10-03|citilink:176_0|27810|1
2026-09-18|citilink:176_0|30035|1
2026-09-03|citilink:176_0|31147|1
2026-10-03|citilink:176_0|30282|1
2026-09-18|citilink:176_0|32705|1
2026-09-03|citilink:176_0|33916|1
2026-10-03|citilink:176_0|29973|1
2026-09-18|citilink:176_0|32371|1
2026-09-01|citilink:176_0|33570|1
2026-10-03|citilink:176_0|29973|1
2026-09-18|citilink:176_0|32371|1
2026-09-01|citilink:176_0|33570|1
2026-10-03|citilink:176_0|29973|1
2026-09-18|citilink:176_0|32371|1
2026-09-01|citilink:176_0|33570|1
2026-10-03|citilink:176_0|29973|1
2026-09-18|citilink:176_0|32371|1
2026-09-01|citilink:176_0|33570|1
2026-08-04|citilink:176_0|21860|1
2026-09-03|citilink:176_0|21051|1
2026-10-03|citilink:176_0|20241|1
2026-08-04|citilink:176_0|21374|1
2026-09-03|citilink:176_0|20583|1
2026-10-03|citilink:176_0|19791|1
2026-08-04|citilink:176_0|21374|1
2026-09-03|citilink:176_0|20583|1
2026-10-03|citilink:176_0|19791|1
2026-08-04|citilink:176_0|28178|1
2026-09-03|citilink:176_0|27135|1
2026-10-03|citilink:176_0|26091|1
2026-08-04|citilink:176_0|29744|1
2026-09-03|citilink:176_0|28643|1
2026-10-03|citilink:176_0|27541|1
2026-08-04|citilink:176_0|29744|1
2026-09-03|citilink:176_0|28643|1
2026-10-03|citilink:176_0|27541|1
2026-08-04|citilink:176_0|29689|1
2026-09-03|citilink:176_0|28590|1
2026-10-03|citilink:176_0|27490|1
