2026-10-03|citilink:457_0|83793|1
2026-09-18|citilink:457_0|90496|1
2026-09-03|citilink:457_0|93848|1
2026-10-03|citilink:457_0|85595|1
2026-09-18|citilink:457_0|92443|1
2026-09-03|citilink:457_0|95866|1
2026-10-03|citilink:457_0|81090|1
2026-09-18|citilink:457_0|87577|1
2026-09-01|citilink:457_0|90821|1
2026-10-03|citilink:457_0|81090|1
2026-09-18|citilink:457_0|87577|1
2026-09-01|citilink:457_0|90821|1
2026-10-03|citilink:457_0|81090|1
2026-09-18|citilink:457_0|87577|1
2026-09-01|citilink:457_0|90821|1
2026-10-03|citilink:457_0|81090|1
2026-09-18|citilink:457_0|87577|1
2026-09-01|citilink:457_0|90821|1
2026-08-04|citilink:457_0|116630|1
2026-09-03|citilink:457_0|112311|1
2026-10-03|citilink:457_0|107991|1
2026-08-04|citilink:457_0|14084|1
2026-09-03|citilink:457_0|13563|1
2026-10-03|citilink:457_0|13041|1
2026-08-04|citilink:457_0|14084|1
2026-09-03|citilink:457_0|13563|1
2026-10-03|citilink:457_0|13041|1
2026-08-04|citilink:457_0|47132|1
2026-09-03|citilink:457_0|45387|1
2026-10-03|citilink:457_0|43641|1
