2026-10-03|citilink:417_0|25896|1
2026-09-18|citilink:417_0|27968|1
2026-09-03|citilink:417_0|29004|1
2026-10-03|citilink:417_0|26643|1
2026-09-18|citilink:417_0|28774|1
2026-09-03|citilink:417_0|29840|1
2026-10-03|citilink:417_0|24153|1
2026-09-18|citilink:417_0|26085|1
2026-09-01|citilink:417_0|27051|1
2026-10-03|citilink:417_0|24153|1
2026-09-18|citilink:417_0|26085|1
2026-09-01|citilink:417_0|27051|1
2026-10-03|citilink:417_0|24153|1
2026-09-18|citilink:417_0|26085|1
2026-09-01|citilink:417_0|27051|1
2026-10-03|citilink:417_0|24153|1
2026-09-18|citilink:417_0|26085|1
2026-09-01|citilink:417_0|27051|1
2026-08-04|citilink:417_0|18663|1
2026-09-03|citilink:417_0|17972|1
2026-10-03|citilink:417_0|17281|1
2026-08-04|citilink:417_0|108098|1
2026-09-03|citilink:417_0|104095|1
2026-10-03|citilink:417_0|100091|1
2026-08-04|citilink:417_0|108098|1
2026-09-03|citilink:417_0|104095|1
2026-10-03|citilink:417_0|100091|1
2026-08-04|citilink:417_0|50604|1
2026-09-03|citilink:417_0|48730|1
2026-10-03|citilink:417_0|46856|1
2026-08-04|citilink:417_0|56165|1
2026-09-03|citilink:417_0|54085|1
2026-10-03|citilink:417_0|52005|1
