2026-10-03|citilink:180_0|10170|1
2026-09-18|citilink:180_0|10984|1
2026-09-03|citilink:180_0|11390|1
2026-10-03|citilink:180_0|10396|1
2026-09-18|citilink:180_0|11228|1
2026-09-03|citilink:180_0|11644|1
2026-10-03|citilink:180_0|11300|1
2026-09-18|citilink:180_0|12204|1
2026-09-01|citilink:180_0|12656|1
2026-10-03|citilink:180_0|11300|1
2026-09-18|citilink:180_0|12204|1
2026-09-01|citilink:180_0|12656|1
2026-10-03|citilink:180_0|11300|1
2026-09-18|citilink:180_0|12204|1
2026-09-01|citilink:180_0|12656|1
2026-10-03|citilink:180_0|11300|1
2026-09-18|citilink:180_0|12204|1
2026-09-01|citilink:180_0|12656|1
2026-08-04|citilink:180_0|38404|1
2026-09-03|citilink:180_0|36981|1
2026-10-03|citilink:180_0|35559|1
2026-08-04|citilink:180_0|11317|1
2026-09-03|citilink:180_0|10898|1
2026-10-03|citilink:180_0|10479|1
2026-08-04|citilink:180_0|11317|1
2026-09-03|citilink:180_0|10898|1
2026-10-03|citilink:180_0|10479|1
2026-08-04|citilink:180_0|43821|1
2026-09-03|citilink:180_0|42198|1
2026-10-03|citilink:180_0|40575|1
2026-08-04|citilink:180_0|41322|1
2026-09-03|citilink:180_0|39791|1
2026-10-03|citilink:180_0|38261|1
2026-08-04|citilink:180_0|39929|1
2026-09-03|citilink:180_0|38450|1
2026-10-03|citilink:180_0|36971|1
2026-08-04|citilink:180_0|39949|1
2026-09-03|citilink:180_0|38470|1
2026-10-03|citilink:180_0|36990|1
