2026-10-03|citilink:184_0|89770|1
2026-09-18|citilink:184_0|96952|1
2026-09-03|citilink:184_0|100542|1
2026-10-03|citilink:184_0|89770|1
2026-09-18|citilink:184_0|96952|1
2026-09-03|citilink:184_0|100542|1
2026-10-03|citilink:184_0|86905|1
2026-09-18|citilink:184_0|93857|1
2026-09-01|citilink:184_0|97334|1
2026-10-03|citilink:184_0|86905|1
2026-09-18|citilink:184_0|93857|1
2026-09-01|citilink:184_0|97334|1
2026-10-03|citilink:184_0|86905|1
2026-09-18|citilink:184_0|93857|1
2026-09-01|citilink:184_0|97334|1
2026-10-03|citilink:184_0|86905|1
2026-09-18|citilink:184_0|93857|1
2026-09-01|citilink:184_0|97334|1
2026-08-04|citilink:184_0|104771|1
2026-09-03|citilink:184_0|100890|1
2026-10-03|citilink:184_0|97010|1
2026-08-04|citilink:184_0|157691|1
2026-09-03|citilink:184_0|151850|1
2026-10-03|citilink:184_0|146010|1
2026-08-04|citilink:184_0|157691|1
2026-09-03|citilink:184_0|151850|1
2026-10-03|citilink:184_0|146010|1
2026-08-04|citilink:184_0|32270|1
2026-09-03|citilink:184_0|31075|1
2026-10-03|citilink:184_0|29880|1
2026-08-04|citilink:184_0|28319|1
2026-09-03|citilink:184_0|27270|1
2026-10-03|citilink:184_0|26221|1
2026-08-04|citilink:184_0|26925|1
2026-09-03|citilink:184_0|25928|1
2026-10-03|citilink:184_0|24931|1
