2026-10-03|citilink:440_0|81788|1
2026-09-18|citilink:440_0|88331|1
2026-09-03|citilink:440_0|91603|1
2026-10-03|citilink:440_0|88011|1
2026-09-18|citilink:440_0|95052|1
2026-09-03|citilink:440_0|98572|1
2026-10-03|citilink:440_0|84455|1
2026-09-18|citilink:440_0|91211|1
2026-09-01|citilink:440_0|94590|1
2026-10-03|citilink:440_0|84455|1
2026-09-18|citilink:440_0|91211|1
2026-09-01|citilink:440_0|94590|1
2026-10-03|citilink:440_0|84455|1
2026-09-18|citilink:440_0|91211|1
2026-09-01|citilink:440_0|94590|1
2026-10-03|citilink:440_0|84455|1
2026-09-18|citilink:440_0|91211|1
2026-09-01|citilink:440_0|94590|1
2026-08-04|citilink:440_0|186787|1
2026-09-03|citilink:440_0|179869|1
2026-10-03|citilink:440_0|172951|1
2026-08-04|citilink:440_0|42715|1
2026-09-03|citilink:440_0|41133|1
2026-10-03|citilink:440_0|39551|1
2026-08-04|citilink:440_0|42715|1
2026-09-03|citilink:440_0|41133|1
2026-10-03|citilink:440_0|39551|1
2026-08-04|citilink:440_0|36257|1
2026-09-03|citilink:440_0|34914|1
2026-10-03|citilink:440_0|33571|1
2026-08-04|citilink:440_0|37439|1
2026-09-03|citilink:440_0|36053|1
2026-10-03|citilink:440_0|34666|1
2026-08-04|citilink:440_0|29744|1
2026-09-03|citilink:440_0|28643|1
2026-10-03|citilink:440_0|27541|1
2026-08-04|citilink:440_0|29689|1
2026-09-03|citilink:440_0|28590|1
2026-10-03|citilink:440_0|27490|1
