2026-10-03|citilink:232_0|139428|1
2026-09-18|citilink:232_0|150582|1
2026-09-03|citilink:232_0|156159|1
2026-10-03|citilink:232_0|126518|1
2026-09-18|citilink:232_0|136639|1
2026-09-03|citilink:232_0|141700|1
2026-10-03|citilink:232_0|131682|1
2026-09-18|citilink:232_0|142217|1
2026-09-01|citilink:232_0|147484|1
2026-10-03|citilink:232_0|131682|1
2026-09-18|citilink:232_0|142217|1
2026-09-01|citilink:232_0|147484|1
2026-10-03|citilink:232_0|131682|1
2026-09-18|citilink:232_0|142217|1
2026-09-01|citilink:232_0|147484|1
2026-10-03|citilink:232_0|131682|1
2026-09-18|citilink:232_0|142217|1
2026-09-01|citilink:232_0|147484|1
2026-08-04|citilink:232_0|62263|1
2026-09-03|citilink:232_0|59957|1
2026-10-03|citilink:232_0|57651|1
