2026-10-03|citilink:470_0|19890|1
2026-09-18|citilink:470_0|21481|1
2026-09-03|citilink:470_0|22277|1
2026-10-03|citilink:470_0|20475|1
2026-09-18|citilink:470_0|22113|1
2026-09-03|citilink:470_0|22932|1
2026-10-03|citilink:470_0|18135|1
2026-09-18|citilink:470_0|19586|1
2026-09-01|citilink:470_0|20311|1
2026-10-03|citilink:470_0|18135|1
2026-09-18|citilink:470_0|19586|1
2026-09-01|citilink:470_0|20311|1
2026-10-03|citilink:470_0|18135|1
2026-09-18|citilink:470_0|19586|1
2026-09-01|citilink:470_0|20311|1
2026-10-03|citilink:470_0|18135|1
2026-09-18|citilink:470_0|19586|1
2026-09-01|citilink:470_0|20311|1
2026-08-04|citilink:470_0|176894|1
2026-09-03|citilink:470_0|170343|1
2026-10-03|citilink:470_0|163791|1
2026-08-04|citilink:470_0|13749|1
2026-09-03|citilink:470_0|13240|1
2026-10-03|citilink:470_0|12731|1
2026-08-04|citilink:470_0|13749|1
2026-09-03|citilink:470_0|13240|1
2026-10-03|citilink:470_0|12731|1
2026-08-04|citilink:470_0|59941|1
2026-09-03|citilink:470_0|57721|1
2026-10-03|citilink:470_0|55501|1
2026-08-04|citilink:470_0|54013|1
2026-09-03|citilink:470_0|52012|1
2026-10-03|citilink:470_0|50012|1
2026-08-04|citilink:470_0|51356|1
2026-09-03|citilink:470_0|49454|1
2026-10-03|citilink:470_0|47552|1
