2026-10-03|citilink:185_0|72672|1
2026-09-18|citilink:185_0|78486|1
2026-09-03|citilink:185_0|81393|1
2026-10-03|citilink:185_0|68130|1
2026-09-18|citilink:185_0|73580|1
2026-09-03|citilink:185_0|76306|1
2026-10-03|citilink:185_0|74943|1
2026-09-18|citilink:185_0|80938|1
2026-09-01|citilink:185_0|83936|1
2026-10-03|citilink:185_0|74943|1
2026-09-18|citilink:185_0|80938|1
2026-09-01|citilink:185_0|83936|1
2026-10-03|citilink:185_0|74943|1
2026-09-18|citilink:185_0|80938|1
2026-09-01|citilink:185_0|83936|1
2026-10-03|citilink:185_0|74943|1
2026-09-18|citilink:185_0|80938|1
2026-09-01|citilink:185_0|83936|1
2026-08-04|citilink:185_0|72307|1
2026-09-03|citilink:185_0|69629|1
2026-10-03|citilink:185_0|66951|1
2026-08-04|citilink:185_0|295284|1
2026-09-03|citilink:185_0|284347|1
2026-10-03|citilink:185_0|273411|1
2026-08-04|citilink:185_0|295284|1
2026-09-03|citilink:185_0|284347|1
2026-10-03|citilink:185_0|273411|1
2026-08-04|citilink:185_0|50210|1
2026-09-03|citilink:185_0|48351|1
2026-10-03|citilink:185_0|46491|1
2026-08-04|citilink:185_0|52909|1
2026-09-03|citilink:185_0|50950|1
2026-10-03|citilink:185_0|48990|1
