2026-10-03|citilink:441_0|16471|1
2026-09-18|citilink:441_0|17789|1
2026-09-03|citilink:441_0|18448|1
2026-10-03|citilink:441_0|16652|1
2026-09-18|citilink:441_0|17984|1
2026-09-03|citilink:441_0|18650|1
2026-10-03|citilink:441_0|16290|1
2026-09-18|citilink:441_0|17593|1
2026-09-01|citilink:441_0|18245|1
2026-10-03|citilink:441_0|16290|1
2026-09-18|citilink:441_0|17593|1
2026-09-01|citilink:441_0|18245|1
2026-10-03|citilink:441_0|16290|1
2026-09-18|citilink:441_0|17593|1
2026-09-01|citilink:441_0|18245|1
2026-10-03|citilink:441_0|16290|1
2026-09-18|citilink:441_0|17593|1
2026-09-01|citilink:441_0|18245|1
2026-08-04|citilink:441_0|52478|1
2026-09-03|citilink:441_0|50535|1
2026-10-03|citilink:441_0|48591|1
2026-08-04|citilink:441_0|106910|1
2026-09-03|citilink:441_0|102951|1
2026-10-03|citilink:441_0|98991|1
2026-08-04|citilink:441_0|106910|1
2026-09-03|citilink:441_0|102951|1
2026-10-03|citilink:441_0|98991|1
2026-08-04|citilink:441_0|54422|1
2026-09-03|citilink:441_0|52407|1
2026-10-03|citilink:441_0|50391|1
