2026-10-03|citilink:346_0|201899|1
2026-09-18|citilink:346_0|218051|1
2026-09-03|citilink:346_0|226127|1
2026-10-03|citilink:346_0|181909|1
2026-09-18|citilink:346_0|196462|1
2026-09-03|citilink:346_0|203738|1
2026-10-03|citilink:346_0|201899|1
2026-09-18|citilink:346_0|218051|1
2026-09-01|citilink:346_0|226127|1
2026-10-03|citilink:346_0|201899|1
2026-09-18|citilink:346_0|218051|1
2026-09-01|citilink:346_0|226127|1
2026-10-03|citilink:346_0|201899|1
2026-09-18|citilink:346_0|218051|1
2026-09-01|citilink:346_0|226127|1
2026-10-03|citilink:346_0|201899|1
2026-09-18|citilink:346_0|218051|1
2026-09-01|citilink:346_0|226127|1
2026-08-04|citilink:346_0|124806|1
2026-09-03|citilink:346_0|120183|1
2026-10-03|citilink:346_0|115561|1
2026-08-04|citilink:346_0|115961|1
2026-09-03|citilink:346_0|111666|1
2026-10-03|citilink:346_0|107371|1
2026-08-04|citilink:346_0|115961|1
2026-09-03|citilink:346_0|111666|1
2026-10-03|citilink:346_0|107371|1
2026-08-04|citilink:346_0|12767|1
2026-09-03|citilink:346_0|12294|1
2026-10-03|citilink:346_0|11821|1
