2026-10-03|citilink:90_0|10137|1
2026-09-18|citilink:90_0|10948|1
2026-09-03|citilink:90_0|11353|1
2026-10-03|citilink:90_0|9919|1
2026-09-18|citilink:90_0|10713|1
2026-09-03|citilink:90_0|11109|1
2026-10-03|citilink:90_0|10464|1
2026-09-18|citilink:90_0|11301|1
2026-09-01|citilink:90_0|11720|1
2026-10-03|citilink:90_0|10464|1
2026-09-18|citilink:90_0|11301|1
2026-09-01|citilink:90_0|11720|1
2026-10-03|citilink:90_0|10464|1
2026-09-18|citilink:90_0|11301|1
2026-09-01|citilink:90_0|11720|1
2026-10-03|citilink:90_0|10464|1
2026-09-18|citilink:90_0|11301|1
2026-09-01|citilink:90_0|11720|1
2026-08-04|citilink:90_0|43179|1
2026-09-03|citilink:90_0|41580|1
2026-10-03|citilink:90_0|39981|1
2026-08-04|citilink:90_0|14052|1
2026-09-03|citilink:90_0|13531|1
2026-10-03|citilink:90_0|13011|1
2026-08-04|citilink:90_0|14052|1
2026-09-03|citilink:90_0|13531|1
2026-10-03|citilink:90_0|13011|1
2026-08-04|citilink:90_0|17567|1
2026-09-03|citilink:90_0|16917|1
2026-10-03|citilink:90_0|16266|1
2026-08-04|citilink:90_0|17945|1
2026-09-03|citilink:90_0|17281|1
2026-10-03|citilink:90_0|16616|1
2026-08-04|citilink:90_0|11789|1
2026-09-03|citilink:90_0|11353|1
2026-10-03|citilink:90_0|10916|1
2026-08-04|citilink:90_0|11761|1
2026-09-03|citilink:90_0|11326|1
2026-10-03|citilink:90_0|10890|1
