2026-10-03|citilink:252_0|28670|1
2026-09-18|citilink:252_0|30964|1
2026-09-03|citilink:252_0|32110|1
2026-10-03|citilink:252_0|32635|1
2026-09-18|citilink:252_0|35246|1
2026-09-03|citilink:252_0|36551|1
2026-10-03|citilink:252_0|28060|1
2026-09-18|citilink:252_0|30305|1
2026-09-01|citilink:252_0|31427|1
2026-10-03|citilink:252_0|28060|1
2026-09-18|citilink:252_0|30305|1
2026-09-01|citilink:252_0|31427|1
2026-10-03|citilink:252_0|28060|1
2026-09-18|citilink:252_0|30305|1
2026-09-01|citilink:252_0|31427|1
2026-10-03|citilink:252_0|28060|1
2026-09-18|citilink:252_0|30305|1
2026-09-01|citilink:252_0|31427|1
2026-08-04|citilink:252_0|119006|1
2026-09-03|citilink:252_0|114599|1
2026-10-03|citilink:252_0|110191|1
2026-08-04|citilink:252_0|16919|1
2026-09-03|citilink:252_0|16293|1
2026-10-03|citilink:252_0|15666|1
2026-08-04|citilink:252_0|16919|1
2026-09-03|citilink:252_0|16293|1
2026-10-03|citilink:252_0|15666|1
2026-08-04|citilink:252_0|48725|1
2026-09-03|citilink:252_0|46921|1
2026-10-03|citilink:252_0|45116|1
