2026-10-03|citilink:374_0|108205|1
2026-09-18|citilink:374_0|116861|1
2026-09-03|citilink:374_0|121190|1
2026-10-03|citilink:374_0|113900|1
2026-09-18|citilink:374_0|123012|1
2026-09-03|citilink:374_0|127568|1
2026-10-03|citilink:374_0|109344|1
2026-09-18|citilink:374_0|118092|1
2026-09-01|citilink:374_0|122465|1
2026-10-03|citilink:374_0|109344|1
2026-09-18|citilink:374_0|118092|1
2026-09-01|citilink:374_0|122465|1
2026-10-03|citilink:374_0|109344|1
2026-09-18|citilink:374_0|118092|1
2026-09-01|citilink:374_0|122465|1
2026-10-03|citilink:374_0|109344|1
2026-09-18|citilink:374_0|118092|1
2026-09-01|citilink:374_0|122465|1
2026-08-04|citilink:374_0|119514|1
2026-09-03|citilink:374_0|115087|1
2026-10-03|citilink:374_0|110661|1
2026-08-04|citilink:374_0|43179|1
2026-09-03|citilink:374_0|41580|1
2026-10-03|citilink:374_0|39981|1
2026-08-04|citilink:374_0|43179|1
2026-09-03|citilink:374_0|41580|1
2026-10-03|citilink:374_0|39981|1
2026-08-04|citilink:374_0|64272|1
2026-09-03|citilink:374_0|61891|1
2026-10-03|citilink:374_0|59511|1
2026-08-04|citilink:374_0|67036|1
2026-09-03|citilink:374_0|64553|1
2026-10-03|citilink:374_0|62070|1
2026-08-04|citilink:374_0|60750|1
2026-09-03|citilink:374_0|58500|1
2026-10-03|citilink:374_0|56250|1
