2026-10-03|citilink:206_0|44135|1
2026-09-18|citilink:206_0|47666|1
2026-09-03|citilink:206_0|49431|1
2026-10-03|citilink:206_0|41860|1
2026-09-18|citilink:206_0|45209|1
2026-09-03|citilink:206_0|46883|1
2026-10-03|citilink:206_0|43225|1
2026-09-18|citilink:206_0|46683|1
2026-09-01|citilink:206_0|48412|1
2026-10-03|citilink:206_0|43225|1
2026-09-18|citilink:206_0|46683|1
2026-09-01|citilink:206_0|48412|1
2026-10-03|citilink:206_0|43225|1
2026-09-18|citilink:206_0|46683|1
2026-09-01|citilink:206_0|48412|1
2026-10-03|citilink:206_0|43225|1
2026-09-18|citilink:206_0|46683|1
2026-09-01|citilink:206_0|48412|1
2026-08-04|citilink:206_0|24598|1
2026-09-03|citilink:206_0|23687|1
2026-10-03|citilink:206_0|22776|1
2026-08-04|citilink:206_0|26105|1
2026-09-03|citilink:206_0|25138|1
2026-10-03|citilink:206_0|24171|1
2026-08-04|citilink:206_0|26105|1
2026-09-03|citilink:206_0|25138|1
2026-10-03|citilink:206_0|24171|1
2026-08-04|citilink:206_0|64272|1
2026-09-03|citilink:206_0|61891|1
2026-10-03|citilink:206_0|59511|1
2026-08-04|citilink:206_0|57361|1
2026-09-03|citilink:206_0|55236|1
2026-10-03|citilink:206_0|53112|1
2026-08-04|citilink:206_0|51983|1
2026-09-03|citilink:206_0|50057|1
2026-10-03|citilink:206_0|48132|1
2026-08-04|citilink:206_0|54529|1
2026-09-03|citilink:206_0|52510|1
2026-10-03|citilink:206_0|50490|1
