2026-10-03|citilink:462_0|20610|1
2026-09-18|citilink:462_0|22259|1
2026-09-03|citilink:462_0|23083|1
2026-10-03|citilink:462_0|22671|1
2026-09-18|citilink:462_0|24485|1
2026-09-03|citilink:462_0|25392|1
2026-10-03|citilink:462_0|22900|1
2026-09-18|citilink:462_0|24732|1
2026-09-01|citilink:462_0|25648|1
2026-10-03|citilink:462_0|22900|1
2026-09-18|citilink:462_0|24732|1
2026-09-01|citilink:462_0|25648|1
2026-10-03|citilink:462_0|22900|1
2026-09-18|citilink:462_0|24732|1
2026-09-01|citilink:462_0|25648|1
2026-10-03|citilink:462_0|22900|1
2026-09-18|citilink:462_0|24732|1
2026-09-01|citilink:462_0|25648|1
2026-08-04|citilink:462_0|106910|1
2026-09-03|citilink:462_0|102951|1
2026-10-03|citilink:462_0|98991|1
2026-08-04|citilink:462_0|215774|1
2026-09-03|citilink:462_0|207783|1
2026-10-03|citilink:462_0|199791|1
2026-08-04|citilink:462_0|215774|1
2026-09-03|citilink:462_0|207783|1
2026-10-03|citilink:462_0|199791|1
2026-08-04|citilink:462_0|57824|1
2026-09-03|citilink:462_0|55683|1
2026-10-03|citilink:462_0|53541|1
