2026-10-03|citilink:39_0|4092|1
2026-09-18|citilink:39_0|4419|1
2026-09-03|citilink:39_0|4583|1
2026-10-03|citilink:39_0|4312|1
2026-09-18|citilink:39_0|4657|1
2026-09-03|citilink:39_0|4829|1
2026-10-03|citilink:39_0|3960|1
2026-09-18|citilink:39_0|4277|1
2026-09-01|citilink:39_0|4435|1
2026-10-03|citilink:39_0|3960|1
2026-09-18|citilink:39_0|4277|1
2026-09-01|citilink:39_0|4435|1
2026-10-03|citilink:39_0|3960|1
2026-09-18|citilink:39_0|4277|1
2026-09-01|citilink:39_0|4435|1
2026-10-03|citilink:39_0|3960|1
2026-09-18|citilink:39_0|4277|1
2026-09-01|citilink:39_0|4435|1
2026-08-04|citilink:39_0|159204|1
2026-09-03|citilink:39_0|153307|1
2026-10-03|citilink:39_0|147411|1
