2026-10-03|citilink:329_0|92718|1
2026-09-18|citilink:329_0|100135|1
2026-09-03|citilink:329_0|103844|1
2026-10-03|citilink:329_0|81810|1
2026-09-18|citilink:329_0|88355|1
2026-09-03|citilink:329_0|91627|1
2026-10-03|citilink:329_0|84537|1
2026-09-18|citilink:329_0|91300|1
2026-09-01|citilink:329_0|94681|1
2026-10-03|citilink:329_0|84537|1
2026-09-18|citilink:329_0|91300|1
2026-09-01|citilink:329_0|94681|1
2026-10-03|citilink:329_0|84537|1
2026-09-18|citilink:329_0|91300|1
2026-09-01|citilink:329_0|94681|1
2026-10-03|citilink:329_0|84537|1
2026-09-18|citilink:329_0|91300|1
2026-09-01|citilink:329_0|94681|1
2026-08-04|citilink:329_0|190826|1
2026-09-03|citilink:329_0|183759|1
2026-10-03|citilink:329_0|176691|1
2026-08-04|citilink:329_0|20078|1
2026-09-03|citilink:329_0|19335|1
2026-10-03|citilink:329_0|18591|1
2026-08-04|citilink:329_0|20078|1
2026-09-03|citilink:329_0|19335|1
2026-10-03|citilink:329_0|18591|1
2026-08-04|citilink:329_0|56237|1
2026-09-03|citilink:329_0|54154|1
2026-10-03|citilink:329_0|52071|1
2026-08-04|citilink:329_0|58655|1
2026-09-03|citilink:329_0|56482|1
2026-10-03|citilink:329_0|54310|1
