2026-10-03|citilink:266_0|28483|1
2026-09-18|citilink:266_0|30762|1
2026-09-03|citilink:266_0|31901|1
2026-10-03|citilink:266_0|29735|1
2026-09-18|citilink:266_0|32114|1
2026-09-03|citilink:266_0|33303|1
2026-10-03|citilink:266_0|28170|1
2026-09-18|citilink:266_0|30424|1
2026-09-01|citilink:266_0|31550|1
2026-10-03|citilink:266_0|28170|1
2026-09-18|citilink:266_0|30424|1
2026-09-01|citilink:266_0|31550|1
2026-10-03|citilink:266_0|28170|1
2026-09-18|citilink:266_0|30424|1
2026-09-01|citilink:266_0|31550|1
2026-10-03|citilink:266_0|28170|1
2026-09-18|citilink:266_0|30424|1
2026-09-01|citilink:266_0|31550|1
2026-08-04|citilink:266_0|28616|1
2026-09-03|citilink:266_0|27556|1
2026-10-03|citilink:266_0|26496|1
2026-08-04|citilink:266_0|48201|1
2026-09-03|citilink:266_0|46416|1
2026-10-03|citilink:266_0|44631|1
2026-08-04|citilink:266_0|48201|1
2026-09-03|citilink:266_0|46416|1
2026-10-03|citilink:266_0|44631|1
2026-08-04|citilink:266_0|19074|1
2026-09-03|citilink:266_0|18367|1
2026-10-03|citilink:266_0|17661|1
