2026-10-03|citilink:461_0|16878|1
2026-09-18|citilink:461_0|18228|1
2026-09-03|citilink:461_0|18903|1
2026-10-03|citilink:461_0|16182|1
2026-09-18|citilink:461_0|17477|1
2026-09-03|citilink:461_0|18124|1
2026-10-03|citilink:461_0|16008|1
2026-09-18|citilink:461_0|17289|1
2026-09-01|citilink:461_0|17929|1
2026-10-03|citilink:461_0|16008|1
2026-09-18|citilink:461_0|17289|1
2026-09-01|citilink:461_0|17929|1
2026-10-03|citilink:461_0|16008|1
2026-09-18|citilink:461_0|17289|1
2026-09-01|citilink:461_0|17929|1
2026-10-03|citilink:461_0|16008|1
2026-09-18|citilink:461_0|17289|1
2026-09-01|citilink:461_0|17929|1
2026-08-04|citilink:461_0|74510|1
2026-09-03|citilink:461_0|71751|1
2026-10-03|citilink:461_0|68991|1
2026-08-04|citilink:461_0|8933|1
2026-09-03|citilink:461_0|8602|1
2026-10-03|citilink:461_0|8271|1
2026-08-04|citilink:461_0|8933|1
2026-09-03|citilink:461_0|8602|1
2026-10-03|citilink:461_0|8271|1
2026-08-04|citilink:461_0|56129|1
2026-09-03|citilink:461_0|54050|1
2026-10-03|citilink:461_0|51971|1
2026-08-04|citilink:461_0|59179|1
2026-09-03|citilink:461_0|56987|1
2026-10-03|citilink:461_0|54795|1
