2026-10-03|citilink:77_0|51205|1
2026-09-18|citilink:77_0|55301|1
2026-09-03|citilink:77_0|57350|1
2026-10-03|citilink:77_0|54439|1
2026-09-18|citilink:77_0|58794|1
2026-09-03|citilink:77_0|60972|1
2026-10-03|citilink:77_0|50127|1
2026-09-18|citilink:77_0|54137|1
2026-09-01|citilink:77_0|56142|1
2026-10-03|citilink:77_0|50127|1
2026-09-18|citilink:77_0|54137|1
2026-09-01|citilink:77_0|56142|1
2026-10-03|citilink:77_0|50127|1
2026-09-18|citilink:77_0|54137|1
2026-09-01|citilink:77_0|56142|1
2026-10-03|citilink:77_0|50127|1
2026-09-18|citilink:77_0|54137|1
2026-09-01|citilink:77_0|56142|1
2026-08-04|citilink:77_0|375636|1
2026-09-03|citilink:77_0|361723|1
2026-10-03|citilink:77_0|347811|1
2026-08-04|citilink:77_0|22087|1
2026-09-03|citilink:77_0|21269|1
2026-10-03|citilink:77_0|20451|1
2026-08-04|citilink:77_0|22087|1
2026-09-03|citilink:77_0|21269|1
2026-10-03|citilink:77_0|20451|1
2026-08-04|citilink:77_0|58245|1
2026-09-03|citilink:77_0|56088|1
2026-10-03|citilink:77_0|53931|1
2026-08-04|citilink:77_0|60124|1
2026-09-03|citilink:77_0|57897|1
2026-10-03|citilink:77_0|55670|1
2026-08-04|citilink:77_0|57013|1
2026-09-03|citilink:77_0|54902|1
2026-10-03|citilink:77_0|52790|1
