2026-10-03|citilink:145_0|104013|1
2026-09-18|citilink:145_0|112334|1
2026-09-03|citilink:145_0|116495|1
2026-10-03|citilink:145_0|102870|1
2026-09-18|citilink:145_0|111100|1
2026-09-03|citilink:145_0|115214|1
2026-10-03|citilink:145_0|106299|1
2026-09-18|citilink:145_0|114803|1
2026-09-01|citilink:145_0|119055|1
2026-10-03|citilink:145_0|106299|1
2026-09-18|citilink:145_0|114803|1
2026-09-01|citilink:145_0|119055|1
2026-10-03|citilink:145_0|106299|1
2026-09-18|citilink:145_0|114803|1
2026-09-01|citilink:145_0|119055|1
2026-10-03|citilink:145_0|106299|1
2026-09-18|citilink:145_0|114803|1
2026-09-01|citilink:145_0|119055|1
2026-08-04|citilink:145_0|40814|1
2026-09-03|citilink:145_0|39303|1
2026-10-03|citilink:145_0|37791|1
2026-08-04|citilink:145_0|108854|1
2026-09-03|citilink:145_0|104823|1
2026-10-03|citilink:145_0|100791|1
2026-08-04|citilink:145_0|108854|1
2026-09-03|citilink:145_0|104823|1
2026-10-03|citilink:145_0|100791|1
2026-08-04|citilink:145_0|51506|1
2026-09-03|citilink:145_0|49599|1
2026-10-03|citilink:145_0|47691|1
2026-08-04|citilink:145_0|54940|1
2026-09-03|citilink:145_0|52905|1
2026-10-03|citilink:145_0|50870|1
