2026-10-03|citilink:401_0|92026|1
2026-09-18|citilink:401_0|99388|1
2026-09-03|citilink:401_0|103069|1
2026-10-03|citilink:401_0|89089|1
2026-09-18|citilink:401_0|96216|1
2026-09-03|citilink:401_0|99780|1
2026-10-03|citilink:401_0|94963|1
2026-09-18|citilink:401_0|102560|1
2026-09-01|citilink:401_0|106359|1
2026-10-03|citilink:401_0|94963|1
2026-09-18|citilink:401_0|102560|1
2026-09-01|citilink:401_0|106359|1
2026-10-03|citilink:401_0|94963|1
2026-09-18|citilink:401_0|102560|1
2026-09-01|citilink:401_0|106359|1
2026-10-03|citilink:401_0|94963|1
2026-09-18|citilink:401_0|102560|1
2026-09-01|citilink:401_0|106359|1
2026-08-04|citilink:401_0|87469|1
2026-09-03|citilink:401_0|84230|1
2026-10-03|citilink:401_0|80990|1
2026-08-04|citilink:401_0|9709|1
2026-09-03|citilink:401_0|9350|1
2026-10-03|citilink:401_0|8990|1
