2026-10-03|citilink:183_0|14310|1
2026-09-18|citilink:183_0|15455|1
2026-09-03|citilink:183_0|16027|1
2026-10-03|citilink:183_0|15105|1
2026-09-18|citilink:183_0|16313|1
2026-09-03|citilink:183_0|16918|1
2026-10-03|citilink:183_0|15264|1
2026-09-18|citilink:183_0|16485|1
2026-09-01|citilink:183_0|17096|1
2026-10-03|citilink:183_0|15264|1
2026-09-18|citilink:183_0|16485|1
2026-09-01|citilink:183_0|17096|1
2026-10-03|citilink:183_0|15264|1
2026-09-18|citilink:183_0|16485|1
2026-09-01|citilink:183_0|17096|1
2026-10-03|citilink:183_0|15264|1
2026-09-18|citilink:183_0|16485|1
2026-09-01|citilink:183_0|17096|1
2026-08-04|citilink:183_0|126177|1
2026-09-03|citilink:183_0|121504|1
2026-10-03|citilink:183_0|116831|1
2026-08-04|citilink:183_0|7939|1
2026-09-03|citilink:183_0|7645|1
2026-10-03|citilink:183_0|7351|1
2026-08-04|citilink:183_0|7939|1
2026-09-03|citilink:183_0|7645|1
2026-10-03|citilink:183_0|7351|1
2026-08-04|citilink:183_0|22843|1
2026-09-03|citilink:183_0|21997|1
2026-10-03|citilink:183_0|21151|1
