2026-10-03|citilink:439_0|32310|1
2026-09-18|citilink:439_0|34895|1
2026-09-03|citilink:439_0|36187|1
2026-10-03|citilink:439_0|33387|1
2026-09-18|citilink:439_0|36058|1
2026-09-03|citilink:439_0|37393|1
2026-10-03|citilink:439_0|32669|1
2026-09-18|citilink:439_0|35283|1
2026-09-01|citilink:439_0|36589|1
2026-10-03|citilink:439_0|32669|1
2026-09-18|citilink:439_0|35283|1
2026-09-01|citilink:439_0|36589|1
2026-10-03|citilink:439_0|32669|1
2026-09-18|citilink:439_0|35283|1
2026-09-01|citilink:439_0|36589|1
2026-10-03|citilink:439_0|32669|1
2026-09-18|citilink:439_0|35283|1
2026-09-01|citilink:439_0|36589|1
2026-08-04|citilink:439_0|289646|1
2026-09-03|citilink:439_0|278919|1
2026-10-03|citilink:439_0|268191|1
2026-08-04|citilink:439_0|68030|1
2026-09-03|citilink:439_0|65511|1
2026-10-03|citilink:439_0|62991|1
2026-08-04|citilink:439_0|68030|1
2026-09-03|citilink:439_0|65511|1
2026-10-03|citilink:439_0|62991|1
2026-08-04|citilink:439_0|28178|1
2026-09-03|citilink:439_0|27135|1
2026-10-03|citilink:439_0|26091|1
