2026-10-03|citilink:202_0|213109|1
2026-09-18|citilink:202_0|230158|1
2026-09-03|citilink:202_0|238682|1
2026-10-03|citilink:202_0|199927|1
2026-09-18|citilink:202_0|215921|1
2026-09-03|citilink:202_0|223918|1
2026-10-03|citilink:202_0|204321|1
2026-09-18|citilink:202_0|220667|1
2026-09-01|citilink:202_0|228840|1
2026-10-03|citilink:202_0|204321|1
2026-09-18|citilink:202_0|220667|1
2026-09-01|citilink:202_0|228840|1
2026-10-03|citilink:202_0|204321|1
2026-09-18|citilink:202_0|220667|1
2026-09-01|citilink:202_0|228840|1
2026-10-03|citilink:202_0|204321|1
2026-09-18|citilink:202_0|220667|1
2026-09-01|citilink:202_0|228840|1
2026-08-04|citilink:202_0|58958|1
2026-09-03|citilink:202_0|56775|1
2026-10-03|citilink:202_0|54591|1
2026-08-04|citilink:202_0|126771|1
2026-09-03|citilink:202_0|122076|1
2026-10-03|citilink:202_0|117381|1
2026-08-04|citilink:202_0|126771|1
2026-09-03|citilink:202_0|122076|1
2026-10-03|citilink:202_0|117381|1
2026-08-04|citilink:202_0|17189|1
2026-09-03|citilink:202_0|16553|1
2026-10-03|citilink:202_0|15916|1
