2026-10-03|citilink:49_0|85410|1
2026-09-18|citilink:49_0|92243|1
2026-09-03|citilink:49_0|95659|1
2026-10-03|citilink:49_0|90155|1
2026-09-18|citilink:49_0|97367|1
2026-09-03|citilink:49_0|100974|1
2026-10-03|citilink:49_0|91104|1
2026-09-18|citilink:49_0|98392|1
2026-09-01|citilink:49_0|102036|1
2026-10-03|citilink:49_0|91104|1
2026-09-18|citilink:49_0|98392|1
2026-09-01|citilink:49_0|102036|1
2026-10-03|citilink:49_0|91104|1
2026-09-18|citilink:49_0|98392|1
2026-09-01|citilink:49_0|102036|1
2026-10-03|citilink:49_0|91104|1
2026-09-18|citilink:49_0|98392|1
2026-09-01|citilink:49_0|102036|1
2026-08-04|citilink:49_0|290121|1
2026-09-03|citilink:49_0|279376|1
2026-10-03|citilink:49_0|268631|1
