2026-10-03|citilink:431_0|32300|1
2026-09-18|citilink:431_0|34884|1
2026-09-03|citilink:431_0|36176|1
2026-10-03|citilink:431_0|31977|1
2026-09-18|citilink:431_0|34535|1
2026-09-03|citilink:431_0|35814|1
2026-10-03|citilink:431_0|30685|1
2026-09-18|citilink:431_0|33140|1
2026-09-01|citilink:431_0|34367|1
2026-10-03|citilink:431_0|30685|1
2026-09-18|citilink:431_0|33140|1
2026-09-01|citilink:431_0|34367|1
2026-10-03|citilink:431_0|30685|1
2026-09-18|citilink:431_0|33140|1
2026-09-01|citilink:431_0|34367|1
2026-10-03|citilink:431_0|30685|1
2026-09-18|citilink:431_0|33140|1
2026-09-01|citilink:431_0|34367|1
2026-08-04|citilink:431_0|80666|1
2026-09-03|citilink:431_0|77679|1
2026-10-03|citilink:431_0|74691|1
2026-08-04|citilink:431_0|14570|1
2026-09-03|citilink:431_0|14031|1
2026-10-03|citilink:431_0|13491|1
2026-08-04|citilink:431_0|14570|1
2026-09-03|citilink:431_0|14031|1
2026-10-03|citilink:431_0|13491|1
