2026-10-03|citilink:463_0|152082|1
2026-09-18|citilink:463_0|164249|1
2026-09-03|citilink:463_0|170332|1
2026-10-03|citilink:463_0|138663|1
2026-09-18|citilink:463_0|149756|1
2026-09-03|citilink:463_0|155303|1
2026-10-03|citilink:463_0|140154|1
2026-09-18|citilink:463_0|151366|1
2026-09-01|citilink:463_0|156972|1
2026-10-03|citilink:463_0|140154|1
2026-09-18|citilink:463_0|151366|1
2026-09-01|citilink:463_0|156972|1
2026-10-03|citilink:463_0|140154|1
2026-09-18|citilink:463_0|151366|1
2026-09-01|citilink:463_0|156972|1
2026-10-03|citilink:463_0|140154|1
2026-09-18|citilink:463_0|151366|1
2026-09-01|citilink:463_0|156972|1
2026-08-04|citilink:463_0|165716|1
2026-09-03|citilink:463_0|159579|1
2026-10-03|citilink:463_0|153441|1
