2026-10-03|citilink:241_0|89082|1
2026-09-18|citilink:241_0|96209|1
2026-09-03|citilink:241_0|99772|1
2026-10-03|citilink:241_0|86355|1
2026-09-18|citilink:241_0|93263|1
2026-09-03|citilink:241_0|96718|1
2026-10-03|citilink:241_0|81810|1
2026-09-18|citilink:241_0|88355|1
2026-09-01|citilink:241_0|91627|1
2026-10-03|citilink:241_0|81810|1
2026-09-18|citilink:241_0|88355|1
2026-09-01|citilink:241_0|91627|1
2026-10-03|citilink:241_0|81810|1
2026-09-18|citilink:241_0|88355|1
2026-09-01|citilink:241_0|91627|1
2026-10-03|citilink:241_0|81810|1
2026-09-18|citilink:241_0|88355|1
2026-09-01|citilink:241_0|91627|1
2026-08-04|citilink:241_0|222103|1
2026-09-03|citilink:241_0|213877|1
2026-10-03|citilink:241_0|205651|1
2026-08-04|citilink:241_0|40285|1
2026-09-03|citilink:241_0|38793|1
2026-10-03|citilink:241_0|37301|1
2026-08-04|citilink:241_0|40285|1
2026-09-03|citilink:241_0|38793|1
2026-10-03|citilink:241_0|37301|1
2026-08-04|citilink:241_0|49130|1
2026-09-03|citilink:241_0|47311|1
2026-10-03|citilink:241_0|45491|1
2026-08-04|citilink:241_0|52369|1
2026-09-03|citilink:241_0|50430|1
2026-10-03|citilink:241_0|48490|1
2026-08-04|citilink:241_0|49226|1
2026-09-03|citilink:241_0|47403|1
2026-10-03|citilink:241_0|45580|1
2026-08-04|citilink:241_0|56365|1
2026-09-03|citilink:241_0|54278|1
2026-10-03|citilink:241_0|52190|1
