2026-10-03|citilink:146_0|16320|1
2026-09-18|citilink:146_0|17626|1
2026-09-03|citilink:146_0|18278|1
2026-10-03|citilink:146_0|15520|1
2026-09-18|citilink:146_0|16762|1
2026-09-03|citilink:146_0|17382|1
2026-10-03|citilink:146_0|16000|1
2026-09-18|citilink:146_0|17280|1
2026-09-01|citilink:146_0|17920|1
2026-10-03|citilink:146_0|16000|1
2026-09-18|citilink:146_0|17280|1
2026-09-01|citilink:146_0|17920|1
2026-10-03|citilink:146_0|16000|1
2026-09-18|citilink:146_0|17280|1
2026-09-01|citilink:146_0|17920|1
2026-10-03|citilink:146_0|16000|1
2026-09-18|citilink:146_0|17280|1
2026-09-01|citilink:146_0|17920|1
2026-08-04|citilink:146_0|31612|1
2026-09-03|citilink:146_0|30441|1
2026-10-03|citilink:146_0|29270|1
2026-08-04|citilink:146_0|74639|1
2026-09-03|citilink:146_0|71874|1
2026-10-03|citilink:146_0|69110|1
2026-08-04|citilink:146_0|74639|1
2026-09-03|citilink:146_0|71874|1
2026-10-03|citilink:146_0|69110|1
2026-08-04|citilink:146_0|18133|1
2026-09-03|citilink:146_0|17462|1
2026-10-03|citilink:146_0|16790|1
