2026-10-03|citilink:260_0|81270|1
2026-09-18|citilink:260_0|87772|1
2026-09-03|citilink:260_0|91022|1
2026-10-03|citilink:260_0|83076|1
2026-09-18|citilink:260_0|89722|1
2026-09-03|citilink:260_0|93045|1
2026-10-03|citilink:260_0|88494|1
2026-09-18|citilink:260_0|95574|1
2026-09-01|citilink:260_0|99113|1
2026-10-03|citilink:260_0|88494|1
2026-09-18|citilink:260_0|95574|1
2026-09-01|citilink:260_0|99113|1
2026-10-03|citilink:260_0|88494|1
2026-09-18|citilink:260_0|95574|1
2026-09-01|citilink:260_0|99113|1
2026-10-03|citilink:260_0|88494|1
2026-09-18|citilink:260_0|95574|1
2026-09-01|citilink:260_0|99113|1
2026-08-04|citilink:260_0|180782|1
2026-09-03|citilink:260_0|174087|1
2026-10-03|citilink:260_0|167391|1
