2026-10-03|citilink:212_0|135035|1
2026-09-18|citilink:212_0|145838|1
2026-09-03|citilink:212_0|151239|1
2026-10-03|citilink:212_0|107550|1
2026-09-18|citilink:212_0|116154|1
2026-09-03|citilink:212_0|120456|1
2026-10-03|citilink:212_0|118305|1
2026-09-18|citilink:212_0|127769|1
2026-09-01|citilink:212_0|132502|1
2026-10-03|citilink:212_0|118305|1
2026-09-18|citilink:212_0|127769|1
2026-09-01|citilink:212_0|132502|1
2026-10-03|citilink:212_0|118305|1
2026-09-18|citilink:212_0|127769|1
2026-09-01|citilink:212_0|132502|1
2026-10-03|citilink:212_0|118305|1
2026-09-18|citilink:212_0|127769|1
2026-09-01|citilink:212_0|132502|1
2026-08-04|citilink:212_0|249621|1
2026-09-03|citilink:212_0|240376|1
2026-10-03|citilink:212_0|231131|1
2026-08-04|citilink:212_0|37337|1
2026-09-03|citilink:212_0|35954|1
2026-10-03|citilink:212_0|34571|1
2026-08-04|citilink:212_0|37337|1
2026-09-03|citilink:212_0|35954|1
2026-10-03|citilink:212_0|34571|1
2026-08-04|citilink:212_0|49622|1
2026-09-03|citilink:212_0|47784|1
2026-10-03|citilink:212_0|45946|1
2026-08-04|citilink:212_0|45805|1
2026-09-03|citilink:212_0|44108|1
2026-10-03|citilink:212_0|42412|1
2026-08-04|citilink:212_0|39001|1
2026-09-03|citilink:212_0|37556|1
2026-10-03|citilink:212_0|36112|1
