2026-10-03|citilink:468_0|43531|1
2026-09-18|citilink:468_0|47013|1
2026-09-03|citilink:468_0|48755|1
2026-10-03|citilink:468_0|44824|1
2026-09-18|citilink:468_0|48410|1
2026-09-03|citilink:468_0|50203|1
2026-10-03|citilink:468_0|39221|1
2026-09-18|citilink:468_0|42359|1
2026-09-01|citilink:468_0|43928|1
2026-10-03|citilink:468_0|39221|1
2026-09-18|citilink:468_0|42359|1
2026-09-01|citilink:468_0|43928|1
2026-10-03|citilink:468_0|39221|1
2026-09-18|citilink:468_0|42359|1
2026-09-01|citilink:468_0|43928|1
2026-10-03|citilink:468_0|39221|1
2026-09-18|citilink:468_0|42359|1
2026-09-01|citilink:468_0|43928|1
2026-08-04|citilink:468_0|145628|1
2026-09-03|citilink:468_0|140235|1
2026-10-03|citilink:468_0|134841|1
2026-08-04|citilink:468_0|19074|1
2026-09-03|citilink:468_0|18367|1
2026-10-03|citilink:468_0|17661|1
2026-08-04|citilink:468_0|19074|1
2026-09-03|citilink:468_0|18367|1
2026-10-03|citilink:468_0|17661|1
2026-08-04|citilink:468_0|46193|1
2026-09-03|citilink:468_0|44482|1
2026-10-03|citilink:468_0|42771|1
2026-08-04|citilink:468_0|40729|1
2026-09-03|citilink:468_0|39220|1
2026-10-03|citilink:468_0|37712|1
2026-08-04|citilink:468_0|38072|1
2026-09-03|citilink:468_0|36662|1
2026-10-03|citilink:468_0|35252|1
2026-08-04|citilink:468_0|40381|1
2026-09-03|citilink:468_0|38886|1
2026-10-03|citilink:468_0|37390|1
