2026-10-03|citilink:261_0|19305|1
2026-09-18|citilink:261_0|20849|1
2026-09-03|citilink:261_0|21622|1
2026-10-03|citilink:261_0|17550|1
2026-09-18|citilink:261_0|18954|1
2026-09-03|citilink:261_0|19656|1
2026-10-03|citilink:261_0|17940|1
2026-09-18|citilink:261_0|19375|1
2026-09-01|citilink:261_0|20093|1
2026-10-03|citilink:261_0|17940|1
2026-09-18|citilink:261_0|19375|1
2026-09-01|citilink:261_0|20093|1
2026-10-03|citilink:261_0|17940|1
2026-09-18|citilink:261_0|19375|1
2026-09-01|citilink:261_0|20093|1
2026-10-03|citilink:261_0|17940|1
2026-09-18|citilink:261_0|19375|1
2026-09-01|citilink:261_0|20093|1
2026-08-04|citilink:261_0|52219|1
2026-09-03|citilink:261_0|50285|1
2026-10-03|citilink:261_0|48351|1
