2026-10-03|citilink:5_0|72653|1
2026-09-18|citilink:5_0|78465|1
2026-09-03|citilink:5_0|81371|1
2026-10-03|citilink:5_0|74900|1
2026-09-18|citilink:5_0|80892|1
2026-09-03|citilink:5_0|83888|1
2026-10-03|citilink:5_0|74900|1
2026-09-18|citilink:5_0|80892|1
2026-09-01|citilink:5_0|83888|1
2026-10-03|citilink:5_0|74900|1
2026-09-18|citilink:5_0|80892|1
2026-09-01|citilink:5_0|83888|1
2026-10-03|citilink:5_0|74900|1
2026-09-18|citilink:5_0|80892|1
2026-09-01|citilink:5_0|83888|1
2026-10-03|citilink:5_0|74900|1
2026-09-18|citilink:5_0|80892|1
2026-09-01|citilink:5_0|83888|1
2026-08-04|citilink:5_0|68786|1
2026-09-03|citilink:5_0|66239|1
2026-10-03|citilink:5_0|63691|1
