2026-10-03|citilink:472_0|209855|1
2026-09-18|citilink:472_0|226643|1
2026-09-03|citilink:472_0|235038|1
2026-10-03|citilink:472_0|231945|1
2026-09-18|citilink:472_0|250501|1
2026-09-03|citilink:472_0|259778|1
2026-10-03|citilink:472_0|236363|1
2026-09-18|citilink:472_0|255272|1
2026-09-01|citilink:472_0|264727|1
2026-10-03|citilink:472_0|236363|1
2026-09-18|citilink:472_0|255272|1
2026-09-01|citilink:472_0|264727|1
2026-10-03|citilink:472_0|236363|1
2026-09-18|citilink:472_0|255272|1
2026-09-01|citilink:472_0|264727|1
2026-10-03|citilink:472_0|236363|1
2026-09-18|citilink:472_0|255272|1
2026-09-01|citilink:472_0|264727|1
2026-08-04|citilink:472_0|56993|1
2026-09-03|citilink:472_0|54882|1
2026-10-03|citilink:472_0|52771|1
2026-08-04|citilink:472_0|19646|1
2026-09-03|citilink:472_0|18919|1
2026-10-03|citilink:472_0|18191|1
2026-08-04|citilink:472_0|19646|1
2026-09-03|citilink:472_0|18919|1
2026-10-03|citilink:472_0|18191|1
2026-08-04|citilink:472_0|31440|1
2026-09-03|citilink:472_0|30275|1
2026-10-03|citilink:472_0|29111|1
2026-08-04|citilink:472_0|33167|1
2026-09-03|citilink:472_0|31938|1
2026-10-03|citilink:472_0|30710|1
