2026-10-03|citilink:231_0|20482|1
2026-09-18|citilink:231_0|22121|1
2026-09-03|citilink:231_0|22940|1
2026-10-03|citilink:231_0|20064|1
2026-09-18|citilink:231_0|21669|1
2026-09-03|citilink:231_0|22472|1
2026-10-03|citilink:231_0|20273|1
2026-09-18|citilink:231_0|21895|1
2026-09-01|citilink:231_0|22706|1
2026-10-03|citilink:231_0|20273|1
2026-09-18|citilink:231_0|21895|1
2026-09-01|citilink:231_0|22706|1
2026-10-03|citilink:231_0|20273|1
2026-09-18|citilink:231_0|21895|1
2026-09-01|citilink:231_0|22706|1
2026-10-03|citilink:231_0|20273|1
2026-09-18|citilink:231_0|21895|1
2026-09-01|citilink:231_0|22706|1
2026-08-04|citilink:231_0|48590|1
2026-09-03|citilink:231_0|46791|1
2026-10-03|citilink:231_0|44991|1
2026-08-04|citilink:231_0|15056|1
2026-09-03|citilink:231_0|14499|1
2026-10-03|citilink:231_0|13941|1
2026-08-04|citilink:231_0|15056|1
2026-09-03|citilink:231_0|14499|1
2026-10-03|citilink:231_0|13941|1
2026-08-04|citilink:231_0|20888|1
2026-09-03|citilink:231_0|20115|1
2026-10-03|citilink:231_0|19341|1
