2026-10-03|citilink:487_0|25575|1
2026-09-18|citilink:487_0|27621|1
2026-09-03|citilink:487_0|28644|1
2026-10-03|citilink:487_0|25300|1
2026-09-18|citilink:487_0|27324|1
2026-09-03|citilink:487_0|28336|1
2026-10-03|citilink:487_0|27225|1
2026-09-18|citilink:487_0|29403|1
2026-09-01|citilink:487_0|30492|1
2026-10-03|citilink:487_0|27225|1
2026-09-18|citilink:487_0|29403|1
2026-09-01|citilink:487_0|30492|1
2026-10-03|citilink:487_0|27225|1
2026-09-18|citilink:487_0|29403|1
2026-09-01|citilink:487_0|30492|1
2026-10-03|citilink:487_0|27225|1
2026-09-18|citilink:487_0|29403|1
2026-09-01|citilink:487_0|30492|1
2026-08-04|citilink:487_0|121209|1
2026-09-03|citilink:487_0|116720|1
2026-10-03|citilink:487_0|112231|1
2026-08-04|citilink:487_0|31785|1
2026-09-03|citilink:487_0|30608|1
2026-10-03|citilink:487_0|29431|1
2026-08-04|citilink:487_0|31785|1
2026-09-03|citilink:487_0|30608|1
2026-10-03|citilink:487_0|29431|1
2026-08-04|citilink:487_0|27314|1
2026-09-03|citilink:487_0|26303|1
2026-10-03|citilink:487_0|25291|1
2026-08-04|citilink:487_0|24939|1
2026-09-03|citilink:487_0|24016|1
2026-10-03|citilink:487_0|23092|1
