2026-10-03|citilink:385_0|80010|1
2026-09-18|citilink:385_0|86411|1
2026-09-03|citilink:385_0|89611|1
2026-10-03|citilink:385_0|80010|1
2026-09-18|citilink:385_0|86411|1
2026-09-03|citilink:385_0|89611|1
2026-10-03|citilink:385_0|87122|1
2026-09-18|citilink:385_0|94092|1
2026-09-01|citilink:385_0|97577|1
2026-10-03|citilink:385_0|87122|1
2026-09-18|citilink:385_0|94092|1
2026-09-01|citilink:385_0|97577|1
2026-10-03|citilink:385_0|87122|1
2026-09-18|citilink:385_0|94092|1
2026-09-01|citilink:385_0|97577|1
2026-10-03|citilink:385_0|87122|1
2026-09-18|citilink:385_0|94092|1
2026-09-01|citilink:385_0|97577|1
2026-08-04|citilink:385_0|37747|1
2026-09-03|citilink:385_0|36349|1
2026-10-03|citilink:385_0|34951|1
2026-08-04|citilink:385_0|10423|1
2026-09-03|citilink:385_0|10037|1
2026-10-03|citilink:385_0|9651|1
2026-08-04|citilink:385_0|10423|1
2026-09-03|citilink:385_0|10037|1
2026-10-03|citilink:385_0|9651|1
2026-08-04|citilink:385_0|55632|1
2026-09-03|citilink:385_0|53571|1
2026-10-03|citilink:385_0|51511|1
2026-08-04|citilink:385_0|58050|1
2026-09-03|citilink:385_0|55900|1
2026-10-03|citilink:385_0|53750|1
2026-08-04|citilink:385_0|48719|1
2026-09-03|citilink:385_0|46914|1
2026-10-03|citilink:385_0|45110|1
2026-08-04|citilink:385_0|55825|1
2026-09-03|citilink:385_0|53758|1
2026-10-03|citilink:385_0|51690|1
