2026-10-03|citilink:400_0|123924|1
2026-09-18|citilink:400_0|133838|1
2026-09-03|citilink:400_0|138795|1
2026-10-03|citilink:400_0|130659|1
2026-09-18|citilink:400_0|141112|1
2026-09-03|citilink:400_0|146338|1
2026-10-03|citilink:400_0|138741|1
2026-09-18|citilink:400_0|149840|1
2026-09-01|citilink:400_0|155390|1
2026-10-03|citilink:400_0|138741|1
2026-09-18|citilink:400_0|149840|1
2026-09-01|citilink:400_0|155390|1
2026-10-03|citilink:400_0|138741|1
2026-09-18|citilink:400_0|149840|1
2026-09-01|citilink:400_0|155390|1
2026-10-03|citilink:400_0|138741|1
2026-09-18|citilink:400_0|149840|1
2026-09-01|citilink:400_0|155390|1
2026-08-04|citilink:400_0|136589|1
2026-09-03|citilink:400_0|131530|1
2026-10-03|citilink:400_0|126471|1
2026-08-04|citilink:400_0|10536|1
2026-09-03|citilink:400_0|10146|1
2026-10-03|citilink:400_0|9756|1
2026-08-04|citilink:400_0|10536|1
2026-09-03|citilink:400_0|10146|1
2026-10-03|citilink:400_0|9756|1
2026-08-04|citilink:400_0|29118|1
2026-09-03|citilink:400_0|28039|1
2026-10-03|citilink:400_0|26961|1
2026-08-04|citilink:400_0|26925|1
2026-09-03|citilink:400_0|25928|1
2026-10-03|citilink:400_0|24931|1
