2026-10-03|citilink:82_0|53268|1
2026-09-18|citilink:82_0|57529|1
2026-09-03|citilink:82_0|59660|1
2026-10-03|citilink:82_0|53847|1
2026-09-18|citilink:82_0|58155|1
2026-09-03|citilink:82_0|60309|1
2026-10-03|citilink:82_0|52110|1
2026-09-18|citilink:82_0|56279|1
2026-09-01|citilink:82_0|58363|1
2026-10-03|citilink:82_0|52110|1
2026-09-18|citilink:82_0|56279|1
2026-09-01|citilink:82_0|58363|1
2026-10-03|citilink:82_0|52110|1
2026-09-18|citilink:82_0|56279|1
2026-09-01|citilink:82_0|58363|1
2026-10-03|citilink:82_0|52110|1
2026-09-18|citilink:82_0|56279|1
2026-09-01|citilink:82_0|58363|1
2026-08-04|citilink:82_0|65610|1
2026-09-03|citilink:82_0|63180|1
2026-10-03|citilink:82_0|60750|1
2026-08-04|citilink:82_0|27508|1
2026-09-03|citilink:82_0|26489|1
2026-10-03|citilink:82_0|25470|1
2026-08-04|citilink:82_0|27508|1
2026-09-03|citilink:82_0|26489|1
2026-10-03|citilink:82_0|25470|1
2026-08-04|citilink:82_0|16924|1
2026-09-03|citilink:82_0|16297|1
2026-10-03|citilink:82_0|15670|1
