2026-10-03|citilink:360_0|11495|1
2026-09-18|citilink:360_0|12415|1
2026-09-03|citilink:360_0|12874|1
2026-10-03|citilink:360_0|10890|1
2026-09-18|citilink:360_0|11761|1
2026-09-03|citilink:360_0|12197|1
2026-10-03|citilink:360_0|11858|1
2026-09-18|citilink:360_0|12807|1
2026-09-01|citilink:360_0|13281|1
2026-10-03|citilink:360_0|11858|1
2026-09-18|citilink:360_0|12807|1
2026-09-01|citilink:360_0|13281|1
2026-10-03|citilink:360_0|11858|1
2026-09-18|citilink:360_0|12807|1
2026-09-01|citilink:360_0|13281|1
2026-10-03|citilink:360_0|11858|1
2026-09-18|citilink:360_0|12807|1
2026-09-01|citilink:360_0|13281|1
2026-08-04|citilink:360_0|39842|1
2026-09-03|citilink:360_0|38367|1
2026-10-03|citilink:360_0|36891|1
2026-08-04|citilink:360_0|40814|1
2026-09-03|citilink:360_0|39303|1
2026-10-03|citilink:360_0|37791|1
2026-08-04|citilink:360_0|40814|1
2026-09-03|citilink:360_0|39303|1
2026-10-03|citilink:360_0|37791|1
2026-08-04|citilink:360_0|31094|1
2026-09-03|citilink:360_0|29943|1
2026-10-03|citilink:360_0|28791|1
2026-08-04|citilink:360_0|28331|1
2026-09-03|citilink:360_0|27281|1
2026-10-03|citilink:360_0|26232|1
