2026-10-03|citilink:221_0|104868|1
2026-09-18|citilink:221_0|113257|1
2026-09-03|citilink:221_0|117452|1
2026-10-03|citilink:221_0|87390|1
2026-09-18|citilink:221_0|94381|1
2026-09-03|citilink:221_0|97877|1
2026-10-03|citilink:221_0|98071|1
2026-09-18|citilink:221_0|105917|1
2026-09-01|citilink:221_0|109840|1
2026-10-03|citilink:221_0|98071|1
2026-09-18|citilink:221_0|105917|1
2026-09-01|citilink:221_0|109840|1
2026-10-03|citilink:221_0|98071|1
2026-09-18|citilink:221_0|105917|1
2026-09-01|citilink:221_0|109840|1
2026-10-03|citilink:221_0|98071|1
2026-09-18|citilink:221_0|105917|1
2026-09-01|citilink:221_0|109840|1
2026-08-04|citilink:221_0|80191|1
2026-09-03|citilink:221_0|77221|1
2026-10-03|citilink:221_0|74251|1
2026-08-04|citilink:221_0|59887|1
2026-09-03|citilink:221_0|57669|1
2026-10-03|citilink:221_0|55451|1
2026-08-04|citilink:221_0|59887|1
2026-09-03|citilink:221_0|57669|1
2026-10-03|citilink:221_0|55451|1
