2026-10-03|citilink:477_0|29274|1
2026-09-18|citilink:477_0|31616|1
2026-09-03|citilink:477_0|32787|1
2026-10-03|citilink:477_0|26404|1
2026-09-18|citilink:477_0|28516|1
2026-09-03|citilink:477_0|29572|1
2026-10-03|citilink:477_0|26404|1
2026-09-18|citilink:477_0|28516|1
2026-09-01|citilink:477_0|29572|1
2026-10-03|citilink:477_0|26404|1
2026-09-18|citilink:477_0|28516|1
2026-09-01|citilink:477_0|29572|1
2026-10-03|citilink:477_0|26404|1
2026-09-18|citilink:477_0|28516|1
2026-09-01|citilink:477_0|29572|1
2026-10-03|citilink:477_0|26404|1
2026-09-18|citilink:477_0|28516|1
2026-09-01|citilink:477_0|29572|1
2026-08-04|citilink:477_0|12907|1
2026-09-03|citilink:477_0|12429|1
2026-10-03|citilink:477_0|11951|1
2026-08-04|citilink:477_0|13901|1
2026-09-03|citilink:477_0|13386|1
2026-10-03|citilink:477_0|12871|1
2026-08-04|citilink:477_0|13901|1
2026-09-03|citilink:477_0|13386|1
2026-10-03|citilink:477_0|12871|1
2026-08-04|citilink:477_0|59109|1
2026-09-03|citilink:477_0|56920|1
2026-10-03|citilink:477_0|54731|1
2026-08-04|citilink:477_0|53327|1
2026-09-03|citilink:477_0|51352|1
2026-10-03|citilink:477_0|49377|1
