2026-10-03|citilink:208_0|53664|1
2026-09-18|citilink:208_0|57957|1
2026-09-03|citilink:208_0|60104|1
2026-10-03|citilink:208_0|50869|1
2026-09-18|citilink:208_0|54939|1
2026-09-03|citilink:208_0|56973|1
2026-10-03|citilink:208_0|60931|1
2026-09-18|citilink:208_0|65805|1
2026-09-01|citilink:208_0|68243|1
2026-10-03|citilink:208_0|60931|1
2026-09-18|citilink:208_0|65805|1
2026-09-01|citilink:208_0|68243|1
2026-10-03|citilink:208_0|60931|1
2026-09-18|citilink:208_0|65805|1
2026-09-01|citilink:208_0|68243|1
2026-10-03|citilink:208_0|60931|1
2026-09-18|citilink:208_0|65805|1
2026-09-01|citilink:208_0|68243|1
2026-08-04|citilink:208_0|142874|1
2026-09-03|citilink:208_0|137583|1
2026-10-03|citilink:208_0|132291|1
2026-08-04|citilink:208_0|27206|1
2026-09-03|citilink:208_0|26199|1
2026-10-03|citilink:208_0|25191|1
2026-08-04|citilink:208_0|27206|1
2026-09-03|citilink:208_0|26199|1
2026-10-03|citilink:208_0|25191|1
2026-08-04|citilink:208_0|34010|1
2026-09-03|citilink:208_0|32751|1
2026-10-03|citilink:208_0|31491|1
2026-08-04|citilink:208_0|36277|1
2026-09-03|citilink:208_0|34934|1
2026-10-03|citilink:208_0|33590|1
2026-08-04|citilink:208_0|30056|1
2026-09-03|citilink:208_0|28943|1
2026-10-03|citilink:208_0|27830|1
