2026-10-03|citilink:464_0|105156|1
2026-09-18|citilink:464_0|113568|1
2026-09-03|citilink:464_0|117775|1
2026-10-03|citilink:464_0|112014|1
2026-09-18|citilink:464_0|120975|1
2026-09-03|citilink:464_0|125456|1
2026-10-03|citilink:464_0|115443|1
2026-09-18|citilink:464_0|124678|1
2026-09-01|citilink:464_0|129296|1
2026-10-03|citilink:464_0|115443|1
2026-09-18|citilink:464_0|124678|1
2026-09-01|citilink:464_0|129296|1
2026-10-03|citilink:464_0|115443|1
2026-09-18|citilink:464_0|124678|1
2026-09-01|citilink:464_0|129296|1
2026-10-03|citilink:464_0|115443|1
2026-09-18|citilink:464_0|124678|1
2026-09-01|citilink:464_0|129296|1
2026-08-04|citilink:464_0|113012|1
2026-09-03|citilink:464_0|108827|1
2026-10-03|citilink:464_0|104641|1
2026-08-04|citilink:464_0|139548|1
2026-09-03|citilink:464_0|134379|1
2026-10-03|citilink:464_0|129211|1
2026-08-04|citilink:464_0|139548|1
2026-09-03|citilink:464_0|134379|1
2026-10-03|citilink:464_0|129211|1
2026-08-04|citilink:464_0|29966|1
2026-09-03|citilink:464_0|28856|1
2026-10-03|citilink:464_0|27746|1
2026-08-04|citilink:464_0|27002|1
2026-09-03|citilink:464_0|26002|1
2026-10-03|citilink:464_0|25002|1
