2026-10-03|citilink:182_0|9494|1
2026-09-18|citilink:182_0|10254|1
2026-09-03|citilink:182_0|10633|1
2026-10-03|citilink:182_0|9292|1
2026-09-18|citilink:182_0|10035|1
2026-09-03|citilink:182_0|10407|1
2026-10-03|citilink:182_0|10302|1
2026-09-18|citilink:182_0|11126|1
2026-09-01|citilink:182_0|11538|1
2026-10-03|citilink:182_0|10302|1
2026-09-18|citilink:182_0|11126|1
2026-09-01|citilink:182_0|11538|1
2026-10-03|citilink:182_0|10302|1
2026-09-18|citilink:182_0|11126|1
2026-09-01|citilink:182_0|11538|1
2026-10-03|citilink:182_0|10302|1
2026-09-18|citilink:182_0|11126|1
2026-09-01|citilink:182_0|11538|1
2026-08-04|citilink:182_0|253099|1
2026-09-03|citilink:182_0|243725|1
2026-10-03|citilink:182_0|234351|1
2026-08-04|citilink:182_0|17065|1
2026-09-03|citilink:182_0|16433|1
2026-10-03|citilink:182_0|15801|1
2026-08-04|citilink:182_0|17065|1
2026-09-03|citilink:182_0|16433|1
2026-10-03|citilink:182_0|15801|1
2026-08-04|citilink:182_0|59752|1
2026-09-03|citilink:182_0|57539|1
2026-10-03|citilink:182_0|55326|1
2026-08-04|citilink:182_0|55254|1
2026-09-03|citilink:182_0|53207|1
2026-10-03|citilink:182_0|51161|1
2026-08-04|citilink:182_0|53861|1
2026-09-03|citilink:182_0|51866|1
2026-10-03|citilink:182_0|49871|1
2026-08-04|citilink:182_0|53881|1
2026-09-03|citilink:182_0|51886|1
2026-10-03|citilink:182_0|49890|1
