2026-10-03|citilink:227_0|16300|1
2026-09-18|citilink:227_0|17604|1
2026-09-03|citilink:227_0|18256|1
2026-10-03|citilink:227_0|15485|1
2026-09-18|citilink:227_0|16724|1
2026-09-03|citilink:227_0|17343|1
2026-10-03|citilink:227_0|14996|1
2026-09-18|citilink:227_0|16196|1
2026-09-01|citilink:227_0|16796|1
2026-10-03|citilink:227_0|14996|1
2026-09-18|citilink:227_0|16196|1
2026-09-01|citilink:227_0|16796|1
2026-10-03|citilink:227_0|14996|1
2026-09-18|citilink:227_0|16196|1
2026-09-01|citilink:227_0|16796|1
2026-10-03|citilink:227_0|14996|1
2026-09-18|citilink:227_0|16196|1
2026-09-01|citilink:227_0|16796|1
2026-08-04|citilink:227_0|375636|1
2026-09-03|citilink:227_0|361723|1
2026-10-03|citilink:227_0|347811|1
2026-08-04|citilink:227_0|64272|1
2026-09-03|citilink:227_0|61891|1
2026-10-03|citilink:227_0|59511|1
2026-08-04|citilink:227_0|64272|1
2026-09-03|citilink:227_0|61891|1
2026-10-03|citilink:227_0|59511|1
2026-08-04|citilink:227_0|20078|1
2026-09-03|citilink:227_0|19335|1
2026-10-03|citilink:227_0|18591|1
2026-08-04|citilink:227_0|18351|1
2026-09-03|citilink:227_0|17672|1
2026-10-03|citilink:227_0|16992|1
2026-08-04|citilink:227_0|18351|1
2026-09-03|citilink:227_0|17672|1
2026-10-03|citilink:227_0|16992|1
2026-08-04|citilink:227_0|18349|1
2026-09-03|citilink:227_0|17670|1
2026-10-03|citilink:227_0|16990|1
