2026-10-03|citilink:172_0|54802|1
2026-09-18|citilink:172_0|59186|1
2026-09-03|citilink:172_0|61378|1
2026-10-03|citilink:172_0|54802|1
2026-09-18|citilink:172_0|59186|1
2026-09-03|citilink:172_0|61378|1
2026-10-03|citilink:172_0|62381|1
2026-09-18|citilink:172_0|67371|1
2026-09-01|citilink:172_0|69867|1
2026-10-03|citilink:172_0|62381|1
2026-09-18|citilink:172_0|67371|1
2026-09-01|citilink:172_0|69867|1
2026-10-03|citilink:172_0|62381|1
2026-09-18|citilink:172_0|67371|1
2026-09-01|citilink:172_0|69867|1
2026-10-03|citilink:172_0|62381|1
2026-09-18|citilink:172_0|67371|1
2026-09-01|citilink:172_0|69867|1
2026-08-04|citilink:172_0|57619|1
2026-09-03|citilink:172_0|55485|1
2026-10-03|citilink:172_0|53351|1
2026-08-04|citilink:172_0|20856|1
2026-09-03|citilink:172_0|20083|1
2026-10-03|citilink:172_0|19311|1
2026-08-04|citilink:172_0|20856|1
2026-09-03|citilink:172_0|20083|1
2026-10-03|citilink:172_0|19311|1
2026-08-04|citilink:172_0|42715|1
2026-09-03|citilink:172_0|41133|1
2026-10-03|citilink:172_0|39551|1
2026-08-04|citilink:172_0|39465|1
2026-09-03|citilink:172_0|38004|1
2026-10-03|citilink:172_0|36542|1
