2026-10-03|citilink:428_0|83327|1
2026-09-18|citilink:428_0|89993|1
2026-09-03|citilink:428_0|93326|1
2026-10-03|citilink:428_0|78473|1
2026-09-18|citilink:428_0|84751|1
2026-09-03|citilink:428_0|87890|1
2026-10-03|citilink:428_0|80091|1
2026-09-18|citilink:428_0|86498|1
2026-09-01|citilink:428_0|89702|1
2026-10-03|citilink:428_0|80091|1
2026-09-18|citilink:428_0|86498|1
2026-09-01|citilink:428_0|89702|1
2026-10-03|citilink:428_0|80091|1
2026-09-18|citilink:428_0|86498|1
2026-09-01|citilink:428_0|89702|1
2026-10-03|citilink:428_0|80091|1
2026-09-18|citilink:428_0|86498|1
2026-09-01|citilink:428_0|89702|1
2026-08-04|citilink:428_0|65114|1
2026-09-03|citilink:428_0|62703|1
2026-10-03|citilink:428_0|60291|1
2026-08-04|citilink:428_0|21374|1
2026-09-03|citilink:428_0|20583|1
2026-10-03|citilink:428_0|19791|1
2026-08-04|citilink:428_0|21374|1
2026-09-03|citilink:428_0|20583|1
2026-10-03|citilink:428_0|19791|1
2026-08-04|citilink:428_0|47618|1
2026-09-03|citilink:428_0|45855|1
2026-10-03|citilink:428_0|44091|1
2026-08-04|citilink:428_0|50792|1
2026-09-03|citilink:428_0|48911|1
2026-10-03|citilink:428_0|47030|1
2026-08-04|citilink:428_0|44572|1
2026-09-03|citilink:428_0|42921|1
2026-10-03|citilink:428_0|41270|1
2026-08-04|citilink:428_0|43621|1
2026-09-03|citilink:428_0|42006|1
2026-10-03|citilink:428_0|40390|1
