2026-10-03|citilink:43_0|32310|1
2026-09-18|citilink:43_0|34895|1
2026-09-03|citilink:43_0|36187|1
2026-10-03|citilink:43_0|33028|1
2026-09-18|citilink:43_0|35670|1
2026-09-03|citilink:43_0|36991|1
2026-10-03|citilink:43_0|32669|1
2026-09-18|citilink:43_0|35283|1
2026-09-01|citilink:43_0|36589|1
2026-10-03|citilink:43_0|32669|1
2026-09-18|citilink:43_0|35283|1
2026-09-01|citilink:43_0|36589|1
2026-10-03|citilink:43_0|32669|1
2026-09-18|citilink:43_0|35283|1
2026-09-01|citilink:43_0|36589|1
2026-10-03|citilink:43_0|32669|1
2026-09-18|citilink:43_0|35283|1
2026-09-01|citilink:43_0|36589|1
2026-08-04|citilink:43_0|167725|1
2026-09-03|citilink:43_0|161513|1
2026-10-03|citilink:43_0|155301|1
2026-08-04|citilink:43_0|30122|1
2026-09-03|citilink:43_0|29007|1
2026-10-03|citilink:43_0|27891|1
2026-08-04|citilink:43_0|30122|1
2026-09-03|citilink:43_0|29007|1
2026-10-03|citilink:43_0|27891|1
