2026-10-03|citilink:246_0|13230|1
2026-09-18|citilink:246_0|14288|1
2026-09-03|citilink:246_0|14818|1
2026-10-03|citilink:246_0|13230|1
2026-09-18|citilink:246_0|14288|1
2026-09-03|citilink:246_0|14818|1
2026-10-03|citilink:246_0|14700|1
2026-09-18|citilink:246_0|15876|1
2026-09-01|citilink:246_0|16464|1
2026-10-03|citilink:246_0|14700|1
2026-09-18|citilink:246_0|15876|1
2026-09-01|citilink:246_0|16464|1
2026-10-03|citilink:246_0|14700|1
2026-09-18|citilink:246_0|15876|1
2026-09-01|citilink:246_0|16464|1
2026-10-03|citilink:246_0|14700|1
2026-09-18|citilink:246_0|15876|1
2026-09-01|citilink:246_0|16464|1
2026-08-04|citilink:246_0|40728|1
2026-09-03|citilink:246_0|39219|1
2026-10-03|citilink:246_0|37711|1
2026-08-04|citilink:246_0|22843|1
2026-09-03|citilink:246_0|21997|1
2026-10-03|citilink:246_0|21151|1
