2026-10-03|citilink:344_0|20165|1
2026-09-18|citilink:344_0|21778|1
2026-09-03|citilink:344_0|22585|1
2026-10-03|citilink:344_0|16650|1
2026-09-18|citilink:344_0|17982|1
2026-09-03|citilink:344_0|18648|1
2026-10-03|citilink:344_0|18130|1
2026-09-18|citilink:344_0|19580|1
2026-09-01|citilink:344_0|20306|1
2026-10-03|citilink:344_0|18130|1
2026-09-18|citilink:344_0|19580|1
2026-09-01|citilink:344_0|20306|1
2026-10-03|citilink:344_0|18130|1
2026-09-18|citilink:344_0|19580|1
2026-09-01|citilink:344_0|20306|1
2026-10-03|citilink:344_0|18130|1
2026-09-18|citilink:344_0|19580|1
2026-09-01|citilink:344_0|20306|1
2026-08-04|citilink:344_0|113714|1
2026-09-03|citilink:344_0|109503|1
2026-10-03|citilink:344_0|105291|1
2026-08-04|citilink:344_0|80666|1
2026-09-03|citilink:344_0|77679|1
2026-10-03|citilink:344_0|74691|1
2026-08-04|citilink:344_0|80666|1
2026-09-03|citilink:344_0|77679|1
2026-10-03|citilink:344_0|74691|1
