2026-10-03|citilink:88_0|137923|1
2026-09-18|citilink:88_0|148957|1
2026-09-03|citilink:88_0|154474|1
2026-10-03|citilink:88_0|118588|1
2026-09-18|citilink:88_0|128075|1
2026-09-03|citilink:88_0|132819|1
2026-10-03|citilink:88_0|121166|1
2026-09-18|citilink:88_0|130859|1
2026-09-01|citilink:88_0|135706|1
2026-10-03|citilink:88_0|121166|1
2026-09-18|citilink:88_0|130859|1
2026-09-01|citilink:88_0|135706|1
2026-10-03|citilink:88_0|121166|1
2026-09-18|citilink:88_0|130859|1
2026-09-01|citilink:88_0|135706|1
2026-10-03|citilink:88_0|121166|1
2026-09-18|citilink:88_0|130859|1
2026-09-01|citilink:88_0|135706|1
2026-08-04|citilink:88_0|148037|1
2026-09-03|citilink:88_0|142554|1
2026-10-03|citilink:88_0|137071|1
2026-08-04|citilink:88_0|23837|1
2026-09-03|citilink:88_0|22954|1
2026-10-03|citilink:88_0|22071|1
2026-08-04|citilink:88_0|23837|1
2026-09-03|citilink:88_0|22954|1
2026-10-03|citilink:88_0|22071|1
2026-08-04|citilink:88_0|33276|1
2026-09-03|citilink:88_0|32043|1
2026-10-03|citilink:88_0|30811|1
2026-08-04|citilink:88_0|34361|1
2026-09-03|citilink:88_0|33089|1
2026-10-03|citilink:88_0|31816|1
