2026-10-03|citilink:117_0|27542|1
2026-09-18|citilink:117_0|29745|1
2026-09-03|citilink:117_0|30847|1
2026-10-03|citilink:117_0|28714|1
2026-09-18|citilink:117_0|31011|1
2026-09-03|citilink:117_0|32160|1
2026-10-03|citilink:117_0|28421|1
2026-09-18|citilink:117_0|30695|1
2026-09-01|citilink:117_0|31832|1
2026-10-03|citilink:117_0|28421|1
2026-09-18|citilink:117_0|30695|1
2026-09-01|citilink:117_0|31832|1
2026-10-03|citilink:117_0|28421|1
2026-09-18|citilink:117_0|30695|1
2026-09-01|citilink:117_0|31832|1
2026-10-03|citilink:117_0|28421|1
2026-09-18|citilink:117_0|30695|1
2026-09-01|citilink:117_0|31832|1
2026-08-04|citilink:117_0|18869|1
2026-09-03|citilink:117_0|18170|1
2026-10-03|citilink:117_0|17471|1
2026-08-04|citilink:117_0|31785|1
2026-09-03|citilink:117_0|30608|1
2026-10-03|citilink:117_0|29431|1
2026-08-04|citilink:117_0|31785|1
2026-09-03|citilink:117_0|30608|1
2026-10-03|citilink:117_0|29431|1
2026-08-04|citilink:117_0|54638|1
2026-09-03|citilink:117_0|52615|1
2026-10-03|citilink:117_0|50591|1
2026-08-04|citilink:117_0|50481|1
2026-09-03|citilink:117_0|48612|1
2026-10-03|citilink:117_0|46742|1
2026-08-04|citilink:117_0|50481|1
2026-09-03|citilink:117_0|48612|1
2026-10-03|citilink:117_0|46742|1
