2026-10-03|citilink:495_0|8835|1
2026-09-18|citilink:495_0|9542|1
2026-09-03|citilink:495_0|9895|1
2026-10-03|citilink:495_0|8550|1
2026-09-18|citilink:495_0|9234|1
2026-09-03|citilink:495_0|9576|1
2026-10-03|citilink:495_0|9025|1
2026-09-18|citilink:495_0|9747|1
2026-09-01|citilink:495_0|10108|1
2026-10-03|citilink:495_0|9025|1
2026-09-18|citilink:495_0|9747|1
2026-09-01|citilink:495_0|10108|1
2026-10-03|citilink:495_0|9025|1
2026-09-18|citilink:495_0|9747|1
2026-09-01|citilink:495_0|10108|1
2026-10-03|citilink:495_0|9025|1
2026-09-18|citilink:495_0|9747|1
2026-09-01|citilink:495_0|10108|1
2026-08-04|citilink:495_0|81465|1
2026-09-03|citilink:495_0|78448|1
2026-10-03|citilink:495_0|75431|1
2026-08-04|citilink:495_0|116241|1
2026-09-03|citilink:495_0|111936|1
2026-10-03|citilink:495_0|107631|1
2026-08-04|citilink:495_0|116241|1
2026-09-03|citilink:495_0|111936|1
2026-10-03|citilink:495_0|107631|1
2026-08-04|citilink:495_0|28805|1
2026-09-03|citilink:495_0|27738|1
2026-10-03|citilink:495_0|26671|1
