2026-10-03|citilink:167_0|49413|1
2026-09-18|citilink:167_0|53366|1
2026-09-03|citilink:167_0|55343|1
2026-10-03|citilink:167_0|54300|1
2026-09-18|citilink:167_0|58644|1
2026-09-03|citilink:167_0|60816|1
2026-10-03|citilink:167_0|52671|1
2026-09-18|citilink:167_0|56885|1
2026-09-01|citilink:167_0|58992|1
2026-10-03|citilink:167_0|52671|1
2026-09-18|citilink:167_0|56885|1
2026-09-01|citilink:167_0|58992|1
2026-10-03|citilink:167_0|52671|1
2026-09-18|citilink:167_0|56885|1
2026-09-01|citilink:167_0|58992|1
2026-10-03|citilink:167_0|52671|1
2026-09-18|citilink:167_0|56885|1
2026-09-01|citilink:167_0|58992|1
2026-08-04|citilink:167_0|367622|1
2026-09-03|citilink:167_0|354007|1
2026-10-03|citilink:167_0|340391|1
