2026-10-03|citilink:423_0|38703|1
2026-09-18|citilink:423_0|41799|1
2026-09-03|citilink:423_0|43347|1
2026-10-03|citilink:423_0|37107|1
2026-09-18|citilink:423_0|40076|1
2026-09-03|citilink:423_0|41560|1
2026-10-03|citilink:423_0|36309|1
2026-09-18|citilink:423_0|39214|1
2026-09-01|citilink:423_0|40666|1
2026-10-03|citilink:423_0|36309|1
2026-09-18|citilink:423_0|39214|1
2026-09-01|citilink:423_0|40666|1
2026-10-03|citilink:423_0|36309|1
2026-09-18|citilink:423_0|39214|1
2026-09-01|citilink:423_0|40666|1
2026-10-03|citilink:423_0|36309|1
2026-09-18|citilink:423_0|39214|1
2026-09-01|citilink:423_0|40666|1
2026-08-04|citilink:423_0|129266|1
2026-09-03|citilink:423_0|124479|1
2026-10-03|citilink:423_0|119691|1
2026-08-04|citilink:423_0|160370|1
2026-09-03|citilink:423_0|154431|1
2026-10-03|citilink:423_0|148491|1
2026-08-04|citilink:423_0|160370|1
2026-09-03|citilink:423_0|154431|1
2026-10-03|citilink:423_0|148491|1
2026-08-04|citilink:423_0|25262|1
2026-09-03|citilink:423_0|24327|1
2026-10-03|citilink:423_0|23391|1
2026-08-04|citilink:423_0|23298|1
2026-09-03|citilink:423_0|22435|1
2026-10-03|citilink:423_0|21572|1
2026-08-04|citilink:423_0|19264|1
2026-09-03|citilink:423_0|18550|1
2026-10-03|citilink:423_0|17837|1
2026-08-04|citilink:423_0|19753|1
2026-09-03|citilink:423_0|19022|1
2026-10-03|citilink:423_0|18290|1
