2026-10-03|citilink:220_0|121849|1
2026-09-18|citilink:220_0|131597|1
2026-09-03|citilink:220_0|136471|1
2026-10-03|citilink:220_0|128544|1
2026-09-18|citilink:220_0|138828|1
2026-09-03|citilink:220_0|143969|1
2026-10-03|citilink:220_0|124527|1
2026-09-18|citilink:220_0|134489|1
2026-09-01|citilink:220_0|139470|1
2026-10-03|citilink:220_0|124527|1
2026-09-18|citilink:220_0|134489|1
2026-09-01|citilink:220_0|139470|1
2026-10-03|citilink:220_0|124527|1
2026-09-18|citilink:220_0|134489|1
2026-09-01|citilink:220_0|139470|1
2026-10-03|citilink:220_0|124527|1
2026-09-18|citilink:220_0|134489|1
2026-09-01|citilink:220_0|139470|1
2026-08-04|citilink:220_0|131685|1
2026-09-03|citilink:220_0|126808|1
2026-10-03|citilink:220_0|121931|1
2026-08-04|citilink:220_0|72717|1
2026-09-03|citilink:220_0|70024|1
2026-10-03|citilink:220_0|67331|1
2026-08-04|citilink:220_0|72717|1
2026-09-03|citilink:220_0|70024|1
2026-10-03|citilink:220_0|67331|1
2026-08-04|citilink:220_0|51096|1
2026-09-03|citilink:220_0|49203|1
2026-10-03|citilink:220_0|47311|1
2026-08-04|citilink:220_0|53342|1
2026-09-03|citilink:220_0|51367|1
2026-10-03|citilink:220_0|49391|1
2026-08-04|citilink:220_0|44108|1
2026-09-03|citilink:220_0|42475|1
2026-10-03|citilink:220_0|40841|1
