2026-10-03|citilink:14_0|104195|1
2026-09-18|citilink:14_0|112531|1
2026-09-03|citilink:14_0|116698|1
2026-10-03|citilink:14_0|103050|1
2026-09-18|citilink:14_0|111294|1
2026-09-03|citilink:14_0|115416|1
2026-10-03|citilink:14_0|115645|1
2026-09-18|citilink:14_0|124897|1
2026-09-01|citilink:14_0|129522|1
2026-10-03|citilink:14_0|115645|1
2026-09-18|citilink:14_0|124897|1
2026-09-01|citilink:14_0|129522|1
2026-10-03|citilink:14_0|115645|1
2026-09-18|citilink:14_0|124897|1
2026-09-01|citilink:14_0|129522|1
2026-10-03|citilink:14_0|115645|1
2026-09-18|citilink:14_0|124897|1
2026-09-01|citilink:14_0|129522|1
2026-08-04|citilink:14_0|115496|1
2026-09-03|citilink:14_0|111219|1
2026-10-03|citilink:14_0|106941|1
2026-08-04|citilink:14_0|22087|1
2026-09-03|citilink:14_0|21269|1
2026-10-03|citilink:14_0|20451|1
2026-08-04|citilink:14_0|22087|1
2026-09-03|citilink:14_0|21269|1
2026-10-03|citilink:14_0|20451|1
2026-08-04|citilink:14_0|59752|1
2026-09-03|citilink:14_0|57539|1
2026-10-03|citilink:14_0|55326|1
2026-08-04|citilink:14_0|55254|1
2026-09-03|citilink:14_0|53207|1
2026-10-03|citilink:14_0|51161|1
2026-08-04|citilink:14_0|53861|1
2026-09-03|citilink:14_0|51866|1
2026-10-03|citilink:14_0|49871|1
2026-08-04|citilink:14_0|53881|1
2026-09-03|citilink:14_0|51886|1
2026-10-03|citilink:14_0|49890|1
