2026-10-03|citilink:270_0|11466|1
2026-09-18|citilink:270_0|12383|1
2026-09-03|citilink:270_0|12842|1
2026-10-03|citilink:270_0|10998|1
2026-09-18|citilink:270_0|11878|1
2026-09-03|citilink:270_0|12318|1
2026-10-03|citilink:270_0|10881|1
2026-09-18|citilink:270_0|11751|1
2026-09-01|citilink:270_0|12187|1
2026-10-03|citilink:270_0|10881|1
2026-09-18|citilink:270_0|11751|1
2026-09-01|citilink:270_0|12187|1
2026-10-03|citilink:270_0|10881|1
2026-09-18|citilink:270_0|11751|1
2026-09-01|citilink:270_0|12187|1
2026-10-03|citilink:270_0|10881|1
2026-09-18|citilink:270_0|11751|1
2026-09-01|citilink:270_0|12187|1
2026-08-04|citilink:270_0|44216|1
2026-09-03|citilink:270_0|42579|1
2026-10-03|citilink:270_0|40941|1
2026-08-04|citilink:270_0|79597|1
2026-09-03|citilink:270_0|76649|1
2026-10-03|citilink:270_0|73701|1
2026-08-04|citilink:270_0|79597|1
2026-09-03|citilink:270_0|76649|1
2026-10-03|citilink:270_0|73701|1
2026-08-04|citilink:270_0|64364|1
2026-09-03|citilink:270_0|61980|1
2026-10-03|citilink:270_0|59596|1
