2026-10-03|citilink:1_0|44256|1
2026-09-18|citilink:1_0|47796|1
2026-09-03|citilink:1_0|49567|1
2026-10-03|citilink:1_0|42412|1
2026-09-18|citilink:1_0|45805|1
2026-09-03|citilink:1_0|47501|1
2026-10-03|citilink:1_0|44717|1
2026-09-18|citilink:1_0|48294|1
2026-09-01|citilink:1_0|50083|1
2026-10-03|citilink:1_0|44717|1
2026-09-18|citilink:1_0|48294|1
2026-09-01|citilink:1_0|50083|1
2026-10-03|citilink:1_0|44717|1
2026-09-18|citilink:1_0|48294|1
2026-09-01|citilink:1_0|50083|1
2026-10-03|citilink:1_0|44717|1
2026-09-18|citilink:1_0|48294|1
2026-09-01|citilink:1_0|50083|1
2026-08-04|citilink:1_0|220958|1
2026-09-03|citilink:1_0|212775|1
2026-10-03|citilink:1_0|204591|1
