2026-10-03|citilink:257_0|51418|1
2026-09-18|citilink:257_0|55531|1
2026-09-03|citilink:257_0|57588|1
2026-10-03|citilink:257_0|55247|1
2026-09-18|citilink:257_0|59667|1
2026-09-03|citilink:257_0|61877|1
2026-10-03|citilink:257_0|49230|1
2026-09-18|citilink:257_0|53168|1
2026-09-01|citilink:257_0|55138|1
2026-10-03|citilink:257_0|49230|1
2026-09-18|citilink:257_0|53168|1
2026-09-01|citilink:257_0|55138|1
2026-10-03|citilink:257_0|49230|1
2026-09-18|citilink:257_0|53168|1
2026-09-01|citilink:257_0|55138|1
2026-10-03|citilink:257_0|49230|1
2026-09-18|citilink:257_0|53168|1
2026-09-01|citilink:257_0|55138|1
2026-08-04|citilink:257_0|369523|1
2026-09-03|citilink:257_0|355837|1
2026-10-03|citilink:257_0|342151|1
2026-08-04|citilink:257_0|9818|1
2026-09-03|citilink:257_0|9455|1
2026-10-03|citilink:257_0|9091|1
2026-08-04|citilink:257_0|9818|1
2026-09-03|citilink:257_0|9455|1
2026-10-03|citilink:257_0|9091|1
2026-08-04|citilink:257_0|52079|1
2026-09-03|citilink:257_0|50150|1
2026-10-03|citilink:257_0|48221|1
2026-08-04|citilink:257_0|47501|1
2026-09-03|citilink:257_0|45741|1
2026-10-03|citilink:257_0|43982|1
2026-08-04|citilink:257_0|42122|1
2026-09-03|citilink:257_0|40562|1
2026-10-03|citilink:257_0|39002|1
