2026-10-03|citilink:19_0|90545|1
2026-09-18|citilink:19_0|97789|1
2026-09-03|citilink:19_0|101410|1
2026-10-03|citilink:19_0|101490|1
2026-09-18|citilink:19_0|109609|1
2026-09-03|citilink:19_0|113669|1
2026-10-03|citilink:19_0|97510|1
2026-09-18|citilink:19_0|105311|1
2026-09-01|citilink:19_0|109211|1
2026-10-03|citilink:19_0|97510|1
2026-09-18|citilink:19_0|105311|1
2026-09-01|citilink:19_0|109211|1
2026-10-03|citilink:19_0|97510|1
2026-09-18|citilink:19_0|105311|1
2026-09-01|citilink:19_0|109211|1
2026-10-03|citilink:19_0|97510|1
2026-09-18|citilink:19_0|105311|1
2026-09-01|citilink:19_0|109211|1
2026-08-04|citilink:19_0|281870|1
2026-09-03|citilink:19_0|271431|1
2026-10-03|citilink:19_0|260991|1
2026-08-04|citilink:19_0|34010|1
2026-09-03|citilink:19_0|32751|1
2026-10-03|citilink:19_0|31491|1
2026-08-04|citilink:19_0|34010|1
2026-09-03|citilink:19_0|32751|1
2026-10-03|citilink:19_0|31491|1
2026-08-04|citilink:19_0|22346|1
2026-09-03|citilink:19_0|21519|1
2026-10-03|citilink:19_0|20691|1
2026-08-04|citilink:19_0|21353|1
2026-09-03|citilink:19_0|20562|1
2026-10-03|citilink:19_0|19771|1
