2026-10-03|citilink:275_0|67249|1
2026-09-18|citilink:275_0|72629|1
2026-09-03|citilink:275_0|75319|1
2026-10-03|citilink:275_0|69466|1
2026-09-18|citilink:275_0|75023|1
2026-09-03|citilink:275_0|77802|1
2026-10-03|citilink:275_0|67249|1
2026-09-18|citilink:275_0|72629|1
2026-09-01|citilink:275_0|75319|1
2026-10-03|citilink:275_0|67249|1
2026-09-18|citilink:275_0|72629|1
2026-09-01|citilink:275_0|75319|1
2026-10-03|citilink:275_0|67249|1
2026-09-18|citilink:275_0|72629|1
2026-09-01|citilink:275_0|75319|1
2026-10-03|citilink:275_0|67249|1
2026-09-18|citilink:275_0|72629|1
2026-09-01|citilink:275_0|75319|1
2026-08-04|citilink:275_0|76649|1
2026-09-03|citilink:275_0|73810|1
2026-10-03|citilink:275_0|70971|1
2026-08-04|citilink:275_0|168049|1
2026-09-03|citilink:275_0|161825|1
2026-10-03|citilink:275_0|155601|1
2026-08-04|citilink:275_0|168049|1
2026-09-03|citilink:275_0|161825|1
2026-10-03|citilink:275_0|155601|1
2026-08-04|citilink:275_0|28491|1
2026-09-03|citilink:275_0|27436|1
2026-10-03|citilink:275_0|26381|1
2026-08-04|citilink:275_0|30056|1
2026-09-03|citilink:275_0|28943|1
2026-10-03|citilink:275_0|27830|1
