2026-10-03|citilink:437_0|49950|1
2026-09-18|citilink:437_0|53946|1
2026-09-03|citilink:437_0|55944|1
2026-10-03|citilink:437_0|50505|1
2026-09-18|citilink:437_0|54545|1
2026-09-03|citilink:437_0|56566|1
2026-10-03|citilink:437_0|54945|1
2026-09-18|citilink:437_0|59341|1
2026-09-01|citilink:437_0|61538|1
2026-10-03|citilink:437_0|54945|1
2026-09-18|citilink:437_0|59341|1
2026-09-01|citilink:437_0|61538|1
2026-10-03|citilink:437_0|54945|1
2026-09-18|citilink:437_0|59341|1
2026-09-01|citilink:437_0|61538|1
2026-10-03|citilink:437_0|54945|1
2026-09-18|citilink:437_0|59341|1
2026-09-01|citilink:437_0|61538|1
2026-08-04|citilink:437_0|379653|1
2026-09-03|citilink:437_0|365592|1
2026-10-03|citilink:437_0|351531|1
2026-08-04|citilink:437_0|39162|1
2026-09-03|citilink:437_0|37711|1
2026-10-03|citilink:437_0|36261|1
2026-08-04|citilink:437_0|39162|1
2026-09-03|citilink:437_0|37711|1
2026-10-03|citilink:437_0|36261|1
2026-08-04|citilink:437_0|62765|1
2026-09-03|citilink:437_0|60441|1
2026-10-03|citilink:437_0|58116|1
