2026-10-03|citilink:197_0|64519|1
2026-09-18|citilink:197_0|69681|1
2026-09-03|citilink:197_0|72261|1
2026-10-03|citilink:197_0|68064|1
2026-09-18|citilink:197_0|73509|1
2026-09-03|citilink:197_0|76232|1
2026-10-03|citilink:197_0|66646|1
2026-09-18|citilink:197_0|71978|1
2026-09-01|citilink:197_0|74644|1
2026-10-03|citilink:197_0|66646|1
2026-09-18|citilink:197_0|71978|1
2026-09-01|citilink:197_0|74644|1
2026-10-03|citilink:197_0|66646|1
2026-09-18|citilink:197_0|71978|1
2026-09-01|citilink:197_0|74644|1
2026-10-03|citilink:197_0|66646|1
2026-09-18|citilink:197_0|71978|1
2026-09-01|citilink:197_0|74644|1
2026-08-04|citilink:197_0|361574|1
2026-09-03|citilink:197_0|348183|1
2026-10-03|citilink:197_0|334791|1
