2026-10-03|citilink:18_0|38970|1
2026-09-18|citilink:18_0|42088|1
2026-09-03|citilink:18_0|43646|1
2026-10-03|citilink:18_0|40269|1
2026-09-18|citilink:18_0|43491|1
2026-09-03|citilink:18_0|45101|1
2026-10-03|citilink:18_0|39836|1
2026-09-18|citilink:18_0|43023|1
2026-09-01|citilink:18_0|44616|1
2026-10-03|citilink:18_0|39836|1
2026-09-18|citilink:18_0|43023|1
2026-09-01|citilink:18_0|44616|1
2026-10-03|citilink:18_0|39836|1
2026-09-18|citilink:18_0|43023|1
2026-09-01|citilink:18_0|44616|1
2026-10-03|citilink:18_0|39836|1
2026-09-18|citilink:18_0|43023|1
2026-09-01|citilink:18_0|44616|1
2026-08-04|citilink:18_0|148760|1
2026-09-03|citilink:18_0|143251|1
2026-10-03|citilink:18_0|137741|1
2026-08-04|citilink:18_0|225710|1
2026-09-03|citilink:18_0|217351|1
2026-10-03|citilink:18_0|208991|1
2026-08-04|citilink:18_0|225710|1
2026-09-03|citilink:18_0|217351|1
2026-10-03|citilink:18_0|208991|1
2026-08-04|citilink:18_0|14867|1
2026-09-03|citilink:18_0|14317|1
2026-10-03|citilink:18_0|13766|1
2026-08-04|citilink:18_0|13458|1
2026-09-03|citilink:18_0|12959|1
2026-10-03|citilink:18_0|12461|1
2026-08-04|citilink:18_0|10671|1
2026-09-03|citilink:18_0|10276|1
2026-10-03|citilink:18_0|9881|1
2026-08-04|citilink:18_0|10681|1
2026-09-03|citilink:18_0|10286|1
2026-10-03|citilink:18_0|9890|1
