2026-10-03|citilink:165_0|10829|1
2026-09-18|citilink:165_0|11695|1
2026-09-03|citilink:165_0|12128|1
2026-10-03|citilink:165_0|11662|1
2026-09-18|citilink:165_0|12595|1
2026-09-03|citilink:165_0|13061|1
2026-10-03|citilink:165_0|11305|1
2026-09-18|citilink:165_0|12209|1
2026-09-01|citilink:165_0|12662|1
2026-10-03|citilink:165_0|11305|1
2026-09-18|citilink:165_0|12209|1
2026-09-01|citilink:165_0|12662|1
2026-10-03|citilink:165_0|11305|1
2026-09-18|citilink:165_0|12209|1
2026-09-01|citilink:165_0|12662|1
2026-10-03|citilink:165_0|11305|1
2026-09-18|citilink:165_0|12209|1
2026-09-01|citilink:165_0|12662|1
2026-08-04|citilink:165_0|78614|1
2026-09-03|citilink:165_0|75703|1
2026-10-03|citilink:165_0|72791|1
2026-08-04|citilink:165_0|10801|1
2026-09-03|citilink:165_0|10401|1
2026-10-03|citilink:165_0|10001|1
2026-08-04|citilink:165_0|10801|1
2026-09-03|citilink:165_0|10401|1
2026-10-03|citilink:165_0|10001|1
2026-08-04|citilink:165_0|62889|1
2026-09-03|citilink:165_0|60560|1
2026-10-03|citilink:165_0|58231|1
2026-08-04|citilink:165_0|66344|1
2026-09-03|citilink:165_0|63887|1
2026-10-03|citilink:165_0|61430|1
