2026-10-03|citilink:421_0|80550|1
2026-09-18|citilink:421_0|86994|1
2026-09-03|citilink:421_0|90216|1
2026-10-03|citilink:421_0|93080|1
2026-09-18|citilink:421_0|100526|1
2026-09-03|citilink:421_0|104250|1
2026-10-03|citilink:421_0|89500|1
2026-09-18|citilink:421_0|96660|1
2026-09-01|citilink:421_0|100240|1
2026-10-03|citilink:421_0|89500|1
2026-09-18|citilink:421_0|96660|1
2026-09-01|citilink:421_0|100240|1
2026-10-03|citilink:421_0|89500|1
2026-09-18|citilink:421_0|96660|1
2026-09-01|citilink:421_0|100240|1
2026-10-03|citilink:421_0|89500|1
2026-09-18|citilink:421_0|96660|1
2026-09-01|citilink:421_0|100240|1
2026-08-04|citilink:421_0|238842|1
2026-09-03|citilink:421_0|229996|1
2026-10-03|citilink:421_0|221150|1
2026-08-04|citilink:421_0|120463|1
2026-09-03|citilink:421_0|116002|1
2026-10-03|citilink:421_0|111540|1
2026-08-04|citilink:421_0|120463|1
2026-09-03|citilink:421_0|116002|1
2026-10-03|citilink:421_0|111540|1
2026-08-04|citilink:421_0|62321|1
2026-09-03|citilink:421_0|60013|1
2026-10-03|citilink:421_0|57705|1
2026-08-04|citilink:421_0|53327|1
2026-09-03|citilink:421_0|51352|1
2026-10-03|citilink:421_0|49377|1
2026-08-04|citilink:421_0|49293|1
2026-09-03|citilink:421_0|47468|1
2026-10-03|citilink:421_0|45642|1
2026-08-04|citilink:421_0|50425|1
2026-09-03|citilink:421_0|48558|1
2026-10-03|citilink:421_0|46690|1
