2026-10-03|citilink:352_0|51779|1
2026-09-18|citilink:352_0|55921|1
2026-09-03|citilink:352_0|57992|1
2026-10-03|citilink:352_0|51779|1
2026-09-18|citilink:352_0|55921|1
2026-09-03|citilink:352_0|57992|1
2026-10-03|citilink:352_0|52348|1
2026-09-18|citilink:352_0|56536|1
2026-09-01|citilink:352_0|58630|1
2026-10-03|citilink:352_0|52348|1
2026-09-18|citilink:352_0|56536|1
2026-09-01|citilink:352_0|58630|1
2026-10-03|citilink:352_0|52348|1
2026-09-18|citilink:352_0|56536|1
2026-09-01|citilink:352_0|58630|1
2026-10-03|citilink:352_0|52348|1
2026-09-18|citilink:352_0|56536|1
2026-09-01|citilink:352_0|58630|1
2026-08-04|citilink:352_0|58310|1
2026-09-03|citilink:352_0|56151|1
2026-10-03|citilink:352_0|53991|1
2026-08-04|citilink:352_0|70946|1
2026-09-03|citilink:352_0|68319|1
2026-10-03|citilink:352_0|65691|1
2026-08-04|citilink:352_0|70946|1
2026-09-03|citilink:352_0|68319|1
2026-10-03|citilink:352_0|65691|1
2026-08-04|citilink:352_0|29636|1
2026-09-03|citilink:352_0|28539|1
2026-10-03|citilink:352_0|27441|1
2026-08-04|citilink:352_0|31283|1
2026-09-03|citilink:352_0|30125|1
2026-10-03|citilink:352_0|28966|1
2026-08-04|citilink:352_0|29744|1
2026-09-03|citilink:352_0|28643|1
2026-10-03|citilink:352_0|27541|1
2026-08-04|citilink:352_0|29689|1
2026-09-03|citilink:352_0|28590|1
2026-10-03|citilink:352_0|27490|1
