2026-10-03|citilink:96_0|20250|1
2026-09-18|citilink:96_0|21870|1
2026-09-03|citilink:96_0|22680|1
2026-10-03|citilink:96_0|21825|1
2026-09-18|citilink:96_0|23571|1
2026-09-03|citilink:96_0|24444|1
2026-10-03|citilink:96_0|22500|1
2026-09-18|citilink:96_0|24300|1
2026-09-01|citilink:96_0|25200|1
2026-10-03|citilink:96_0|22500|1
2026-09-18|citilink:96_0|24300|1
2026-09-01|citilink:96_0|25200|1
2026-10-03|citilink:96_0|22500|1
2026-09-18|citilink:96_0|24300|1
2026-09-01|citilink:96_0|25200|1
2026-10-03|citilink:96_0|22500|1
2026-09-18|citilink:96_0|24300|1
2026-09-01|citilink:96_0|25200|1
2026-08-04|citilink:96_0|42498|1
2026-09-03|citilink:96_0|40924|1
2026-10-03|citilink:96_0|39350|1
2026-08-04|citilink:96_0|74639|1
2026-09-03|citilink:96_0|71874|1
2026-10-03|citilink:96_0|69110|1
2026-08-04|citilink:96_0|74639|1
2026-09-03|citilink:96_0|71874|1
2026-10-03|citilink:96_0|69110|1
