2026-10-03|citilink:321_0|20022|1
2026-09-18|citilink:321_0|21624|1
2026-09-03|citilink:321_0|22425|1
2026-10-03|citilink:321_0|20448|1
2026-09-18|citilink:321_0|22084|1
2026-09-03|citilink:321_0|22902|1
2026-10-03|citilink:321_0|21300|1
2026-09-18|citilink:321_0|23004|1
2026-09-01|citilink:321_0|23856|1
2026-10-03|citilink:321_0|21300|1
2026-09-18|citilink:321_0|23004|1
2026-09-01|citilink:321_0|23856|1
2026-10-03|citilink:321_0|21300|1
2026-09-18|citilink:321_0|23004|1
2026-09-01|citilink:321_0|23856|1
2026-10-03|citilink:321_0|21300|1
2026-09-18|citilink:321_0|23004|1
2026-09-01|citilink:321_0|23856|1
2026-08-04|citilink:321_0|46193|1
2026-09-03|citilink:321_0|44482|1
2026-10-03|citilink:321_0|42771|1
2026-08-04|citilink:321_0|29620|1
2026-09-03|citilink:321_0|28523|1
2026-10-03|citilink:321_0|27426|1
2026-08-04|citilink:321_0|29620|1
2026-09-03|citilink:321_0|28523|1
2026-10-03|citilink:321_0|27426|1
2026-08-04|citilink:321_0|54730|1
2026-09-03|citilink:321_0|52703|1
2026-10-03|citilink:321_0|50676|1
2026-08-04|citilink:321_0|56495|1
2026-09-03|citilink:321_0|54402|1
2026-10-03|citilink:321_0|52310|1
2026-08-04|citilink:321_0|48719|1
2026-09-03|citilink:321_0|46914|1
2026-10-03|citilink:321_0|45110|1
