2026-10-03|citilink:65_0|9504|1
2026-09-18|citilink:65_0|10264|1
2026-09-03|citilink:65_0|10644|1
2026-10-03|citilink:65_0|9697|1
2026-09-18|citilink:65_0|10473|1
2026-09-03|citilink:65_0|10861|1
2026-10-03|citilink:65_0|9405|1
2026-09-18|citilink:65_0|10157|1
2026-09-01|citilink:65_0|10534|1
2026-10-03|citilink:65_0|9405|1
2026-09-18|citilink:65_0|10157|1
2026-09-01|citilink:65_0|10534|1
2026-10-03|citilink:65_0|9405|1
2026-09-18|citilink:65_0|10157|1
2026-09-01|citilink:65_0|10534|1
2026-10-03|citilink:65_0|9405|1
2026-09-18|citilink:65_0|10157|1
2026-09-01|citilink:65_0|10534|1
2026-08-04|citilink:65_0|73517|1
2026-09-03|citilink:65_0|70794|1
2026-10-03|citilink:65_0|68071|1
2026-08-04|citilink:65_0|22346|1
2026-09-03|citilink:65_0|21519|1
2026-10-03|citilink:65_0|20691|1
2026-08-04|citilink:65_0|22346|1
2026-09-03|citilink:65_0|21519|1
2026-10-03|citilink:65_0|20691|1
