2026-10-03|citilink:191_0|8265|1
2026-09-18|citilink:191_0|8926|1
2026-09-03|citilink:191_0|9257|1
2026-10-03|citilink:191_0|8874|1
2026-09-18|citilink:191_0|9584|1
2026-09-03|citilink:191_0|9939|1
2026-10-03|citilink:191_0|7830|1
2026-09-18|citilink:191_0|8456|1
2026-09-01|citilink:191_0|8770|1
2026-10-03|citilink:191_0|7830|1
2026-09-18|citilink:191_0|8456|1
2026-09-01|citilink:191_0|8770|1
2026-10-03|citilink:191_0|7830|1
2026-09-18|citilink:191_0|8456|1
2026-09-01|citilink:191_0|8770|1
2026-10-03|citilink:191_0|7830|1
2026-09-18|citilink:191_0|8456|1
2026-09-01|citilink:191_0|8770|1
2026-08-04|citilink:191_0|71883|1
2026-09-03|citilink:191_0|69220|1
2026-10-03|citilink:191_0|66558|1
2026-08-04|citilink:191_0|31735|1
2026-09-03|citilink:191_0|30559|1
2026-10-03|citilink:191_0|29384|1
2026-08-04|citilink:191_0|31735|1
2026-09-03|citilink:191_0|30559|1
2026-10-03|citilink:191_0|29384|1
2026-08-04|citilink:191_0|22866|1
2026-09-03|citilink:191_0|22019|1
2026-10-03|citilink:191_0|21172|1
2026-08-04|citilink:191_0|21689|1
2026-09-03|citilink:191_0|20885|1
2026-10-03|citilink:191_0|20082|1
