2026-10-03|citilink:414_0|52535|1
2026-09-18|citilink:414_0|56738|1
2026-09-03|citilink:414_0|58839|1
2026-10-03|citilink:414_0|51982|1
2026-09-18|citilink:414_0|56141|1
2026-09-03|citilink:414_0|58220|1
2026-10-03|citilink:414_0|49770|1
2026-09-18|citilink:414_0|53752|1
2026-09-01|citilink:414_0|55742|1
2026-10-03|citilink:414_0|49770|1
2026-09-18|citilink:414_0|53752|1
2026-09-01|citilink:414_0|55742|1
2026-10-03|citilink:414_0|49770|1
2026-09-18|citilink:414_0|53752|1
2026-09-01|citilink:414_0|55742|1
2026-10-03|citilink:414_0|49770|1
2026-09-18|citilink:414_0|53752|1
2026-09-01|citilink:414_0|55742|1
2026-08-04|citilink:414_0|17378|1
2026-09-03|citilink:414_0|16735|1
2026-10-03|citilink:414_0|16091|1
2026-08-04|citilink:414_0|41721|1
2026-09-03|citilink:414_0|40176|1
2026-10-03|citilink:414_0|38631|1
2026-08-04|citilink:414_0|41721|1
2026-09-03|citilink:414_0|40176|1
2026-10-03|citilink:414_0|38631|1
2026-08-04|citilink:414_0|60600|1
2026-09-03|citilink:414_0|58355|1
2026-10-03|citilink:414_0|56111|1
2026-08-04|citilink:414_0|54013|1
2026-09-03|citilink:414_0|52012|1
2026-10-03|citilink:414_0|50012|1
2026-08-04|citilink:414_0|51356|1
2026-09-03|citilink:414_0|49454|1
2026-10-03|citilink:414_0|47552|1
