2026-10-03|citilink:149_0|81090|1
2026-09-18|citilink:149_0|87577|1
2026-09-03|citilink:149_0|90821|1
2026-10-03|citilink:149_0|87397|1
2026-09-18|citilink:149_0|94389|1
2026-09-03|citilink:149_0|97885|1
2026-10-03|citilink:149_0|87397|1
2026-09-18|citilink:149_0|94389|1
2026-09-01|citilink:149_0|97885|1
2026-10-03|citilink:149_0|87397|1
2026-09-18|citilink:149_0|94389|1
2026-09-01|citilink:149_0|97885|1
2026-10-03|citilink:149_0|87397|1
2026-09-18|citilink:149_0|94389|1
2026-09-01|citilink:149_0|97885|1
2026-10-03|citilink:149_0|87397|1
2026-09-18|citilink:149_0|94389|1
2026-09-01|citilink:149_0|97885|1
2026-08-04|citilink:149_0|194585|1
2026-09-03|citilink:149_0|187378|1
2026-10-03|citilink:149_0|180171|1
2026-08-04|citilink:149_0|50113|1
2026-09-03|citilink:149_0|48257|1
2026-10-03|citilink:149_0|46401|1
2026-08-04|citilink:149_0|50113|1
2026-09-03|citilink:149_0|48257|1
2026-10-03|citilink:149_0|46401|1
2026-08-04|citilink:149_0|59941|1
2026-09-03|citilink:149_0|57721|1
2026-10-03|citilink:149_0|55501|1
2026-08-04|citilink:149_0|54672|1
2026-09-03|citilink:149_0|52647|1
2026-10-03|citilink:149_0|50622|1
2026-08-04|citilink:149_0|49293|1
2026-09-03|citilink:149_0|47468|1
2026-10-03|citilink:149_0|45642|1
2026-08-04|citilink:149_0|51073|1
2026-09-03|citilink:149_0|49182|1
2026-10-03|citilink:149_0|47290|1
