2026-10-03|citilink:343_0|58770|1
2026-09-18|citilink:343_0|63472|1
2026-09-03|citilink:343_0|65822|1
2026-10-03|citilink:343_0|66606|1
2026-09-18|citilink:343_0|71934|1
2026-09-03|citilink:343_0|74599|1
2026-10-03|citilink:343_0|59423|1
2026-09-18|citilink:343_0|64177|1
2026-09-01|citilink:343_0|66554|1
2026-10-03|citilink:343_0|59423|1
2026-09-18|citilink:343_0|64177|1
2026-09-01|citilink:343_0|66554|1
2026-10-03|citilink:343_0|59423|1
2026-09-18|citilink:343_0|64177|1
2026-09-01|citilink:343_0|66554|1
2026-10-03|citilink:343_0|59423|1
2026-09-18|citilink:343_0|64177|1
2026-09-01|citilink:343_0|66554|1
2026-08-04|citilink:343_0|173135|1
2026-09-03|citilink:343_0|166722|1
2026-10-03|citilink:343_0|160310|1
2026-08-04|citilink:343_0|122332|1
2026-09-03|citilink:343_0|117801|1
2026-10-03|citilink:343_0|113270|1
2026-08-04|citilink:343_0|122332|1
2026-09-03|citilink:343_0|117801|1
2026-10-03|citilink:343_0|113270|1
2026-08-04|citilink:343_0|22280|1
2026-09-03|citilink:343_0|21455|1
2026-10-03|citilink:343_0|20630|1
