2026-10-03|citilink:87_0|57018|1
2026-09-18|citilink:87_0|61579|1
2026-09-03|citilink:87_0|63860|1
2026-10-03|citilink:87_0|50310|1
2026-09-18|citilink:87_0|54335|1
2026-09-03|citilink:87_0|56347|1
2026-10-03|citilink:87_0|55341|1
2026-09-18|citilink:87_0|59768|1
2026-09-01|citilink:87_0|61982|1
2026-10-03|citilink:87_0|55341|1
2026-09-18|citilink:87_0|59768|1
2026-09-01|citilink:87_0|61982|1
2026-10-03|citilink:87_0|55341|1
2026-09-18|citilink:87_0|59768|1
2026-09-01|citilink:87_0|61982|1
2026-10-03|citilink:87_0|55341|1
2026-09-18|citilink:87_0|59768|1
2026-09-01|citilink:87_0|61982|1
2026-08-04|citilink:87_0|16514|1
2026-09-03|citilink:87_0|15903|1
2026-10-03|citilink:87_0|15291|1
2026-08-04|citilink:87_0|14084|1
2026-09-03|citilink:87_0|13563|1
2026-10-03|citilink:87_0|13041|1
2026-08-04|citilink:87_0|14084|1
2026-09-03|citilink:87_0|13563|1
2026-10-03|citilink:87_0|13041|1
2026-08-04|citilink:87_0|25262|1
2026-09-03|citilink:87_0|24327|1
2026-10-03|citilink:87_0|23391|1
2026-08-04|citilink:87_0|28350|1
2026-09-03|citilink:87_0|27300|1
2026-10-03|citilink:87_0|26250|1
2026-08-04|citilink:87_0|23441|1
2026-09-03|citilink:87_0|22573|1
2026-10-03|citilink:87_0|21705|1
2026-08-04|citilink:87_0|23857|1
2026-09-03|citilink:87_0|22974|1
2026-10-03|citilink:87_0|22090|1
