2026-10-03|citilink:187_0|31866|1
2026-09-18|citilink:187_0|34415|1
2026-09-03|citilink:187_0|35690|1
2026-10-03|citilink:187_0|31188|1
2026-09-18|citilink:187_0|33683|1
2026-09-03|citilink:187_0|34931|1
2026-10-03|citilink:187_0|33561|1
2026-09-18|citilink:187_0|36246|1
2026-09-01|citilink:187_0|37588|1
2026-10-03|citilink:187_0|33561|1
2026-09-18|citilink:187_0|36246|1
2026-09-01|citilink:187_0|37588|1
2026-10-03|citilink:187_0|33561|1
2026-09-18|citilink:187_0|36246|1
2026-09-01|citilink:187_0|37588|1
2026-10-03|citilink:187_0|33561|1
2026-09-18|citilink:187_0|36246|1
2026-09-01|citilink:187_0|37588|1
2026-08-04|citilink:187_0|123845|1
2026-09-03|citilink:187_0|119258|1
2026-10-03|citilink:187_0|114671|1
2026-08-04|citilink:187_0|100495|1
2026-09-03|citilink:187_0|96773|1
2026-10-03|citilink:187_0|93051|1
2026-08-04|citilink:187_0|100495|1
2026-09-03|citilink:187_0|96773|1
2026-10-03|citilink:187_0|93051|1
2026-08-04|citilink:187_0|23340|1
2026-09-03|citilink:187_0|22475|1
2026-10-03|citilink:187_0|21611|1
2026-08-04|citilink:187_0|23836|1
2026-09-03|citilink:187_0|22953|1
2026-10-03|citilink:187_0|22070|1
2026-08-04|citilink:187_0|20725|1
2026-09-03|citilink:187_0|19958|1
2026-10-03|citilink:187_0|19190|1
