2026-10-03|citilink:443_0|7735|1
2026-09-18|citilink:443_0|8354|1
2026-09-03|citilink:443_0|8663|1
2026-10-03|citilink:443_0|7735|1
2026-09-18|citilink:443_0|8354|1
2026-09-03|citilink:443_0|8663|1
2026-10-03|citilink:443_0|7820|1
2026-09-18|citilink:443_0|8446|1
2026-09-01|citilink:443_0|8758|1
2026-10-03|citilink:443_0|7820|1
2026-09-18|citilink:443_0|8446|1
2026-09-01|citilink:443_0|8758|1
2026-10-03|citilink:443_0|7820|1
2026-09-18|citilink:443_0|8446|1
2026-09-01|citilink:443_0|8758|1
2026-10-03|citilink:443_0|7820|1
2026-09-18|citilink:443_0|8446|1
2026-09-01|citilink:443_0|8758|1
2026-08-04|citilink:443_0|27509|1
2026-09-03|citilink:443_0|26490|1
2026-10-03|citilink:443_0|25471|1
2026-08-04|citilink:443_0|54044|1
2026-09-03|citilink:443_0|52043|1
2026-10-03|citilink:443_0|50041|1
2026-08-04|citilink:443_0|54044|1
2026-09-03|citilink:443_0|52043|1
2026-10-03|citilink:443_0|50041|1
2026-08-04|citilink:443_0|28491|1
2026-09-03|citilink:443_0|27436|1
2026-10-03|citilink:443_0|26381|1
2026-08-04|citilink:443_0|26613|1
2026-09-03|citilink:443_0|25628|1
2026-10-03|citilink:443_0|24642|1
