2026-10-03|citilink:225_0|10605|1
2026-09-18|citilink:225_0|11453|1
2026-09-03|citilink:225_0|11878|1
2026-10-03|citilink:225_0|10710|1
2026-09-18|citilink:225_0|11567|1
2026-09-03|citilink:225_0|11995|1
2026-10-03|citilink:225_0|9660|1
2026-09-18|citilink:225_0|10433|1
2026-09-01|citilink:225_0|10819|1
2026-10-03|citilink:225_0|9660|1
2026-09-18|citilink:225_0|10433|1
2026-09-01|citilink:225_0|10819|1
2026-10-03|citilink:225_0|9660|1
2026-09-18|citilink:225_0|10433|1
2026-09-01|citilink:225_0|10819|1
2026-10-03|citilink:225_0|9660|1
2026-09-18|citilink:225_0|10433|1
2026-09-01|citilink:225_0|10819|1
2026-08-04|citilink:225_0|87080|1
2026-09-03|citilink:225_0|83855|1
2026-10-03|citilink:225_0|80630|1
2026-08-04|citilink:225_0|26946|1
2026-09-03|citilink:225_0|25948|1
2026-10-03|citilink:225_0|24950|1
2026-08-04|citilink:225_0|26946|1
2026-09-03|citilink:225_0|25948|1
2026-10-03|citilink:225_0|24950|1
2026-08-04|citilink:225_0|48719|1
2026-09-03|citilink:225_0|46914|1
2026-10-03|citilink:225_0|45110|1
2026-08-04|citilink:225_0|43137|1
2026-09-03|citilink:225_0|41540|1
2026-10-03|citilink:225_0|39942|1
