2026-10-03|citilink:481_0|192480|1
2026-09-18|citilink:481_0|207878|1
2026-09-03|citilink:481_0|215578|1
2026-10-03|citilink:481_0|196490|1
2026-09-18|citilink:481_0|212209|1
2026-09-03|citilink:481_0|220069|1
2026-10-03|citilink:481_0|190475|1
2026-09-18|citilink:481_0|205713|1
2026-09-01|citilink:481_0|213332|1
2026-10-03|citilink:481_0|190475|1
2026-09-18|citilink:481_0|205713|1
2026-09-01|citilink:481_0|213332|1
2026-10-03|citilink:481_0|190475|1
2026-09-18|citilink:481_0|205713|1
2026-09-01|citilink:481_0|213332|1
2026-10-03|citilink:481_0|190475|1
2026-09-18|citilink:481_0|205713|1
2026-09-01|citilink:481_0|213332|1
2026-08-04|citilink:481_0|215774|1
2026-09-03|citilink:481_0|207783|1
2026-10-03|citilink:481_0|199791|1
2026-08-04|citilink:481_0|283814|1
2026-09-03|citilink:481_0|273303|1
2026-10-03|citilink:481_0|262791|1
2026-08-04|citilink:481_0|283814|1
2026-09-03|citilink:481_0|273303|1
2026-10-03|citilink:481_0|262791|1
2026-08-04|citilink:481_0|51506|1
2026-09-03|citilink:481_0|49599|1
2026-10-03|citilink:481_0|47691|1
2026-08-04|citilink:481_0|47501|1
2026-09-03|citilink:481_0|45741|1
2026-10-03|citilink:481_0|43982|1
2026-08-04|citilink:481_0|42122|1
2026-09-03|citilink:481_0|40562|1
2026-10-03|citilink:481_0|39002|1
2026-08-04|citilink:481_0|51073|1
2026-09-03|citilink:481_0|49182|1
2026-10-03|citilink:481_0|47290|1
