2026-10-03|citilink:369_0|48852|1
2026-09-18|citilink:369_0|52760|1
2026-09-03|citilink:369_0|54714|1
2026-10-03|citilink:369_0|49383|1
2026-09-18|citilink:369_0|53334|1
2026-09-03|citilink:369_0|55309|1
2026-10-03|citilink:369_0|52038|1
2026-09-18|citilink:369_0|56201|1
2026-09-01|citilink:369_0|58283|1
2026-10-03|citilink:369_0|52038|1
2026-09-18|citilink:369_0|56201|1
2026-09-01|citilink:369_0|58283|1
2026-10-03|citilink:369_0|52038|1
2026-09-18|citilink:369_0|56201|1
2026-09-01|citilink:369_0|58283|1
2026-10-03|citilink:369_0|52038|1
2026-09-18|citilink:369_0|56201|1
2026-09-01|citilink:369_0|58283|1
2026-08-04|citilink:369_0|162941|1
2026-09-03|citilink:369_0|156906|1
2026-10-03|citilink:369_0|150871|1
2026-08-04|citilink:369_0|62587|1
2026-09-03|citilink:369_0|60269|1
2026-10-03|citilink:369_0|57951|1
2026-08-04|citilink:369_0|62587|1
2026-09-03|citilink:369_0|60269|1
2026-10-03|citilink:369_0|57951|1
2026-08-04|citilink:369_0|52651|1
2026-09-03|citilink:369_0|50701|1
2026-10-03|citilink:369_0|48751|1
