2026-10-03|citilink:80_0|81445|1
2026-09-18|citilink:80_0|87961|1
2026-09-03|citilink:80_0|91218|1
2026-10-03|citilink:80_0|85920|1
2026-09-18|citilink:80_0|92794|1
2026-09-03|citilink:80_0|96230|1
2026-10-03|citilink:80_0|89500|1
2026-09-18|citilink:80_0|96660|1
2026-09-01|citilink:80_0|100240|1
2026-10-03|citilink:80_0|89500|1
2026-09-18|citilink:80_0|96660|1
2026-09-01|citilink:80_0|100240|1
2026-10-03|citilink:80_0|89500|1
2026-09-18|citilink:80_0|96660|1
2026-09-01|citilink:80_0|100240|1
2026-10-03|citilink:80_0|89500|1
2026-09-18|citilink:80_0|96660|1
2026-09-01|citilink:80_0|100240|1
2026-08-04|citilink:80_0|184800|1
2026-09-03|citilink:80_0|177955|1
2026-10-03|citilink:80_0|171111|1
2026-08-04|citilink:80_0|24096|1
2026-09-03|citilink:80_0|23203|1
2026-10-03|citilink:80_0|22311|1
2026-08-04|citilink:80_0|24096|1
2026-09-03|citilink:80_0|23203|1
2026-10-03|citilink:80_0|22311|1
2026-08-04|citilink:80_0|32131|1
2026-09-03|citilink:80_0|30941|1
2026-10-03|citilink:80_0|29751|1
2026-08-04|citilink:80_0|28331|1
2026-09-03|citilink:80_0|27281|1
2026-10-03|citilink:80_0|26232|1
