2026-10-03|citilink:143_0|29667|1
2026-09-18|citilink:143_0|32040|1
2026-09-03|citilink:143_0|33227|1
2026-10-03|citilink:143_0|29348|1
2026-09-18|citilink:143_0|31696|1
2026-09-03|citilink:143_0|32870|1
2026-10-03|citilink:143_0|29348|1
2026-09-18|citilink:143_0|31696|1
2026-09-01|citilink:143_0|32870|1
2026-10-03|citilink:143_0|29348|1
2026-09-18|citilink:143_0|31696|1
2026-09-01|citilink:143_0|32870|1
2026-10-03|citilink:143_0|29348|1
2026-09-18|citilink:143_0|31696|1
2026-09-01|citilink:143_0|32870|1
2026-10-03|citilink:143_0|29348|1
2026-09-18|citilink:143_0|31696|1
2026-09-01|citilink:143_0|32870|1
2026-08-04|citilink:143_0|28113|1
2026-09-03|citilink:143_0|27072|1
2026-10-03|citilink:143_0|26031|1
2026-08-04|citilink:143_0|72307|1
2026-09-03|citilink:143_0|69629|1
2026-10-03|citilink:143_0|66951|1
2026-08-04|citilink:143_0|72307|1
2026-09-03|citilink:143_0|69629|1
2026-10-03|citilink:143_0|66951|1
2026-08-04|citilink:143_0|26105|1
2026-09-03|citilink:143_0|25138|1
2026-10-03|citilink:143_0|24171|1
2026-08-04|citilink:143_0|26946|1
2026-09-03|citilink:143_0|25948|1
2026-10-03|citilink:143_0|24950|1
2026-08-04|citilink:143_0|22280|1
2026-09-03|citilink:143_0|21455|1
2026-10-03|citilink:143_0|20630|1
2026-08-04|citilink:143_0|21805|1
2026-09-03|citilink:143_0|20998|1
2026-10-03|citilink:143_0|20190|1
