2026-10-03|citilink:425_0|11639|1
2026-09-18|citilink:425_0|12570|1
2026-09-03|citilink:425_0|13036|1
2026-10-03|citilink:425_0|10283|1
2026-09-18|citilink:425_0|11106|1
2026-09-03|citilink:425_0|11517|1
2026-10-03|citilink:425_0|10170|1
2026-09-18|citilink:425_0|10984|1
2026-09-01|citilink:425_0|11390|1
2026-10-03|citilink:425_0|10170|1
2026-09-18|citilink:425_0|10984|1
2026-09-01|citilink:425_0|11390|1
2026-10-03|citilink:425_0|10170|1
2026-09-18|citilink:425_0|10984|1
2026-09-01|citilink:425_0|11390|1
2026-10-03|citilink:425_0|10170|1
2026-09-18|citilink:425_0|10984|1
2026-09-01|citilink:425_0|11390|1
2026-08-04|citilink:425_0|83387|1
2026-09-03|citilink:425_0|80298|1
2026-10-03|citilink:425_0|77210|1
2026-08-04|citilink:425_0|74833|1
2026-09-03|citilink:425_0|72062|1
2026-10-03|citilink:425_0|69290|1
2026-08-04|citilink:425_0|74833|1
2026-09-03|citilink:425_0|72062|1
2026-10-03|citilink:425_0|69290|1
2026-08-04|citilink:425_0|56657|1
2026-09-03|citilink:425_0|54558|1
2026-10-03|citilink:425_0|52460|1
2026-08-04|citilink:425_0|47501|1
2026-09-03|citilink:425_0|45741|1
2026-10-03|citilink:425_0|43982|1
