2026-10-03|citilink:350_0|44786|1
2026-09-18|citilink:350_0|48369|1
2026-09-03|citilink:350_0|50160|1
2026-10-03|citilink:350_0|42501|1
2026-09-18|citilink:350_0|45901|1
2026-09-03|citilink:350_0|47601|1
2026-10-03|citilink:350_0|41130|1
2026-09-18|citilink:350_0|44420|1
2026-09-01|citilink:350_0|46066|1
2026-10-03|citilink:350_0|41130|1
2026-09-18|citilink:350_0|44420|1
2026-09-01|citilink:350_0|46066|1
2026-10-03|citilink:350_0|41130|1
2026-09-18|citilink:350_0|44420|1
2026-09-01|citilink:350_0|46066|1
2026-10-03|citilink:350_0|41130|1
2026-09-18|citilink:350_0|44420|1
2026-09-01|citilink:350_0|46066|1
2026-08-04|citilink:350_0|184757|1
2026-09-03|citilink:350_0|177914|1
2026-10-03|citilink:350_0|171071|1
2026-08-04|citilink:350_0|135012|1
2026-09-03|citilink:350_0|130011|1
2026-10-03|citilink:350_0|125011|1
2026-08-04|citilink:350_0|135012|1
2026-09-03|citilink:350_0|130011|1
2026-10-03|citilink:350_0|125011|1
2026-08-04|citilink:350_0|60395|1
2026-09-03|citilink:350_0|58158|1
2026-10-03|citilink:350_0|55921|1
2026-08-04|citilink:350_0|61037|1
2026-09-03|citilink:350_0|58777|1
2026-10-03|citilink:350_0|56516|1
2026-08-04|citilink:350_0|59498|1
2026-09-03|citilink:350_0|57295|1
2026-10-03|citilink:350_0|55091|1
