2026-10-03|citilink:94_0|97002|1
2026-09-18|citilink:94_0|104762|1
2026-09-03|citilink:94_0|108642|1
2026-10-03|citilink:94_0|89394|1
2026-09-18|citilink:94_0|96546|1
2026-09-03|citilink:94_0|100121|1
2026-10-03|citilink:94_0|93198|1
2026-09-18|citilink:94_0|100654|1
2026-09-01|citilink:94_0|104382|1
2026-10-03|citilink:94_0|93198|1
2026-09-18|citilink:94_0|100654|1
2026-09-01|citilink:94_0|104382|1
2026-10-03|citilink:94_0|93198|1
2026-09-18|citilink:94_0|100654|1
2026-09-01|citilink:94_0|104382|1
2026-10-03|citilink:94_0|93198|1
2026-09-18|citilink:94_0|100654|1
2026-09-01|citilink:94_0|104382|1
2026-08-04|citilink:94_0|101219|1
2026-09-03|citilink:94_0|97470|1
2026-10-03|citilink:94_0|93721|1
