2026-10-03|citilink:24_0|28017|1
2026-09-18|citilink:24_0|30258|1
2026-09-03|citilink:24_0|31379|1
2026-10-03|citilink:24_0|27451|1
2026-09-18|citilink:24_0|29647|1
2026-09-03|citilink:24_0|30745|1
2026-10-03|citilink:24_0|27168|1
2026-09-18|citilink:24_0|29341|1
2026-09-01|citilink:24_0|30428|1
2026-10-03|citilink:24_0|27168|1
2026-09-18|citilink:24_0|29341|1
2026-09-01|citilink:24_0|30428|1
2026-10-03|citilink:24_0|27168|1
2026-09-18|citilink:24_0|29341|1
2026-09-01|citilink:24_0|30428|1
2026-10-03|citilink:24_0|27168|1
2026-09-18|citilink:24_0|29341|1
2026-09-01|citilink:24_0|30428|1
2026-08-04|citilink:24_0|11665|1
2026-09-03|citilink:24_0|11233|1
2026-10-03|citilink:24_0|10801|1
