2026-10-03|citilink:280_0|30305|1
2026-09-18|citilink:280_0|32729|1
2026-09-03|citilink:280_0|33942|1
2026-10-03|citilink:280_0|31900|1
2026-09-18|citilink:280_0|34452|1
2026-09-03|citilink:280_0|35728|1
2026-10-03|citilink:280_0|36047|1
2026-09-18|citilink:280_0|38931|1
2026-09-01|citilink:280_0|40373|1
2026-10-03|citilink:280_0|36047|1
2026-09-18|citilink:280_0|38931|1
2026-09-01|citilink:280_0|40373|1
2026-10-03|citilink:280_0|36047|1
2026-09-18|citilink:280_0|38931|1
2026-09-01|citilink:280_0|40373|1
2026-10-03|citilink:280_0|36047|1
2026-09-18|citilink:280_0|38931|1
2026-09-01|citilink:280_0|40373|1
2026-08-04|citilink:280_0|137107|1
2026-09-03|citilink:280_0|132029|1
2026-10-03|citilink:280_0|126951|1
2026-08-04|citilink:280_0|27811|1
2026-09-03|citilink:280_0|26781|1
2026-10-03|citilink:280_0|25751|1
