2026-10-03|citilink:195_0|30225|1
2026-09-18|citilink:195_0|32643|1
2026-09-03|citilink:195_0|33852|1
2026-10-03|citilink:195_0|31200|1
2026-09-18|citilink:195_0|33696|1
2026-09-03|citilink:195_0|34944|1
2026-10-03|citilink:195_0|30875|1
2026-09-18|citilink:195_0|33345|1
2026-09-01|citilink:195_0|34580|1
2026-10-03|citilink:195_0|30875|1
2026-09-18|citilink:195_0|33345|1
2026-09-01|citilink:195_0|34580|1
2026-10-03|citilink:195_0|30875|1
2026-09-18|citilink:195_0|33345|1
2026-09-01|citilink:195_0|34580|1
2026-10-03|citilink:195_0|30875|1
2026-09-18|citilink:195_0|33345|1
2026-09-01|citilink:195_0|34580|1
2026-08-04|citilink:195_0|82351|1
2026-09-03|citilink:195_0|79301|1
2026-10-03|citilink:195_0|76251|1
2026-08-04|citilink:195_0|114492|1
2026-09-03|citilink:195_0|110251|1
2026-10-03|citilink:195_0|106011|1
2026-08-04|citilink:195_0|114492|1
2026-09-03|citilink:195_0|110251|1
2026-10-03|citilink:195_0|106011|1
2026-08-04|citilink:195_0|24598|1
2026-09-03|citilink:195_0|23687|1
2026-10-03|citilink:195_0|22776|1
2026-08-04|citilink:195_0|21689|1
2026-09-03|citilink:195_0|20885|1
2026-10-03|citilink:195_0|20082|1
2026-08-04|citilink:195_0|17703|1
2026-09-03|citilink:195_0|17048|1
2026-10-03|citilink:195_0|16392|1
2026-08-04|citilink:195_0|18349|1
2026-09-03|citilink:195_0|17670|1
2026-10-03|citilink:195_0|16990|1
