2026-10-03|citilink:13_0|134370|1
2026-09-18|citilink:13_0|145120|1
2026-09-03|citilink:13_0|150494|1
2026-10-03|citilink:13_0|147807|1
2026-09-18|citilink:13_0|159632|1
2026-09-03|citilink:13_0|165544|1
2026-10-03|citilink:13_0|140342|1
2026-09-18|citilink:13_0|151569|1
2026-09-01|citilink:13_0|157183|1
2026-10-03|citilink:13_0|140342|1
2026-09-18|citilink:13_0|151569|1
2026-09-01|citilink:13_0|157183|1
2026-10-03|citilink:13_0|140342|1
2026-09-18|citilink:13_0|151569|1
2026-09-01|citilink:13_0|157183|1
2026-10-03|citilink:13_0|140342|1
2026-09-18|citilink:13_0|151569|1
2026-09-01|citilink:13_0|157183|1
2026-08-04|citilink:13_0|162152|1
2026-09-03|citilink:13_0|156147|1
2026-10-03|citilink:13_0|150141|1
2026-08-04|citilink:13_0|12275|1
2026-09-03|citilink:13_0|11821|1
2026-10-03|citilink:13_0|11366|1
2026-08-04|citilink:13_0|12275|1
2026-09-03|citilink:13_0|11821|1
2026-10-03|citilink:13_0|11366|1
2026-08-04|citilink:13_0|55518|1
2026-09-03|citilink:13_0|53462|1
2026-10-03|citilink:13_0|51406|1
2026-08-04|citilink:13_0|58568|1
2026-09-03|citilink:13_0|56399|1
2026-10-03|citilink:13_0|54230|1
2026-08-04|citilink:13_0|57013|1
2026-09-03|citilink:13_0|54902|1
2026-10-03|citilink:13_0|52790|1
2026-08-04|citilink:13_0|55825|1
2026-09-03|citilink:13_0|53758|1
2026-10-03|citilink:13_0|51690|1
