2026-10-03|citilink:154_0|77188|1
2026-09-18|citilink:154_0|83363|1
2026-09-03|citilink:154_0|86451|1
2026-10-03|citilink:154_0|76349|1
2026-09-18|citilink:154_0|82457|1
2026-09-03|citilink:154_0|85511|1
2026-10-03|citilink:154_0|78027|1
2026-09-18|citilink:154_0|84269|1
2026-09-01|citilink:154_0|87390|1
2026-10-03|citilink:154_0|78027|1
2026-09-18|citilink:154_0|84269|1
2026-09-01|citilink:154_0|87390|1
2026-10-03|citilink:154_0|78027|1
2026-09-18|citilink:154_0|84269|1
2026-09-01|citilink:154_0|87390|1
2026-10-03|citilink:154_0|78027|1
2026-09-18|citilink:154_0|84269|1
2026-09-01|citilink:154_0|87390|1
2026-08-04|citilink:154_0|96369|1
2026-09-03|citilink:154_0|92800|1
2026-10-03|citilink:154_0|89231|1
2026-08-04|citilink:154_0|25824|1
2026-09-03|citilink:154_0|24867|1
2026-10-03|citilink:154_0|23911|1
2026-08-04|citilink:154_0|25824|1
2026-09-03|citilink:154_0|24867|1
2026-10-03|citilink:154_0|23911|1
2026-08-04|citilink:154_0|18869|1
2026-09-03|citilink:154_0|18170|1
2026-10-03|citilink:154_0|17471|1
2026-08-04|citilink:154_0|19894|1
2026-09-03|citilink:154_0|19157|1
2026-10-03|citilink:154_0|18420|1
2026-08-04|citilink:154_0|12037|1
2026-09-03|citilink:154_0|11591|1
2026-10-03|citilink:154_0|11145|1
2026-08-04|citilink:154_0|11761|1
2026-09-03|citilink:154_0|11326|1
2026-10-03|citilink:154_0|10890|1
