2026-10-03|citilink:410_0|69500|1
2026-09-18|citilink:410_0|75060|1
2026-09-03|citilink:410_0|77840|1
2026-10-03|citilink:410_0|62550|1
2026-09-18|citilink:410_0|67554|1
2026-09-03|citilink:410_0|70056|1
2026-10-03|citilink:410_0|68110|1
2026-09-18|citilink:410_0|73559|1
2026-09-01|citilink:410_0|76283|1
2026-10-03|citilink:410_0|68110|1
2026-09-18|citilink:410_0|73559|1
2026-09-01|citilink:410_0|76283|1
2026-10-03|citilink:410_0|68110|1
2026-09-18|citilink:410_0|73559|1
2026-09-01|citilink:410_0|76283|1
2026-10-03|citilink:410_0|68110|1
2026-09-18|citilink:410_0|73559|1
2026-09-01|citilink:410_0|76283|1
2026-08-04|citilink:410_0|180782|1
2026-09-03|citilink:410_0|174087|1
2026-10-03|citilink:410_0|167391|1
2026-08-04|citilink:410_0|359630|1
2026-09-03|citilink:410_0|346311|1
2026-10-03|citilink:410_0|332991|1
2026-08-04|citilink:410_0|359630|1
2026-09-03|citilink:410_0|346311|1
2026-10-03|citilink:410_0|332991|1
