2026-10-03|citilink:224_0|90597|1
2026-09-18|citilink:224_0|97845|1
2026-09-03|citilink:224_0|101469|1
2026-10-03|citilink:224_0|85215|1
2026-09-18|citilink:224_0|92032|1
2026-09-03|citilink:224_0|95441|1
2026-10-03|citilink:224_0|86112|1
2026-09-18|citilink:224_0|93001|1
2026-09-01|citilink:224_0|96445|1
2026-10-03|citilink:224_0|86112|1
2026-09-18|citilink:224_0|93001|1
2026-09-01|citilink:224_0|96445|1
2026-10-03|citilink:224_0|86112|1
2026-09-18|citilink:224_0|93001|1
2026-09-01|citilink:224_0|96445|1
2026-10-03|citilink:224_0|86112|1
2026-09-18|citilink:224_0|93001|1
2026-09-01|citilink:224_0|96445|1
2026-08-04|citilink:224_0|118421|1
2026-09-03|citilink:224_0|114035|1
2026-10-03|citilink:224_0|109649|1
2026-08-04|citilink:224_0|17406|1
2026-09-03|citilink:224_0|16762|1
2026-10-03|citilink:224_0|16117|1
2026-08-04|citilink:224_0|17406|1
2026-09-03|citilink:224_0|16762|1
2026-10-03|citilink:224_0|16117|1
2026-08-04|citilink:224_0|37809|1
2026-09-03|citilink:224_0|36408|1
2026-10-03|citilink:224_0|35008|1
