2026-10-03|citilink:32_0|108810|1
2026-09-18|citilink:32_0|117515|1
2026-09-03|citilink:32_0|121867|1
2026-10-03|citilink:32_0|122109|1
2026-09-18|citilink:32_0|131878|1
2026-09-03|citilink:32_0|136762|1
2026-10-03|citilink:32_0|108810|1
2026-09-18|citilink:32_0|117515|1
2026-09-01|citilink:32_0|121867|1
2026-10-03|citilink:32_0|108810|1
2026-09-18|citilink:32_0|117515|1
2026-09-01|citilink:32_0|121867|1
2026-10-03|citilink:32_0|108810|1
2026-09-18|citilink:32_0|117515|1
2026-09-01|citilink:32_0|121867|1
2026-10-03|citilink:32_0|108810|1
2026-09-18|citilink:32_0|117515|1
2026-09-01|citilink:32_0|121867|1
2026-08-04|citilink:32_0|244934|1
2026-09-03|citilink:32_0|235863|1
2026-10-03|citilink:32_0|226791|1
2026-08-04|citilink:32_0|7280|1
2026-09-03|citilink:32_0|7011|1
2026-10-03|citilink:32_0|6741|1
