2026-10-03|citilink:301_0|183724|1
2026-09-18|citilink:301_0|198422|1
2026-09-03|citilink:301_0|205771|1
2026-10-03|citilink:301_0|207688|1
2026-09-18|citilink:301_0|224303|1
2026-09-03|citilink:301_0|232611|1
2026-10-03|citilink:301_0|193709|1
2026-09-18|citilink:301_0|209206|1
2026-09-01|citilink:301_0|216954|1
2026-10-03|citilink:301_0|193709|1
2026-09-18|citilink:301_0|209206|1
2026-09-01|citilink:301_0|216954|1
2026-10-03|citilink:301_0|193709|1
2026-09-18|citilink:301_0|209206|1
2026-09-01|citilink:301_0|216954|1
2026-10-03|citilink:301_0|193709|1
2026-09-18|citilink:301_0|209206|1
2026-09-01|citilink:301_0|216954|1
2026-08-04|citilink:301_0|218582|1
2026-09-03|citilink:301_0|210487|1
2026-10-03|citilink:301_0|202391|1
2026-08-04|citilink:301_0|65568|1
2026-09-03|citilink:301_0|63139|1
2026-10-03|citilink:301_0|60711|1
2026-08-04|citilink:301_0|65568|1
2026-09-03|citilink:301_0|63139|1
2026-10-03|citilink:301_0|60711|1
2026-08-04|citilink:301_0|57619|1
2026-09-03|citilink:301_0|55485|1
2026-10-03|citilink:301_0|53351|1
