2026-10-03|citilink:445_0|122759|1
2026-09-18|citilink:445_0|132580|1
2026-09-03|citilink:445_0|137490|1
2026-10-03|citilink:445_0|122759|1
2026-09-18|citilink:445_0|132580|1
2026-09-03|citilink:445_0|137490|1
2026-10-03|citilink:445_0|125457|1
2026-09-18|citilink:445_0|135494|1
2026-09-01|citilink:445_0|140512|1
2026-10-03|citilink:445_0|125457|1
2026-09-18|citilink:445_0|135494|1
2026-09-01|citilink:445_0|140512|1
2026-10-03|citilink:445_0|125457|1
2026-09-18|citilink:445_0|135494|1
2026-09-01|citilink:445_0|140512|1
2026-10-03|citilink:445_0|125457|1
2026-09-18|citilink:445_0|135494|1
2026-09-01|citilink:445_0|140512|1
2026-08-04|citilink:445_0|45803|1
2026-09-03|citilink:445_0|44106|1
2026-10-03|citilink:445_0|42410|1
2026-08-04|citilink:445_0|53438|1
2026-09-03|citilink:445_0|51459|1
2026-10-03|citilink:445_0|49480|1
2026-08-04|citilink:445_0|53438|1
2026-09-03|citilink:445_0|51459|1
2026-10-03|citilink:445_0|49480|1
2026-08-04|citilink:445_0|69800|1
2026-09-03|citilink:445_0|67215|1
2026-10-03|citilink:445_0|64630|1
2026-08-04|citilink:445_0|58743|1
2026-09-03|citilink:445_0|56568|1
2026-10-03|citilink:445_0|54392|1
