2026-10-03|citilink:126_0|20099|1
2026-09-18|citilink:126_0|21707|1
2026-09-03|citilink:126_0|22511|1
2026-10-03|citilink:126_0|18109|1
2026-09-18|citilink:126_0|19558|1
2026-09-03|citilink:126_0|20282|1
2026-10-03|citilink:126_0|19502|1
2026-09-18|citilink:126_0|21062|1
2026-09-01|citilink:126_0|21842|1
2026-10-03|citilink:126_0|19502|1
2026-09-18|citilink:126_0|21062|1
2026-09-01|citilink:126_0|21842|1
2026-10-03|citilink:126_0|19502|1
2026-09-18|citilink:126_0|21062|1
2026-09-01|citilink:126_0|21842|1
2026-10-03|citilink:126_0|19502|1
2026-09-18|citilink:126_0|21062|1
2026-09-01|citilink:126_0|21842|1
2026-08-04|citilink:126_0|45965|1
2026-09-03|citilink:126_0|44262|1
2026-10-03|citilink:126_0|42560|1
2026-08-04|citilink:126_0|141124|1
2026-09-03|citilink:126_0|135897|1
2026-10-03|citilink:126_0|130670|1
2026-08-04|citilink:126_0|141124|1
2026-09-03|citilink:126_0|135897|1
2026-10-03|citilink:126_0|130670|1
2026-08-04|citilink:126_0|63607|1
2026-09-03|citilink:126_0|61251|1
2026-10-03|citilink:126_0|58895|1
2026-08-04|citilink:126_0|55254|1
2026-09-03|citilink:126_0|53207|1
2026-10-03|citilink:126_0|51161|1
2026-08-04|citilink:126_0|53861|1
2026-09-03|citilink:126_0|51866|1
2026-10-03|citilink:126_0|49871|1
2026-08-04|citilink:126_0|53233|1
2026-09-03|citilink:126_0|51262|1
2026-10-03|citilink:126_0|49290|1
