2026-10-03|citilink:382_0|216090|1
2026-09-18|citilink:382_0|233377|1
2026-09-03|citilink:382_0|242021|1
2026-10-03|citilink:382_0|205065|1
2026-09-18|citilink:382_0|221470|1
2026-09-03|citilink:382_0|229673|1
2026-10-03|citilink:382_0|198450|1
2026-09-18|citilink:382_0|214326|1
2026-09-01|citilink:382_0|222264|1
2026-10-03|citilink:382_0|198450|1
2026-09-18|citilink:382_0|214326|1
2026-09-01|citilink:382_0|222264|1
2026-10-03|citilink:382_0|198450|1
2026-09-18|citilink:382_0|214326|1
2026-09-01|citilink:382_0|222264|1
2026-10-03|citilink:382_0|198450|1
2026-09-18|citilink:382_0|214326|1
2026-09-01|citilink:382_0|222264|1
2026-08-04|citilink:382_0|61593|1
2026-09-03|citilink:382_0|59312|1
2026-10-03|citilink:382_0|57031|1
2026-08-04|citilink:382_0|15888|1
2026-09-03|citilink:382_0|15299|1
2026-10-03|citilink:382_0|14711|1
2026-08-04|citilink:382_0|15888|1
2026-09-03|citilink:382_0|15299|1
2026-10-03|citilink:382_0|14711|1
2026-08-04|citilink:382_0|65071|1
2026-09-03|citilink:382_0|62661|1
2026-10-03|citilink:382_0|60251|1
2026-08-04|citilink:382_0|59413|1
2026-09-03|citilink:382_0|57212|1
2026-10-03|citilink:382_0|55012|1
