2026-10-03|citilink:92_0|16830|1
2026-09-18|citilink:92_0|18176|1
2026-09-03|citilink:92_0|18850|1
2026-10-03|citilink:92_0|18887|1
2026-09-18|citilink:92_0|20398|1
2026-09-03|citilink:92_0|21153|1
2026-10-03|citilink:92_0|18139|1
2026-09-18|citilink:92_0|19590|1
2026-09-01|citilink:92_0|20316|1
2026-10-03|citilink:92_0|18139|1
2026-09-18|citilink:92_0|19590|1
2026-09-01|citilink:92_0|20316|1
2026-10-03|citilink:92_0|18139|1
2026-09-18|citilink:92_0|19590|1
2026-09-01|citilink:92_0|20316|1
2026-10-03|citilink:92_0|18139|1
2026-09-18|citilink:92_0|19590|1
2026-09-01|citilink:92_0|20316|1
2026-08-04|citilink:92_0|246887|1
2026-09-03|citilink:92_0|237743|1
2026-10-03|citilink:92_0|228599|1
2026-08-04|citilink:92_0|214096|1
2026-09-03|citilink:92_0|206166|1
2026-10-03|citilink:92_0|198237|1
2026-08-04|citilink:92_0|214096|1
2026-09-03|citilink:92_0|206166|1
2026-10-03|citilink:92_0|198237|1
2026-08-04|citilink:92_0|47248|1
2026-09-03|citilink:92_0|45498|1
2026-10-03|citilink:92_0|43748|1
