2026-10-03|citilink:433_0|59787|1
2026-09-18|citilink:433_0|64570|1
2026-09-03|citilink:433_0|66961|1
2026-10-03|citilink:433_0|61758|1
2026-09-18|citilink:433_0|66699|1
2026-09-03|citilink:433_0|69169|1
2026-10-03|citilink:433_0|63072|1
2026-09-18|citilink:433_0|68118|1
2026-09-01|citilink:433_0|70641|1
2026-10-03|citilink:433_0|63072|1
2026-09-18|citilink:433_0|68118|1
2026-09-01|citilink:433_0|70641|1
2026-10-03|citilink:433_0|63072|1
2026-09-18|citilink:433_0|68118|1
2026-09-01|citilink:433_0|70641|1
2026-10-03|citilink:433_0|63072|1
2026-09-18|citilink:433_0|68118|1
2026-09-01|citilink:433_0|70641|1
2026-08-04|citilink:433_0|170015|1
2026-09-03|citilink:433_0|163718|1
2026-10-03|citilink:433_0|157421|1
2026-08-04|citilink:433_0|12767|1
2026-09-03|citilink:433_0|12294|1
2026-10-03|citilink:433_0|11821|1
2026-08-04|citilink:433_0|12767|1
2026-09-03|citilink:433_0|12294|1
2026-10-03|citilink:433_0|11821|1
2026-08-04|citilink:433_0|53553|1
2026-09-03|citilink:433_0|51569|1
2026-10-03|citilink:433_0|49586|1
2026-08-04|citilink:433_0|49434|1
2026-09-03|citilink:433_0|47603|1
2026-10-03|citilink:433_0|45772|1
2026-08-04|citilink:433_0|42630|1
2026-09-03|citilink:433_0|41051|1
2026-10-03|citilink:433_0|39472|1
2026-08-04|citilink:433_0|51613|1
2026-09-03|citilink:433_0|49702|1
2026-10-03|citilink:433_0|47790|1
