2026-10-03|citilink:111_0|12690|1
2026-09-18|citilink:111_0|13705|1
2026-09-03|citilink:111_0|14213|1
2026-10-03|citilink:111_0|12972|1
2026-09-18|citilink:111_0|14010|1
2026-09-03|citilink:111_0|14529|1
2026-10-03|citilink:111_0|12972|1
2026-09-18|citilink:111_0|14010|1
2026-09-01|citilink:111_0|14529|1
2026-10-03|citilink:111_0|12972|1
2026-09-18|citilink:111_0|14010|1
2026-09-01|citilink:111_0|14529|1
2026-10-03|citilink:111_0|12972|1
2026-09-18|citilink:111_0|14010|1
2026-09-01|citilink:111_0|14529|1
2026-10-03|citilink:111_0|12972|1
2026-09-18|citilink:111_0|14010|1
2026-09-01|citilink:111_0|14529|1
2026-08-04|citilink:111_0|52219|1
2026-09-03|citilink:111_0|50285|1
2026-10-03|citilink:111_0|48351|1
2026-08-04|citilink:111_0|293275|1
2026-09-03|citilink:111_0|282413|1
2026-10-03|citilink:111_0|271551|1
2026-08-04|citilink:111_0|293275|1
2026-09-03|citilink:111_0|282413|1
2026-10-03|citilink:111_0|271551|1
2026-08-04|citilink:111_0|30624|1
2026-09-03|citilink:111_0|29490|1
2026-10-03|citilink:111_0|28356|1
2026-08-04|citilink:111_0|31941|1
2026-09-03|citilink:111_0|30758|1
2026-10-03|citilink:111_0|29575|1
2026-08-04|citilink:111_0|22513|1
2026-09-03|citilink:111_0|21679|1
2026-10-03|citilink:111_0|20845|1
2026-08-04|citilink:111_0|22021|1
2026-09-03|citilink:111_0|21206|1
2026-10-03|citilink:111_0|20390|1
