2026-10-03|citilink:367_0|31577|1
2026-09-18|citilink:367_0|34103|1
2026-09-03|citilink:367_0|35366|1
2026-10-03|citilink:367_0|32965|1
2026-09-18|citilink:367_0|35602|1
2026-09-03|citilink:367_0|36921|1
2026-10-03|citilink:367_0|33659|1
2026-09-18|citilink:367_0|36352|1
2026-09-01|citilink:367_0|37698|1
2026-10-03|citilink:367_0|33659|1
2026-09-18|citilink:367_0|36352|1
2026-09-01|citilink:367_0|37698|1
2026-10-03|citilink:367_0|33659|1
2026-09-18|citilink:367_0|36352|1
2026-09-01|citilink:367_0|37698|1
2026-10-03|citilink:367_0|33659|1
2026-09-18|citilink:367_0|36352|1
2026-09-01|citilink:367_0|37698|1
2026-08-04|citilink:367_0|120853|1
2026-09-03|citilink:367_0|116377|1
2026-10-03|citilink:367_0|111901|1
