2026-10-03|citilink:287_0|30174|1
2026-09-18|citilink:287_0|32588|1
2026-09-03|citilink:287_0|33795|1
2026-10-03|citilink:287_0|29211|1
2026-09-18|citilink:287_0|31548|1
2026-09-03|citilink:287_0|32716|1
2026-10-03|citilink:287_0|32100|1
2026-09-18|citilink:287_0|34668|1
2026-09-01|citilink:287_0|35952|1
2026-10-03|citilink:287_0|32100|1
2026-09-18|citilink:287_0|34668|1
2026-09-01|citilink:287_0|35952|1
2026-10-03|citilink:287_0|32100|1
2026-09-18|citilink:287_0|34668|1
2026-09-01|citilink:287_0|35952|1
2026-10-03|citilink:287_0|32100|1
2026-09-18|citilink:287_0|34668|1
2026-09-01|citilink:287_0|35952|1
2026-08-04|citilink:287_0|379653|1
2026-09-03|citilink:287_0|365592|1
2026-10-03|citilink:287_0|351531|1
2026-08-04|citilink:287_0|28616|1
2026-09-03|citilink:287_0|27556|1
2026-10-03|citilink:287_0|26496|1
2026-08-04|citilink:287_0|28616|1
2026-09-03|citilink:287_0|27556|1
2026-10-03|citilink:287_0|26496|1
2026-08-04|citilink:287_0|21585|1
2026-09-03|citilink:287_0|20785|1
2026-10-03|citilink:287_0|19986|1
