2026-10-03|citilink:31_0|202707|1
2026-09-18|citilink:31_0|218924|1
2026-09-03|citilink:31_0|227032|1
2026-10-03|citilink:31_0|200700|1
2026-09-18|citilink:31_0|216756|1
2026-09-03|citilink:31_0|224784|1
2026-10-03|citilink:31_0|190665|1
2026-09-18|citilink:31_0|205918|1
2026-09-01|citilink:31_0|213545|1
2026-10-03|citilink:31_0|190665|1
2026-09-18|citilink:31_0|205918|1
2026-09-01|citilink:31_0|213545|1
2026-10-03|citilink:31_0|190665|1
2026-09-18|citilink:31_0|205918|1
2026-09-01|citilink:31_0|213545|1
2026-10-03|citilink:31_0|190665|1
2026-09-18|citilink:31_0|205918|1
2026-09-01|citilink:31_0|213545|1
2026-08-04|citilink:31_0|230159|1
2026-09-03|citilink:31_0|221634|1
2026-10-03|citilink:31_0|213110|1
2026-08-04|citilink:31_0|9320|1
2026-09-03|citilink:31_0|8975|1
2026-10-03|citilink:31_0|8630|1
2026-08-04|citilink:31_0|9320|1
2026-09-03|citilink:31_0|8975|1
2026-10-03|citilink:31_0|8630|1
2026-08-04|citilink:31_0|26946|1
2026-09-03|citilink:31_0|25948|1
2026-10-03|citilink:31_0|24950|1
2026-08-04|citilink:31_0|28069|1
2026-09-03|citilink:31_0|27030|1
2026-10-03|citilink:31_0|25990|1
