2026-10-03|citilink:296_0|91809|1
2026-09-18|citilink:296_0|99154|1
2026-09-03|citilink:296_0|102826|1
2026-10-03|citilink:296_0|82719|1
2026-09-18|citilink:296_0|89337|1
2026-09-03|citilink:296_0|92645|1
2026-10-03|citilink:296_0|90900|1
2026-09-18|citilink:296_0|98172|1
2026-09-01|citilink:296_0|101808|1
2026-10-03|citilink:296_0|90900|1
2026-09-18|citilink:296_0|98172|1
2026-09-01|citilink:296_0|101808|1
2026-10-03|citilink:296_0|90900|1
2026-09-18|citilink:296_0|98172|1
2026-09-01|citilink:296_0|101808|1
2026-10-03|citilink:296_0|90900|1
2026-09-18|citilink:296_0|98172|1
2026-09-01|citilink:296_0|101808|1
2026-08-04|citilink:296_0|30295|1
2026-09-03|citilink:296_0|29173|1
2026-10-03|citilink:296_0|28051|1
2026-08-04|citilink:296_0|35760|1
2026-09-03|citilink:296_0|34435|1
2026-10-03|citilink:296_0|33111|1
