2026-10-03|citilink:40_0|124476|1
2026-09-18|citilink:40_0|134434|1
2026-09-03|citilink:40_0|139413|1
2026-10-03|citilink:40_0|138006|1
2026-09-18|citilink:40_0|149046|1
2026-09-03|citilink:40_0|154567|1
2026-10-03|citilink:40_0|146124|1
2026-09-18|citilink:40_0|157814|1
2026-09-01|citilink:40_0|163659|1
2026-10-03|citilink:40_0|146124|1
2026-09-18|citilink:40_0|157814|1
2026-09-01|citilink:40_0|163659|1
2026-10-03|citilink:40_0|146124|1
2026-09-18|citilink:40_0|157814|1
2026-09-01|citilink:40_0|163659|1
2026-10-03|citilink:40_0|146124|1
2026-09-18|citilink:40_0|157814|1
2026-09-01|citilink:40_0|163659|1
2026-08-04|citilink:40_0|128294|1
2026-09-03|citilink:40_0|123543|1
2026-10-03|citilink:40_0|118791|1
2026-08-04|citilink:40_0|359630|1
2026-09-03|citilink:40_0|346311|1
2026-10-03|citilink:40_0|332991|1
2026-08-04|citilink:40_0|359630|1
2026-09-03|citilink:40_0|346311|1
2026-10-03|citilink:40_0|332991|1
2026-08-04|citilink:40_0|34010|1
2026-09-03|citilink:40_0|32751|1
2026-10-03|citilink:40_0|31491|1
2026-08-04|citilink:40_0|31365|1
2026-09-03|citilink:40_0|30204|1
2026-10-03|citilink:40_0|29042|1
2026-08-04|citilink:40_0|25987|1
2026-09-03|citilink:40_0|25024|1
2026-10-03|citilink:40_0|24062|1
