2026-10-03|citilink:309_0|3536|1
2026-09-18|citilink:309_0|3819|1
2026-09-03|citilink:309_0|3960|1
2026-10-03|citilink:309_0|3162|1
2026-09-18|citilink:309_0|3415|1
2026-09-03|citilink:309_0|3541|1
2026-10-03|citilink:309_0|3128|1
2026-09-18|citilink:309_0|3378|1
2026-09-01|citilink:309_0|3503|1
2026-10-03|citilink:309_0|3128|1
2026-09-18|citilink:309_0|3378|1
2026-09-01|citilink:309_0|3503|1
2026-10-03|citilink:309_0|3128|1
2026-09-18|citilink:309_0|3378|1
2026-09-01|citilink:309_0|3503|1
2026-10-03|citilink:309_0|3128|1
2026-09-18|citilink:309_0|3378|1
2026-09-01|citilink:309_0|3503|1
2026-08-04|citilink:309_0|165877|1
2026-09-03|citilink:309_0|159734|1
2026-10-03|citilink:309_0|153590|1
