2026-10-03|citilink:53_0|77063|1
2026-09-18|citilink:53_0|83228|1
2026-09-03|citilink:53_0|86311|1
2026-10-03|citilink:53_0|66458|1
2026-09-18|citilink:53_0|71775|1
2026-09-03|citilink:53_0|74433|1
2026-10-03|citilink:53_0|70700|1
2026-09-18|citilink:53_0|76356|1
2026-09-01|citilink:53_0|79184|1
2026-10-03|citilink:53_0|70700|1
2026-09-18|citilink:53_0|76356|1
2026-09-01|citilink:53_0|79184|1
2026-10-03|citilink:53_0|70700|1
2026-09-18|citilink:53_0|76356|1
2026-09-01|citilink:53_0|79184|1
2026-10-03|citilink:53_0|70700|1
2026-09-18|citilink:53_0|76356|1
2026-09-01|citilink:53_0|79184|1
2026-08-04|citilink:53_0|21374|1
2026-09-03|citilink:53_0|20583|1
2026-10-03|citilink:53_0|19791|1
