2026-10-03|citilink:342_0|25830|1
2026-09-18|citilink:342_0|27896|1
2026-09-03|citilink:342_0|28930|1
2026-10-03|citilink:342_0|27839|1
2026-09-18|citilink:342_0|30066|1
2026-09-03|citilink:342_0|31180|1
2026-10-03|citilink:342_0|27839|1
2026-09-18|citilink:342_0|30066|1
2026-09-01|citilink:342_0|31180|1
2026-10-03|citilink:342_0|27839|1
2026-09-18|citilink:342_0|30066|1
2026-09-01|citilink:342_0|31180|1
2026-10-03|citilink:342_0|27839|1
2026-09-18|citilink:342_0|30066|1
2026-09-01|citilink:342_0|31180|1
2026-10-03|citilink:342_0|27839|1
2026-09-18|citilink:342_0|30066|1
2026-09-01|citilink:342_0|31180|1
2026-08-04|citilink:342_0|112483|1
2026-09-03|citilink:342_0|108317|1
2026-10-03|citilink:342_0|104151|1
2026-08-04|citilink:342_0|178773|1
2026-09-03|citilink:342_0|172152|1
2026-10-03|citilink:342_0|165531|1
2026-08-04|citilink:342_0|178773|1
2026-09-03|citilink:342_0|172152|1
2026-10-03|citilink:342_0|165531|1
