2026-10-03|citilink:86_0|30738|1
2026-09-18|citilink:86_0|33197|1
2026-09-03|citilink:86_0|34427|1
2026-10-03|citilink:86_0|31065|1
2026-09-18|citilink:86_0|33550|1
2026-09-03|citilink:86_0|34793|1
2026-10-03|citilink:86_0|30084|1
2026-09-18|citilink:86_0|32491|1
2026-09-01|citilink:86_0|33694|1
2026-10-03|citilink:86_0|30084|1
2026-09-18|citilink:86_0|32491|1
2026-09-01|citilink:86_0|33694|1
2026-10-03|citilink:86_0|30084|1
2026-09-18|citilink:86_0|32491|1
2026-09-01|citilink:86_0|33694|1
2026-10-03|citilink:86_0|30084|1
2026-09-18|citilink:86_0|32491|1
2026-09-01|citilink:86_0|33694|1
2026-08-04|citilink:86_0|26321|1
2026-09-03|citilink:86_0|25346|1
2026-10-03|citilink:86_0|24371|1
2026-08-04|citilink:86_0|17875|1
2026-09-03|citilink:86_0|17213|1
2026-10-03|citilink:86_0|16551|1
2026-08-04|citilink:86_0|17875|1
2026-09-03|citilink:86_0|17213|1
2026-10-03|citilink:86_0|16551|1
2026-08-04|citilink:86_0|62090|1
2026-09-03|citilink:86_0|59791|1
2026-10-03|citilink:86_0|57491|1
