2026-10-03|citilink:132_0|50127|1
2026-09-18|citilink:132_0|54137|1
2026-09-03|citilink:132_0|56142|1
2026-10-03|citilink:132_0|50127|1
2026-09-18|citilink:132_0|54137|1
2026-09-03|citilink:132_0|56142|1
2026-10-03|citilink:132_0|48510|1
2026-09-18|citilink:132_0|52391|1
2026-09-01|citilink:132_0|54331|1
2026-10-03|citilink:132_0|48510|1
2026-09-18|citilink:132_0|52391|1
2026-09-01|citilink:132_0|54331|1
2026-10-03|citilink:132_0|48510|1
2026-09-18|citilink:132_0|52391|1
2026-09-01|citilink:132_0|54331|1
2026-10-03|citilink:132_0|48510|1
2026-09-18|citilink:132_0|52391|1
2026-09-01|citilink:132_0|54331|1
2026-08-04|citilink:132_0|118509|1
2026-09-03|citilink:132_0|114120|1
2026-10-03|citilink:132_0|109731|1
2026-08-04|citilink:132_0|24096|1
2026-09-03|citilink:132_0|23203|1
2026-10-03|citilink:132_0|22311|1
2026-08-04|citilink:132_0|24096|1
2026-09-03|citilink:132_0|23203|1
2026-10-03|citilink:132_0|22311|1
2026-08-04|citilink:132_0|46193|1
2026-09-03|citilink:132_0|44482|1
2026-10-03|citilink:132_0|42771|1
