2026-10-03|citilink:388_0|49050|1
2026-09-18|citilink:388_0|52974|1
2026-09-03|citilink:388_0|54936|1
2026-10-03|citilink:388_0|49050|1
2026-09-18|citilink:388_0|52974|1
2026-09-03|citilink:388_0|54936|1
2026-10-03|citilink:388_0|51230|1
2026-09-18|citilink:388_0|55328|1
2026-09-01|citilink:388_0|57378|1
2026-10-03|citilink:388_0|51230|1
2026-09-18|citilink:388_0|55328|1
2026-09-01|citilink:388_0|57378|1
2026-10-03|citilink:388_0|51230|1
2026-09-18|citilink:388_0|55328|1
2026-09-01|citilink:388_0|57378|1
2026-10-03|citilink:388_0|51230|1
2026-09-18|citilink:388_0|55328|1
2026-09-01|citilink:388_0|57378|1
2026-08-04|citilink:388_0|146427|1
2026-09-03|citilink:388_0|141004|1
2026-10-03|citilink:388_0|135581|1
2026-08-04|citilink:388_0|216206|1
2026-09-03|citilink:388_0|208199|1
2026-10-03|citilink:388_0|200191|1
2026-08-04|citilink:388_0|216206|1
2026-09-03|citilink:388_0|208199|1
2026-10-03|citilink:388_0|200191|1
2026-08-04|citilink:388_0|51096|1
2026-09-03|citilink:388_0|49203|1
2026-10-03|citilink:388_0|47311|1
2026-08-04|citilink:388_0|47727|1
2026-09-03|citilink:388_0|45960|1
2026-10-03|citilink:388_0|44192|1
2026-08-04|citilink:388_0|39465|1
2026-09-03|citilink:388_0|38004|1
2026-10-03|citilink:388_0|36542|1
