2026-10-03|citilink:222_0|53214|1
2026-09-18|citilink:222_0|57471|1
2026-09-03|citilink:222_0|59600|1
2026-10-03|citilink:222_0|52671|1
2026-09-18|citilink:222_0|56885|1
2026-09-03|citilink:222_0|58992|1
2026-10-03|citilink:222_0|51585|1
2026-09-18|citilink:222_0|55712|1
2026-09-01|citilink:222_0|57775|1
2026-10-03|citilink:222_0|51585|1
2026-09-18|citilink:222_0|55712|1
2026-09-01|citilink:222_0|57775|1
2026-10-03|citilink:222_0|51585|1
2026-09-18|citilink:222_0|55712|1
2026-09-01|citilink:222_0|57775|1
2026-10-03|citilink:222_0|51585|1
2026-09-18|citilink:222_0|55712|1
2026-09-01|citilink:222_0|57775|1
2026-08-04|citilink:222_0|113261|1
2026-09-03|citilink:222_0|109066|1
2026-10-03|citilink:222_0|104871|1
2026-08-04|citilink:222_0|33773|1
2026-09-03|citilink:222_0|32522|1
2026-10-03|citilink:222_0|31271|1
