2026-10-03|citilink:478_0|51606|1
2026-09-18|citilink:478_0|55734|1
2026-09-03|citilink:478_0|57799|1
2026-10-03|citilink:478_0|49959|1
2026-09-18|citilink:478_0|53956|1
2026-09-03|citilink:478_0|55954|1
2026-10-03|citilink:478_0|54900|1
2026-09-18|citilink:478_0|59292|1
2026-09-01|citilink:478_0|61488|1
2026-10-03|citilink:478_0|54900|1
2026-09-18|citilink:478_0|59292|1
2026-09-01|citilink:478_0|61488|1
2026-10-03|citilink:478_0|54900|1
2026-09-18|citilink:478_0|59292|1
2026-09-01|citilink:478_0|61488|1
2026-10-03|citilink:478_0|54900|1
2026-09-18|citilink:478_0|59292|1
2026-09-01|citilink:478_0|61488|1
2026-08-04|citilink:478_0|140930|1
2026-09-03|citilink:478_0|135711|1
2026-10-03|citilink:478_0|130491|1
2026-08-04|citilink:478_0|14570|1
2026-09-03|citilink:478_0|14031|1
2026-10-03|citilink:478_0|13491|1
2026-08-04|citilink:478_0|14570|1
2026-09-03|citilink:478_0|14031|1
2026-10-03|citilink:478_0|13491|1
2026-08-04|citilink:478_0|60740|1
2026-09-03|citilink:478_0|58491|1
2026-10-03|citilink:478_0|56241|1
2026-08-04|citilink:478_0|56016|1
2026-09-03|citilink:478_0|53942|1
2026-10-03|citilink:478_0|51867|1
2026-08-04|citilink:478_0|51983|1
2026-09-03|citilink:478_0|50057|1
2026-10-03|citilink:478_0|48132|1
2026-08-04|citilink:478_0|53881|1
2026-09-03|citilink:478_0|51886|1
2026-10-03|citilink:478_0|49890|1
