2026-10-03|citilink:28_0|50141|1
2026-09-18|citilink:28_0|54152|1
2026-09-03|citilink:28_0|56158|1
2026-10-03|citilink:28_0|53998|1
2026-09-18|citilink:28_0|58318|1
2026-09-03|citilink:28_0|60478|1
2026-10-03|citilink:28_0|54549|1
2026-09-18|citilink:28_0|58913|1
2026-09-01|citilink:28_0|61095|1
2026-10-03|citilink:28_0|54549|1
2026-09-18|citilink:28_0|58913|1
2026-09-01|citilink:28_0|61095|1
2026-10-03|citilink:28_0|54549|1
2026-09-18|citilink:28_0|58913|1
2026-09-01|citilink:28_0|61095|1
2026-10-03|citilink:28_0|54549|1
2026-09-18|citilink:28_0|58913|1
2026-09-01|citilink:28_0|61095|1
2026-08-04|citilink:28_0|150325|1
2026-09-03|citilink:28_0|144758|1
2026-10-03|citilink:28_0|139190|1
