2026-10-03|citilink:284_0|107601|1
2026-09-18|citilink:284_0|116209|1
2026-09-03|citilink:284_0|120513|1
2026-10-03|citilink:284_0|116857|1
2026-09-18|citilink:284_0|126206|1
2026-09-03|citilink:284_0|130880|1
2026-10-03|citilink:284_0|105287|1
2026-09-18|citilink:284_0|113710|1
2026-09-01|citilink:284_0|117921|1
2026-10-03|citilink:284_0|105287|1
2026-09-18|citilink:284_0|113710|1
2026-09-01|citilink:284_0|117921|1
2026-10-03|citilink:284_0|105287|1
2026-09-18|citilink:284_0|113710|1
2026-09-01|citilink:284_0|117921|1
2026-10-03|citilink:284_0|105287|1
2026-09-18|citilink:284_0|113710|1
2026-09-01|citilink:284_0|117921|1
2026-08-04|citilink:284_0|119546|1
2026-09-03|citilink:284_0|115119|1
2026-10-03|citilink:284_0|110691|1
2026-08-04|citilink:284_0|11654|1
2026-09-03|citilink:284_0|11223|1
2026-10-03|citilink:284_0|10791|1
2026-08-04|citilink:284_0|11654|1
2026-09-03|citilink:284_0|11223|1
2026-10-03|citilink:284_0|10791|1
