2026-10-03|citilink:116_0|81090|1
2026-09-18|citilink:116_0|87577|1
2026-09-03|citilink:116_0|90821|1
2026-10-03|citilink:116_0|94605|1
2026-09-18|citilink:116_0|102173|1
2026-09-03|citilink:116_0|105958|1
2026-10-03|citilink:116_0|81090|1
2026-09-18|citilink:116_0|87577|1
2026-09-01|citilink:116_0|90821|1
2026-10-03|citilink:116_0|81090|1
2026-09-18|citilink:116_0|87577|1
2026-09-01|citilink:116_0|90821|1
2026-10-03|citilink:116_0|81090|1
2026-09-18|citilink:116_0|87577|1
2026-09-01|citilink:116_0|90821|1
2026-10-03|citilink:116_0|81090|1
2026-09-18|citilink:116_0|87577|1
2026-09-01|citilink:116_0|90821|1
2026-08-04|citilink:116_0|30154|1
2026-09-03|citilink:116_0|29037|1
2026-10-03|citilink:116_0|27920|1
