2026-10-03|citilink:372_0|23959|1
2026-09-18|citilink:372_0|25876|1
2026-09-03|citilink:372_0|26834|1
2026-10-03|citilink:372_0|23218|1
2026-09-18|citilink:372_0|25075|1
2026-09-03|citilink:372_0|26004|1
2026-10-03|citilink:372_0|23218|1
2026-09-18|citilink:372_0|25075|1
2026-09-01|citilink:372_0|26004|1
2026-10-03|citilink:372_0|23218|1
2026-09-18|citilink:372_0|25075|1
2026-09-01|citilink:372_0|26004|1
2026-10-03|citilink:372_0|23218|1
2026-09-18|citilink:372_0|25075|1
2026-09-01|citilink:372_0|26004|1
2026-10-03|citilink:372_0|23218|1
2026-09-18|citilink:372_0|25075|1
2026-09-01|citilink:372_0|26004|1
2026-08-04|citilink:372_0|113261|1
2026-09-03|citilink:372_0|109066|1
2026-10-03|citilink:372_0|104871|1
2026-08-04|citilink:372_0|11417|1
2026-09-03|citilink:372_0|10994|1
2026-10-03|citilink:372_0|10571|1
2026-08-04|citilink:372_0|11417|1
2026-09-03|citilink:372_0|10994|1
2026-10-03|citilink:372_0|10571|1
2026-08-04|citilink:372_0|48677|1
2026-09-03|citilink:372_0|46874|1
2026-10-03|citilink:372_0|45071|1
2026-08-04|citilink:372_0|52380|1
2026-09-03|citilink:372_0|50440|1
2026-10-03|citilink:372_0|48500|1
2026-08-04|citilink:372_0|45965|1
2026-09-03|citilink:372_0|44262|1
2026-10-03|citilink:372_0|42560|1
2026-08-04|citilink:372_0|47833|1
2026-09-03|citilink:372_0|46062|1
2026-10-03|citilink:372_0|44290|1
