2026-10-03|citilink:386_0|44982|1
2026-09-18|citilink:386_0|48581|1
2026-09-03|citilink:386_0|50380|1
2026-10-03|citilink:386_0|42777|1
2026-09-18|citilink:386_0|46199|1
2026-09-03|citilink:386_0|47910|1
2026-10-03|citilink:386_0|40572|1
2026-09-18|citilink:386_0|43818|1
2026-09-01|citilink:386_0|45441|1
2026-10-03|citilink:386_0|40572|1
2026-09-18|citilink:386_0|43818|1
2026-09-01|citilink:386_0|45441|1
2026-10-03|citilink:386_0|40572|1
2026-09-18|citilink:386_0|43818|1
2026-09-01|citilink:386_0|45441|1
2026-10-03|citilink:386_0|40572|1
2026-09-18|citilink:386_0|43818|1
2026-09-01|citilink:386_0|45441|1
2026-08-04|citilink:386_0|25748|1
2026-09-03|citilink:386_0|24795|1
2026-10-03|citilink:386_0|23841|1
2026-08-04|citilink:386_0|11654|1
2026-09-03|citilink:386_0|11223|1
2026-10-03|citilink:386_0|10791|1
2026-08-04|citilink:386_0|11654|1
2026-09-03|citilink:386_0|11223|1
2026-10-03|citilink:386_0|10791|1
2026-08-04|citilink:386_0|19916|1
2026-09-03|citilink:386_0|19179|1
2026-10-03|citilink:386_0|18441|1
2026-08-04|citilink:386_0|21244|1
2026-09-03|citilink:386_0|20457|1
2026-10-03|citilink:386_0|19670|1
2026-08-04|citilink:386_0|11912|1
2026-09-03|citilink:386_0|11471|1
2026-10-03|citilink:386_0|11030|1
2026-08-04|citilink:386_0|11653|1
2026-09-03|citilink:386_0|11222|1
2026-10-03|citilink:386_0|10790|1
