2026-10-03|citilink:351_0|18109|1
2026-09-18|citilink:351_0|19558|1
2026-09-03|citilink:351_0|20282|1
2026-10-03|citilink:351_0|18308|1
2026-09-18|citilink:351_0|19773|1
2026-09-03|citilink:351_0|20505|1
2026-10-03|citilink:351_0|19303|1
2026-09-18|citilink:351_0|20847|1
2026-09-01|citilink:351_0|21619|1
2026-10-03|citilink:351_0|19303|1
2026-09-18|citilink:351_0|20847|1
2026-09-01|citilink:351_0|21619|1
2026-10-03|citilink:351_0|19303|1
2026-09-18|citilink:351_0|20847|1
2026-09-01|citilink:351_0|21619|1
2026-10-03|citilink:351_0|19303|1
2026-09-18|citilink:351_0|20847|1
2026-09-01|citilink:351_0|21619|1
2026-08-04|citilink:351_0|47683|1
2026-09-03|citilink:351_0|45917|1
2026-10-03|citilink:351_0|44151|1
2026-08-04|citilink:351_0|77491|1
2026-09-03|citilink:351_0|74621|1
2026-10-03|citilink:351_0|71751|1
2026-08-04|citilink:351_0|77491|1
2026-09-03|citilink:351_0|74621|1
2026-10-03|citilink:351_0|71751|1
2026-08-04|citilink:351_0|22843|1
2026-09-03|citilink:351_0|21997|1
2026-10-03|citilink:351_0|21151|1
2026-08-04|citilink:351_0|25078|1
2026-09-03|citilink:351_0|24149|1
2026-10-03|citilink:351_0|23220|1
