2026-10-03|citilink:95_0|68523|1
2026-09-18|citilink:95_0|74005|1
2026-09-03|citilink:95_0|76746|1
2026-10-03|citilink:95_0|72288|1
2026-09-18|citilink:95_0|78071|1
2026-09-03|citilink:95_0|80963|1
2026-10-03|citilink:95_0|70029|1
2026-09-18|citilink:95_0|75631|1
2026-09-01|citilink:95_0|78432|1
2026-10-03|citilink:95_0|70029|1
2026-09-18|citilink:95_0|75631|1
2026-09-01|citilink:95_0|78432|1
2026-10-03|citilink:95_0|70029|1
2026-09-18|citilink:95_0|75631|1
2026-09-01|citilink:95_0|78432|1
2026-10-03|citilink:95_0|70029|1
2026-09-18|citilink:95_0|75631|1
2026-09-01|citilink:95_0|78432|1
2026-08-04|citilink:95_0|73862|1
2026-09-03|citilink:95_0|71127|1
2026-10-03|citilink:95_0|68391|1
