2026-10-03|citilink:245_0|9025|1
2026-09-18|citilink:245_0|9747|1
2026-09-03|citilink:245_0|10108|1
2026-10-03|citilink:245_0|8740|1
2026-09-18|citilink:245_0|9439|1
2026-09-03|citilink:245_0|9789|1
2026-10-03|citilink:245_0|8930|1
2026-09-18|citilink:245_0|9644|1
2026-09-01|citilink:245_0|10002|1
2026-10-03|citilink:245_0|8930|1
2026-09-18|citilink:245_0|9644|1
2026-09-01|citilink:245_0|10002|1
2026-10-03|citilink:245_0|8930|1
2026-09-18|citilink:245_0|9644|1
2026-09-01|citilink:245_0|10002|1
2026-10-03|citilink:245_0|8930|1
2026-09-18|citilink:245_0|9644|1
2026-09-01|citilink:245_0|10002|1
2026-08-04|citilink:245_0|76325|1
2026-09-03|citilink:245_0|73498|1
2026-10-03|citilink:245_0|70671|1
