2026-10-03|citilink:496_0|170190|1
2026-09-18|citilink:496_0|183805|1
2026-09-03|citilink:496_0|190613|1
2026-10-03|citilink:496_0|189100|1
2026-09-18|citilink:496_0|204228|1
2026-09-03|citilink:496_0|211792|1
2026-10-03|citilink:496_0|189100|1
2026-09-18|citilink:496_0|204228|1
2026-09-01|citilink:496_0|211792|1
2026-10-03|citilink:496_0|189100|1
2026-09-18|citilink:496_0|204228|1
2026-09-01|citilink:496_0|211792|1
2026-10-03|citilink:496_0|189100|1
2026-09-18|citilink:496_0|204228|1
2026-09-01|citilink:496_0|211792|1
2026-10-03|citilink:496_0|189100|1
2026-09-18|citilink:496_0|204228|1
2026-09-01|citilink:496_0|211792|1
2026-08-04|citilink:496_0|130292|1
2026-09-03|citilink:496_0|125467|1
2026-10-03|citilink:496_0|120641|1
2026-08-04|citilink:496_0|135422|1
2026-09-03|citilink:496_0|130407|1
2026-10-03|citilink:496_0|125391|1
2026-08-04|citilink:496_0|135422|1
2026-09-03|citilink:496_0|130407|1
2026-10-03|citilink:496_0|125391|1
