2026-10-03|citilink:356_0|34553|1
2026-09-18|citilink:356_0|37317|1
2026-09-03|citilink:356_0|38699|1
2026-10-03|citilink:356_0|29798|1
2026-09-18|citilink:356_0|32182|1
2026-09-03|citilink:356_0|33374|1
2026-10-03|citilink:356_0|30115|1
2026-09-18|citilink:356_0|32524|1
2026-09-01|citilink:356_0|33729|1
2026-10-03|citilink:356_0|30115|1
2026-09-18|citilink:356_0|32524|1
2026-09-01|citilink:356_0|33729|1
2026-10-03|citilink:356_0|30115|1
2026-09-18|citilink:356_0|32524|1
2026-09-01|citilink:356_0|33729|1
2026-10-03|citilink:356_0|30115|1
2026-09-18|citilink:356_0|32524|1
2026-09-01|citilink:356_0|33729|1
2026-08-04|citilink:356_0|24333|1
2026-09-03|citilink:356_0|23432|1
2026-10-03|citilink:356_0|22531|1
2026-08-04|citilink:356_0|31785|1
2026-09-03|citilink:356_0|30608|1
2026-10-03|citilink:356_0|29431|1
2026-08-04|citilink:356_0|31785|1
2026-09-03|citilink:356_0|30608|1
2026-10-03|citilink:356_0|29431|1
2026-08-04|citilink:356_0|45696|1
2026-09-03|citilink:356_0|44003|1
2026-10-03|citilink:356_0|42311|1
