2026-10-03|citilink:304_0|128997|1
2026-09-18|citilink:304_0|139317|1
2026-09-03|citilink:304_0|144477|1
2026-10-03|citilink:304_0|117270|1
2026-09-18|citilink:304_0|126652|1
2026-09-03|citilink:304_0|131342|1
2026-10-03|citilink:304_0|138118|1
2026-09-18|citilink:304_0|149167|1
2026-09-01|citilink:304_0|154692|1
2026-10-03|citilink:304_0|138118|1
2026-09-18|citilink:304_0|149167|1
2026-09-01|citilink:304_0|154692|1
2026-10-03|citilink:304_0|138118|1
2026-09-18|citilink:304_0|149167|1
2026-09-01|citilink:304_0|154692|1
2026-10-03|citilink:304_0|138118|1
2026-09-18|citilink:304_0|149167|1
2026-09-01|citilink:304_0|154692|1
2026-08-04|citilink:304_0|95322|1
2026-09-03|citilink:304_0|91791|1
2026-10-03|citilink:304_0|88261|1
2026-08-04|citilink:304_0|31440|1
2026-09-03|citilink:304_0|30275|1
2026-10-03|citilink:304_0|29111|1
2026-08-04|citilink:304_0|31440|1
2026-09-03|citilink:304_0|30275|1
2026-10-03|citilink:304_0|29111|1
2026-08-04|citilink:304_0|31440|1
2026-09-03|citilink:304_0|30275|1
2026-10-03|citilink:304_0|29111|1
2026-08-04|citilink:304_0|28331|1
2026-09-03|citilink:304_0|27281|1
2026-10-03|citilink:304_0|26232|1
2026-08-04|citilink:304_0|25674|1
2026-09-03|citilink:304_0|24723|1
2026-10-03|citilink:304_0|23772|1
