2026-10-03|citilink:235_0|103230|1
2026-09-18|citilink:235_0|111488|1
2026-09-03|citilink:235_0|115618|1
2026-10-03|citilink:235_0|107818|1
2026-09-18|citilink:235_0|116443|1
2026-09-03|citilink:235_0|120756|1
2026-10-03|citilink:235_0|112406|1
2026-09-18|citilink:235_0|121398|1
2026-09-01|citilink:235_0|125895|1
2026-10-03|citilink:235_0|112406|1
2026-09-18|citilink:235_0|121398|1
2026-09-01|citilink:235_0|125895|1
2026-10-03|citilink:235_0|112406|1
2026-09-18|citilink:235_0|121398|1
2026-09-01|citilink:235_0|125895|1
2026-10-03|citilink:235_0|112406|1
2026-09-18|citilink:235_0|121398|1
2026-09-01|citilink:235_0|125895|1
2026-08-04|citilink:235_0|35859|1
2026-09-03|citilink:235_0|34531|1
2026-10-03|citilink:235_0|33203|1
2026-08-04|citilink:235_0|17453|1
2026-09-03|citilink:235_0|16806|1
2026-10-03|citilink:235_0|16160|1
2026-08-04|citilink:235_0|17453|1
2026-09-03|citilink:235_0|16806|1
2026-10-03|citilink:235_0|16160|1
2026-08-04|citilink:235_0|20285|1
2026-09-03|citilink:235_0|19533|1
2026-10-03|citilink:235_0|18782|1
2026-08-04|citilink:235_0|19959|1
2026-09-03|citilink:235_0|19220|1
2026-10-03|citilink:235_0|18481|1
2026-08-04|citilink:235_0|18566|1
2026-09-03|citilink:235_0|17879|1
2026-10-03|citilink:235_0|17191|1
2026-08-04|citilink:235_0|18781|1
2026-09-03|citilink:235_0|18086|1
2026-10-03|citilink:235_0|17390|1
