2026-10-03|citilink:320_0|65645|1
2026-09-18|citilink:320_0|70897|1
2026-09-03|citilink:320_0|73522|1
2026-10-03|citilink:320_0|63572|1
2026-09-18|citilink:320_0|68658|1
2026-09-03|citilink:320_0|71201|1
2026-10-03|citilink:320_0|64263|1
2026-09-18|citilink:320_0|69404|1
2026-09-01|citilink:320_0|71975|1
2026-10-03|citilink:320_0|64263|1
2026-09-18|citilink:320_0|69404|1
2026-09-01|citilink:320_0|71975|1
2026-10-03|citilink:320_0|64263|1
2026-09-18|citilink:320_0|69404|1
2026-09-01|citilink:320_0|71975|1
2026-10-03|citilink:320_0|64263|1
2026-09-18|citilink:320_0|69404|1
2026-09-01|citilink:320_0|71975|1
2026-08-04|citilink:320_0|176894|1
2026-09-03|citilink:320_0|170343|1
2026-10-03|citilink:320_0|163791|1
2026-08-04|citilink:320_0|24560|1
2026-09-03|citilink:320_0|23651|1
2026-10-03|citilink:320_0|22741|1
2026-08-04|citilink:320_0|24560|1
2026-09-03|citilink:320_0|23651|1
2026-10-03|citilink:320_0|22741|1
2026-08-04|citilink:320_0|34388|1
2026-09-03|citilink:320_0|33115|1
2026-10-03|citilink:320_0|31841|1
2026-08-04|citilink:320_0|36277|1
2026-09-03|citilink:320_0|34934|1
2026-10-03|citilink:320_0|33590|1
2026-08-04|citilink:320_0|30056|1
2026-09-03|citilink:320_0|28943|1
2026-10-03|citilink:320_0|27830|1
