2026-10-03|citilink:153_0|38855|1
2026-09-18|citilink:153_0|41963|1
2026-09-03|citilink:153_0|43518|1
2026-10-03|citilink:153_0|38855|1
2026-09-18|citilink:153_0|41963|1
2026-09-03|citilink:153_0|43518|1
2026-10-03|citilink:153_0|40491|1
2026-09-18|citilink:153_0|43730|1
2026-09-01|citilink:153_0|45350|1
2026-10-03|citilink:153_0|40491|1
2026-09-18|citilink:153_0|43730|1
2026-09-01|citilink:153_0|45350|1
2026-10-03|citilink:153_0|40491|1
2026-09-18|citilink:153_0|43730|1
2026-09-01|citilink:153_0|45350|1
2026-10-03|citilink:153_0|40491|1
2026-09-18|citilink:153_0|43730|1
2026-09-01|citilink:153_0|45350|1
2026-08-04|citilink:153_0|132289|1
2026-09-03|citilink:153_0|127390|1
2026-10-03|citilink:153_0|122490|1
2026-08-04|citilink:153_0|65610|1
2026-09-03|citilink:153_0|63180|1
2026-10-03|citilink:153_0|60750|1
2026-08-04|citilink:153_0|65610|1
2026-09-03|citilink:153_0|63180|1
2026-10-03|citilink:153_0|60750|1
2026-08-04|citilink:153_0|57672|1
2026-09-03|citilink:153_0|55536|1
2026-10-03|citilink:153_0|53400|1
2026-08-04|citilink:153_0|59438|1
2026-09-03|citilink:153_0|57236|1
2026-10-03|citilink:153_0|55035|1
