2026-10-03|citilink:409_0|97129|1
2026-09-18|citilink:409_0|104899|1
2026-09-03|citilink:409_0|108784|1
2026-10-03|citilink:409_0|99958|1
2026-09-18|citilink:409_0|107955|1
2026-09-03|citilink:409_0|111953|1
2026-10-03|citilink:409_0|85813|1
2026-09-18|citilink:409_0|92678|1
2026-09-01|citilink:409_0|96111|1
2026-10-03|citilink:409_0|85813|1
2026-09-18|citilink:409_0|92678|1
2026-09-01|citilink:409_0|96111|1
2026-10-03|citilink:409_0|85813|1
2026-09-18|citilink:409_0|92678|1
2026-09-01|citilink:409_0|96111|1
2026-10-03|citilink:409_0|85813|1
2026-09-18|citilink:409_0|92678|1
2026-09-01|citilink:409_0|96111|1
2026-08-04|citilink:409_0|290899|1
2026-09-03|citilink:409_0|280125|1
2026-10-03|citilink:409_0|269351|1
