2026-10-03|citilink:349_0|83260|1
2026-09-18|citilink:349_0|89921|1
2026-09-03|citilink:349_0|93251|1
2026-10-03|citilink:349_0|84165|1
2026-09-18|citilink:349_0|90898|1
2026-09-03|citilink:349_0|94265|1
2026-10-03|citilink:349_0|86880|1
2026-09-18|citilink:349_0|93830|1
2026-09-01|citilink:349_0|97306|1
2026-10-03|citilink:349_0|86880|1
2026-09-18|citilink:349_0|93830|1
2026-09-01|citilink:349_0|97306|1
2026-10-03|citilink:349_0|86880|1
2026-09-18|citilink:349_0|93830|1
2026-09-01|citilink:349_0|97306|1
2026-10-03|citilink:349_0|86880|1
2026-09-18|citilink:349_0|93830|1
2026-09-01|citilink:349_0|97306|1
2026-08-04|citilink:349_0|286968|1
2026-09-03|citilink:349_0|276339|1
2026-10-03|citilink:349_0|265711|1
2026-08-04|citilink:349_0|170015|1
2026-09-03|citilink:349_0|163718|1
2026-10-03|citilink:349_0|157421|1
2026-08-04|citilink:349_0|170015|1
2026-09-03|citilink:349_0|163718|1
2026-10-03|citilink:349_0|157421|1
2026-08-04|citilink:349_0|55518|1
2026-09-03|citilink:349_0|53462|1
2026-10-03|citilink:349_0|51406|1
2026-08-04|citilink:349_0|52467|1
2026-09-03|citilink:349_0|50524|1
2026-10-03|citilink:349_0|48581|1
