2026-10-03|citilink:93_0|15190|1
2026-09-18|citilink:93_0|16405|1
2026-09-03|citilink:93_0|17013|1
2026-10-03|citilink:93_0|14260|1
2026-09-18|citilink:93_0|15401|1
2026-09-03|citilink:93_0|15971|1
2026-10-03|citilink:93_0|14105|1
2026-09-18|citilink:93_0|15233|1
2026-09-01|citilink:93_0|15798|1
2026-10-03|citilink:93_0|14105|1
2026-09-18|citilink:93_0|15233|1
2026-09-01|citilink:93_0|15798|1
2026-10-03|citilink:93_0|14105|1
2026-09-18|citilink:93_0|15233|1
2026-09-01|citilink:93_0|15798|1
2026-10-03|citilink:93_0|14105|1
2026-09-18|citilink:93_0|15233|1
2026-09-01|citilink:93_0|15798|1
2026-08-04|citilink:93_0|131567|1
2026-09-03|citilink:93_0|126694|1
2026-10-03|citilink:93_0|121821|1
2026-08-04|citilink:93_0|37153|1
2026-09-03|citilink:93_0|35777|1
2026-10-03|citilink:93_0|34401|1
2026-08-04|citilink:93_0|37153|1
2026-09-03|citilink:93_0|35777|1
2026-10-03|citilink:93_0|34401|1
2026-08-04|citilink:93_0|61259|1
2026-09-03|citilink:93_0|58990|1
2026-10-03|citilink:93_0|56721|1
