2026-10-03|citilink:23_0|61061|1
2026-09-18|citilink:23_0|65946|1
2026-09-03|citilink:23_0|68388|1
2026-10-03|citilink:23_0|61061|1
2026-09-18|citilink:23_0|65946|1
2026-09-03|citilink:23_0|68388|1
2026-10-03|citilink:23_0|60390|1
2026-09-18|citilink:23_0|65221|1
2026-09-01|citilink:23_0|67637|1
2026-10-03|citilink:23_0|60390|1
2026-09-18|citilink:23_0|65221|1
2026-09-01|citilink:23_0|67637|1
2026-10-03|citilink:23_0|60390|1
2026-09-18|citilink:23_0|65221|1
2026-09-01|citilink:23_0|67637|1
2026-10-03|citilink:23_0|60390|1
2026-09-18|citilink:23_0|65221|1
2026-09-01|citilink:23_0|67637|1
2026-08-04|citilink:23_0|19646|1
2026-09-03|citilink:23_0|18919|1
2026-10-03|citilink:23_0|18191|1
2026-08-04|citilink:23_0|117926|1
2026-09-03|citilink:23_0|113559|1
2026-10-03|citilink:23_0|109191|1
2026-08-04|citilink:23_0|117926|1
2026-09-03|citilink:23_0|113559|1
2026-10-03|citilink:23_0|109191|1
2026-08-04|citilink:23_0|24069|1
2026-09-03|citilink:23_0|23177|1
2026-10-03|citilink:23_0|22286|1
2026-08-04|citilink:23_0|25655|1
2026-09-03|citilink:23_0|24705|1
2026-10-03|citilink:23_0|23755|1
2026-08-04|citilink:23_0|22513|1
2026-09-03|citilink:23_0|21679|1
2026-10-03|citilink:23_0|20845|1
