2026-10-03|citilink:279_0|48484|1
2026-09-18|citilink:279_0|52363|1
2026-09-03|citilink:279_0|54302|1
2026-10-03|citilink:279_0|47430|1
2026-09-18|citilink:279_0|51224|1
2026-09-03|citilink:279_0|53122|1
2026-10-03|citilink:279_0|49011|1
2026-09-18|citilink:279_0|52932|1
2026-09-01|citilink:279_0|54892|1
2026-10-03|citilink:279_0|49011|1
2026-09-18|citilink:279_0|52932|1
2026-09-01|citilink:279_0|54892|1
2026-10-03|citilink:279_0|49011|1
2026-09-18|citilink:279_0|52932|1
2026-09-01|citilink:279_0|54892|1
2026-10-03|citilink:279_0|49011|1
2026-09-18|citilink:279_0|52932|1
2026-09-01|citilink:279_0|54892|1
2026-08-04|citilink:279_0|160293|1
2026-09-03|citilink:279_0|154356|1
2026-10-03|citilink:279_0|148419|1
2026-08-04|citilink:279_0|34341|1
2026-09-03|citilink:279_0|33069|1
2026-10-03|citilink:279_0|31797|1
2026-08-04|citilink:279_0|34341|1
2026-09-03|citilink:279_0|33069|1
2026-10-03|citilink:279_0|31797|1
2026-08-04|citilink:279_0|29093|1
2026-09-03|citilink:279_0|28016|1
2026-10-03|citilink:279_0|26938|1
2026-08-04|citilink:279_0|27990|1
2026-09-03|citilink:279_0|26954|1
2026-10-03|citilink:279_0|25917|1
2026-08-04|citilink:279_0|19728|1
2026-09-03|citilink:279_0|18998|1
2026-10-03|citilink:279_0|18267|1
2026-08-04|citilink:279_0|19969|1
2026-09-03|citilink:279_0|19230|1
2026-10-03|citilink:279_0|18490|1
