2026-10-03|citilink:125_0|62730|1
2026-09-18|citilink:125_0|67748|1
2026-09-03|citilink:125_0|70258|1
2026-10-03|citilink:125_0|69700|1
2026-09-18|citilink:125_0|75276|1
2026-09-03|citilink:125_0|78064|1
2026-10-03|citilink:125_0|62730|1
2026-09-18|citilink:125_0|67748|1
2026-09-01|citilink:125_0|70258|1
2026-10-03|citilink:125_0|62730|1
2026-09-18|citilink:125_0|67748|1
2026-09-01|citilink:125_0|70258|1
2026-10-03|citilink:125_0|62730|1
2026-09-18|citilink:125_0|67748|1
2026-09-01|citilink:125_0|70258|1
2026-10-03|citilink:125_0|62730|1
2026-09-18|citilink:125_0|67748|1
2026-09-01|citilink:125_0|70258|1
2026-08-04|citilink:125_0|77491|1
2026-09-03|citilink:125_0|74621|1
2026-10-03|citilink:125_0|71751|1
2026-08-04|citilink:125_0|116241|1
2026-09-03|citilink:125_0|111936|1
2026-10-03|citilink:125_0|107631|1
2026-08-04|citilink:125_0|116241|1
2026-09-03|citilink:125_0|111936|1
2026-10-03|citilink:125_0|107631|1
2026-08-04|citilink:125_0|56129|1
2026-09-03|citilink:125_0|54050|1
2026-10-03|citilink:125_0|51971|1
2026-08-04|citilink:125_0|52467|1
2026-09-03|citilink:125_0|50524|1
2026-10-03|citilink:125_0|48581|1
