2026-10-03|citilink:148_0|143904|1
2026-09-18|citilink:148_0|155416|1
2026-09-03|citilink:148_0|161172|1
2026-10-03|citilink:148_0|146902|1
2026-09-18|citilink:148_0|158654|1
2026-09-03|citilink:148_0|164530|1
2026-10-03|citilink:148_0|134910|1
2026-09-18|citilink:148_0|145703|1
2026-09-01|citilink:148_0|151099|1
2026-10-03|citilink:148_0|134910|1
2026-09-18|citilink:148_0|145703|1
2026-09-01|citilink:148_0|151099|1
2026-10-03|citilink:148_0|134910|1
2026-09-18|citilink:148_0|145703|1
2026-09-01|citilink:148_0|151099|1
2026-10-03|citilink:148_0|134910|1
2026-09-18|citilink:148_0|145703|1
2026-09-01|citilink:148_0|151099|1
2026-08-04|citilink:148_0|153663|1
2026-09-03|citilink:148_0|147972|1
2026-10-03|citilink:148_0|142281|1
