2026-10-03|citilink:404_0|83260|1
2026-09-18|citilink:404_0|89921|1
2026-09-03|citilink:404_0|93251|1
2026-10-03|citilink:404_0|83260|1
2026-09-18|citilink:404_0|89921|1
2026-09-03|citilink:404_0|93251|1
2026-10-03|citilink:404_0|84165|1
2026-09-18|citilink:404_0|90898|1
2026-09-01|citilink:404_0|94265|1
2026-10-03|citilink:404_0|84165|1
2026-09-18|citilink:404_0|90898|1
2026-09-01|citilink:404_0|94265|1
2026-10-03|citilink:404_0|84165|1
2026-09-18|citilink:404_0|90898|1
2026-09-01|citilink:404_0|94265|1
2026-10-03|citilink:404_0|84165|1
2026-09-18|citilink:404_0|90898|1
2026-09-01|citilink:404_0|94265|1
2026-08-04|citilink:404_0|118909|1
2026-09-03|citilink:404_0|114505|1
2026-10-03|citilink:404_0|110101|1
2026-08-04|citilink:404_0|12767|1
2026-09-03|citilink:404_0|12294|1
2026-10-03|citilink:404_0|11821|1
