2026-10-03|citilink:124_0|133385|1
2026-09-18|citilink:124_0|144056|1
2026-09-03|citilink:124_0|149391|1
2026-10-03|citilink:124_0|116550|1
2026-09-18|citilink:124_0|125874|1
2026-09-03|citilink:124_0|130536|1
2026-10-03|citilink:124_0|124320|1
2026-09-18|citilink:124_0|134266|1
2026-09-01|citilink:124_0|139238|1
2026-10-03|citilink:124_0|124320|1
2026-09-18|citilink:124_0|134266|1
2026-09-01|citilink:124_0|139238|1
2026-10-03|citilink:124_0|124320|1
2026-09-18|citilink:124_0|134266|1
2026-09-01|citilink:124_0|139238|1
2026-10-03|citilink:124_0|124320|1
2026-09-18|citilink:124_0|134266|1
2026-09-01|citilink:124_0|139238|1
2026-08-04|citilink:124_0|102050|1
2026-09-03|citilink:124_0|98271|1
2026-10-03|citilink:124_0|94491|1
2026-08-04|citilink:124_0|108854|1
2026-09-03|citilink:124_0|104823|1
2026-10-03|citilink:124_0|100791|1
2026-08-04|citilink:124_0|108854|1
2026-09-03|citilink:124_0|104823|1
2026-10-03|citilink:124_0|100791|1
2026-08-04|citilink:124_0|43244|1
2026-09-03|citilink:124_0|41643|1
2026-10-03|citilink:124_0|40041|1
2026-08-04|citilink:124_0|41322|1
2026-09-03|citilink:124_0|39791|1
2026-10-03|citilink:124_0|38261|1
2026-08-04|citilink:124_0|39929|1
2026-09-03|citilink:124_0|38450|1
2026-10-03|citilink:124_0|36971|1
2026-08-04|citilink:124_0|39409|1
2026-09-03|citilink:124_0|37950|1
2026-10-03|citilink:124_0|36490|1
