2026-10-03|citilink:380_0|9282|1
2026-09-18|citilink:380_0|10025|1
2026-09-03|citilink:380_0|10396|1
2026-10-03|citilink:380_0|9191|1
2026-09-18|citilink:380_0|9926|1
2026-09-03|citilink:380_0|10294|1
2026-10-03|citilink:380_0|9100|1
2026-09-18|citilink:380_0|9828|1
2026-09-01|citilink:380_0|10192|1
2026-10-03|citilink:380_0|9100|1
2026-09-18|citilink:380_0|9828|1
2026-09-01|citilink:380_0|10192|1
2026-10-03|citilink:380_0|9100|1
2026-09-18|citilink:380_0|9828|1
2026-09-01|citilink:380_0|10192|1
2026-10-03|citilink:380_0|9100|1
2026-09-18|citilink:380_0|9828|1
2026-09-01|citilink:380_0|10192|1
2026-08-04|citilink:380_0|180825|1
2026-09-03|citilink:380_0|174128|1
2026-10-03|citilink:380_0|167431|1
2026-08-04|citilink:380_0|12767|1
2026-09-03|citilink:380_0|12294|1
2026-10-03|citilink:380_0|11821|1
2026-08-04|citilink:380_0|12767|1
2026-09-03|citilink:380_0|12294|1
2026-10-03|citilink:380_0|11821|1
2026-08-04|citilink:380_0|49622|1
2026-09-03|citilink:380_0|47784|1
2026-10-03|citilink:380_0|45946|1
2026-08-04|citilink:380_0|45805|1
2026-09-03|citilink:380_0|44108|1
2026-10-03|citilink:380_0|42412|1
2026-08-04|citilink:380_0|39001|1
2026-09-03|citilink:380_0|37556|1
2026-10-03|citilink:380_0|36112|1
