2026-10-03|citilink:138_0|14130|1
2026-09-18|citilink:138_0|15260|1
2026-09-03|citilink:138_0|15826|1
2026-10-03|citilink:138_0|14444|1
2026-09-18|citilink:138_0|15600|1
2026-09-03|citilink:138_0|16177|1
2026-10-03|citilink:138_0|14758|1
2026-09-18|citilink:138_0|15939|1
2026-09-01|citilink:138_0|16529|1
2026-10-03|citilink:138_0|14758|1
2026-09-18|citilink:138_0|15939|1
2026-09-01|citilink:138_0|16529|1
2026-10-03|citilink:138_0|14758|1
2026-09-18|citilink:138_0|15939|1
2026-09-01|citilink:138_0|16529|1
2026-10-03|citilink:138_0|14758|1
2026-09-18|citilink:138_0|15939|1
2026-09-01|citilink:138_0|16529|1
2026-08-04|citilink:138_0|152011|1
2026-09-03|citilink:138_0|146381|1
2026-10-03|citilink:138_0|140751|1
2026-08-04|citilink:138_0|35760|1
2026-09-03|citilink:138_0|34435|1
2026-10-03|citilink:138_0|33111|1
2026-08-04|citilink:138_0|35760|1
2026-09-03|citilink:138_0|34435|1
2026-10-03|citilink:138_0|33111|1
2026-08-04|citilink:138_0|15888|1
2026-09-03|citilink:138_0|15299|1
2026-10-03|citilink:138_0|14711|1
2026-08-04|citilink:138_0|14161|1
2026-09-03|citilink:138_0|13636|1
2026-10-03|citilink:138_0|13112|1
2026-08-04|citilink:138_0|10176|1
2026-09-03|citilink:138_0|9799|1
2026-10-03|citilink:138_0|9422|1
2026-08-04|citilink:138_0|10789|1
2026-09-03|citilink:138_0|10390|1
2026-10-03|citilink:138_0|9990|1
