2026-10-03|citilink:394_0|59130|1
2026-09-18|citilink:394_0|63860|1
2026-09-03|citilink:394_0|66226|1
2026-10-03|citilink:394_0|61758|1
2026-09-18|citilink:394_0|66699|1
2026-09-03|citilink:394_0|69169|1
2026-10-03|citilink:394_0|64386|1
2026-09-18|citilink:394_0|69537|1
2026-09-01|citilink:394_0|72112|1
2026-10-03|citilink:394_0|64386|1
2026-09-18|citilink:394_0|69537|1
2026-09-01|citilink:394_0|72112|1
2026-10-03|citilink:394_0|64386|1
2026-09-18|citilink:394_0|69537|1
2026-09-01|citilink:394_0|72112|1
2026-10-03|citilink:394_0|64386|1
2026-09-18|citilink:394_0|69537|1
2026-09-01|citilink:394_0|72112|1
2026-08-04|citilink:394_0|100106|1
2026-09-03|citilink:394_0|96399|1
2026-10-03|citilink:394_0|92691|1
2026-08-04|citilink:394_0|16514|1
2026-09-03|citilink:394_0|15903|1
2026-10-03|citilink:394_0|15291|1
2026-08-04|citilink:394_0|16514|1
2026-09-03|citilink:394_0|15903|1
2026-10-03|citilink:394_0|15291|1
2026-08-04|citilink:394_0|11168|1
2026-09-03|citilink:394_0|10755|1
2026-10-03|citilink:394_0|10341|1
