2026-10-03|citilink:253_0|61655|1
2026-09-18|citilink:253_0|66587|1
2026-09-03|citilink:253_0|69054|1
2026-10-03|citilink:253_0|59059|1
2026-09-18|citilink:253_0|63784|1
2026-09-03|citilink:253_0|66146|1
2026-10-03|citilink:253_0|64251|1
2026-09-18|citilink:253_0|69391|1
2026-09-01|citilink:253_0|71961|1
2026-10-03|citilink:253_0|64251|1
2026-09-18|citilink:253_0|69391|1
2026-09-01|citilink:253_0|71961|1
2026-10-03|citilink:253_0|64251|1
2026-09-18|citilink:253_0|69391|1
2026-09-01|citilink:253_0|71961|1
2026-10-03|citilink:253_0|64251|1
2026-09-18|citilink:253_0|69391|1
2026-09-01|citilink:253_0|71961|1
2026-08-04|citilink:253_0|171743|1
2026-09-03|citilink:253_0|165382|1
2026-10-03|citilink:253_0|159021|1
2026-08-04|citilink:253_0|15056|1
2026-09-03|citilink:253_0|14499|1
2026-10-03|citilink:253_0|13941|1
2026-08-04|citilink:253_0|15056|1
2026-09-03|citilink:253_0|14499|1
2026-10-03|citilink:253_0|13941|1
2026-08-04|citilink:253_0|59752|1
2026-09-03|citilink:253_0|57539|1
2026-10-03|citilink:253_0|55326|1
2026-08-04|citilink:253_0|61679|1
2026-09-03|citilink:253_0|59394|1
2026-10-03|citilink:253_0|57110|1
2026-08-04|citilink:253_0|57013|1
2026-09-03|citilink:253_0|54902|1
2026-10-03|citilink:253_0|52790|1
2026-08-04|citilink:253_0|55825|1
2026-09-03|citilink:253_0|53758|1
2026-10-03|citilink:253_0|51690|1
