2026-10-03|citilink:485_0|63572|1
2026-09-18|citilink:485_0|68658|1
2026-09-03|citilink:485_0|71201|1
2026-10-03|citilink:485_0|65645|1
2026-09-18|citilink:485_0|70897|1
2026-09-03|citilink:485_0|73522|1
2026-10-03|citilink:485_0|68409|1
2026-09-18|citilink:485_0|73882|1
2026-09-01|citilink:485_0|76618|1
2026-10-03|citilink:485_0|68409|1
2026-09-18|citilink:485_0|73882|1
2026-09-01|citilink:485_0|76618|1
2026-10-03|citilink:485_0|68409|1
2026-09-18|citilink:485_0|73882|1
2026-09-01|citilink:485_0|76618|1
2026-10-03|citilink:485_0|68409|1
2026-09-18|citilink:485_0|73882|1
2026-09-01|citilink:485_0|76618|1
2026-08-04|citilink:485_0|70752|1
2026-09-03|citilink:485_0|68131|1
2026-10-03|citilink:485_0|65511|1
2026-08-04|citilink:485_0|36354|1
2026-09-03|citilink:485_0|35007|1
2026-10-03|citilink:485_0|33661|1
2026-08-04|citilink:485_0|36354|1
2026-09-03|citilink:485_0|35007|1
2026-10-03|citilink:485_0|33661|1
2026-08-04|citilink:485_0|59941|1
2026-09-03|citilink:485_0|57721|1
2026-10-03|citilink:485_0|55501|1
