2026-10-03|citilink:211_0|187342|1
2026-09-18|citilink:211_0|202329|1
2026-09-03|citilink:211_0|209823|1
2026-10-03|citilink:211_0|189335|1
2026-09-18|citilink:211_0|204482|1
2026-09-03|citilink:211_0|212055|1
2026-10-03|citilink:211_0|183356|1
2026-09-18|citilink:211_0|198024|1
2026-09-01|citilink:211_0|205359|1
2026-10-03|citilink:211_0|183356|1
2026-09-18|citilink:211_0|198024|1
2026-09-01|citilink:211_0|205359|1
2026-10-03|citilink:211_0|183356|1
2026-09-18|citilink:211_0|198024|1
2026-09-01|citilink:211_0|205359|1
2026-10-03|citilink:211_0|183356|1
2026-09-18|citilink:211_0|198024|1
2026-09-01|citilink:211_0|205359|1
2026-08-04|citilink:211_0|224976|1
2026-09-03|citilink:211_0|216643|1
2026-10-03|citilink:211_0|208311|1
2026-08-04|citilink:211_0|17065|1
2026-09-03|citilink:211_0|16433|1
2026-10-03|citilink:211_0|15801|1
