2026-10-03|citilink:268_0|118027|1
2026-09-18|citilink:268_0|127469|1
2026-09-03|citilink:268_0|132190|1
2026-10-03|citilink:268_0|121918|1
2026-09-18|citilink:268_0|131671|1
2026-09-03|citilink:268_0|136548|1
2026-10-03|citilink:268_0|134888|1
2026-09-18|citilink:268_0|145679|1
2026-09-01|citilink:268_0|151075|1
2026-10-03|citilink:268_0|134888|1
2026-09-18|citilink:268_0|145679|1
2026-09-01|citilink:268_0|151075|1
2026-10-03|citilink:268_0|134888|1
2026-09-18|citilink:268_0|145679|1
2026-09-01|citilink:268_0|151075|1
2026-10-03|citilink:268_0|134888|1
2026-09-18|citilink:268_0|145679|1
2026-09-01|citilink:268_0|151075|1
2026-08-04|citilink:268_0|146762|1
2026-09-03|citilink:268_0|141327|1
2026-10-03|citilink:268_0|135891|1
2026-08-04|citilink:268_0|171062|1
2026-09-03|citilink:268_0|164727|1
2026-10-03|citilink:268_0|158391|1
2026-08-04|citilink:268_0|171062|1
2026-09-03|citilink:268_0|164727|1
2026-10-03|citilink:268_0|158391|1
2026-08-04|citilink:268_0|49076|1
2026-09-03|citilink:268_0|47259|1
2026-10-03|citilink:268_0|45441|1
2026-08-04|citilink:268_0|45805|1
2026-09-03|citilink:268_0|44108|1
2026-10-03|citilink:268_0|42412|1
2026-08-04|citilink:268_0|39001|1
2026-09-03|citilink:268_0|37556|1
2026-10-03|citilink:268_0|36112|1
