2026-10-03|citilink:71_0|33229|1
2026-09-18|citilink:71_0|35887|1
2026-09-03|citilink:71_0|37216|1
2026-10-03|citilink:71_0|34216|1
2026-09-18|citilink:71_0|36953|1
2026-09-03|citilink:71_0|38322|1
2026-10-03|citilink:71_0|29610|1
2026-09-18|citilink:71_0|31979|1
2026-09-01|citilink:71_0|33163|1
2026-10-03|citilink:71_0|29610|1
2026-09-18|citilink:71_0|31979|1
2026-09-01|citilink:71_0|33163|1
2026-10-03|citilink:71_0|29610|1
2026-09-18|citilink:71_0|31979|1
2026-09-01|citilink:71_0|33163|1
2026-10-03|citilink:71_0|29610|1
2026-09-18|citilink:71_0|31979|1
2026-09-01|citilink:71_0|33163|1
2026-08-04|citilink:71_0|76778|1
2026-09-03|citilink:71_0|73935|1
2026-10-03|citilink:71_0|71091|1
2026-08-04|citilink:71_0|106910|1
2026-09-03|citilink:71_0|102951|1
2026-10-03|citilink:71_0|98991|1
2026-08-04|citilink:71_0|106910|1
2026-09-03|citilink:71_0|102951|1
2026-10-03|citilink:71_0|98991|1
2026-08-04|citilink:71_0|22346|1
2026-09-03|citilink:71_0|21519|1
2026-10-03|citilink:71_0|20691|1
2026-08-04|citilink:71_0|21353|1
2026-09-03|citilink:71_0|20562|1
2026-10-03|citilink:71_0|19771|1
2026-08-04|citilink:71_0|19959|1
2026-09-03|citilink:71_0|19220|1
2026-10-03|citilink:71_0|18481|1
