2026-10-03|citilink:473_0|64893|1
2026-09-18|citilink:473_0|70084|1
2026-09-03|citilink:473_0|72680|1
2026-10-03|citilink:473_0|60210|1
2026-09-18|citilink:473_0|65027|1
2026-09-03|citilink:473_0|67435|1
2026-10-03|citilink:473_0|60210|1
2026-09-18|citilink:473_0|65027|1
2026-09-01|citilink:473_0|67435|1
2026-10-03|citilink:473_0|60210|1
2026-09-18|citilink:473_0|65027|1
2026-09-01|citilink:473_0|67435|1
2026-10-03|citilink:473_0|60210|1
2026-09-18|citilink:473_0|65027|1
2026-09-01|citilink:473_0|67435|1
2026-10-03|citilink:473_0|60210|1
2026-09-18|citilink:473_0|65027|1
2026-09-01|citilink:473_0|67435|1
2026-08-04|citilink:473_0|19430|1
2026-09-03|citilink:473_0|18711|1
2026-10-03|citilink:473_0|17991|1
2026-08-04|citilink:473_0|6794|1
2026-09-03|citilink:473_0|6543|1
2026-10-03|citilink:473_0|6291|1
