2026-10-03|citilink:164_0|15210|1
2026-09-18|citilink:164_0|16427|1
2026-09-03|citilink:164_0|17035|1
2026-10-03|citilink:164_0|16900|1
2026-09-18|citilink:164_0|18252|1
2026-09-03|citilink:164_0|18928|1
2026-10-03|citilink:164_0|17069|1
2026-09-18|citilink:164_0|18435|1
2026-09-01|citilink:164_0|19117|1
2026-10-03|citilink:164_0|17069|1
2026-09-18|citilink:164_0|18435|1
2026-09-01|citilink:164_0|19117|1
2026-10-03|citilink:164_0|17069|1
2026-09-18|citilink:164_0|18435|1
2026-09-01|citilink:164_0|19117|1
2026-10-03|citilink:164_0|17069|1
2026-09-18|citilink:164_0|18435|1
2026-09-01|citilink:164_0|19117|1
2026-08-04|citilink:164_0|115496|1
2026-09-03|citilink:164_0|111219|1
2026-10-03|citilink:164_0|106941|1
2026-08-04|citilink:164_0|16061|1
2026-09-03|citilink:164_0|15466|1
2026-10-03|citilink:164_0|14871|1
