2026-10-03|citilink:420_0|30361|1
2026-09-18|citilink:420_0|32790|1
2026-09-03|citilink:420_0|34004|1
2026-10-03|citilink:420_0|31613|1
2026-09-18|citilink:420_0|34142|1
2026-09-03|citilink:420_0|35407|1
2026-10-03|citilink:420_0|29109|1
2026-09-18|citilink:420_0|31438|1
2026-09-01|citilink:420_0|32602|1
2026-10-03|citilink:420_0|29109|1
2026-09-18|citilink:420_0|31438|1
2026-09-01|citilink:420_0|32602|1
2026-10-03|citilink:420_0|29109|1
2026-09-18|citilink:420_0|31438|1
2026-09-01|citilink:420_0|32602|1
2026-10-03|citilink:420_0|29109|1
2026-09-18|citilink:420_0|31438|1
2026-09-01|citilink:420_0|32602|1
2026-08-04|citilink:420_0|43730|1
2026-09-03|citilink:420_0|42111|1
2026-10-03|citilink:420_0|40491|1
2026-08-04|citilink:420_0|106910|1
2026-09-03|citilink:420_0|102951|1
2026-10-03|citilink:420_0|98991|1
2026-08-04|citilink:420_0|106910|1
2026-09-03|citilink:420_0|102951|1
2026-10-03|citilink:420_0|98991|1
2026-08-04|citilink:420_0|46160|1
2026-09-03|citilink:420_0|44451|1
2026-10-03|citilink:420_0|42741|1
2026-08-04|citilink:420_0|49750|1
2026-09-03|citilink:420_0|47908|1
2026-10-03|citilink:420_0|46065|1
2026-08-04|citilink:420_0|45036|1
2026-09-03|citilink:420_0|43368|1
2026-10-03|citilink:420_0|41700|1
2026-08-04|citilink:420_0|44053|1
2026-09-03|citilink:420_0|42422|1
2026-10-03|citilink:420_0|40790|1
