2026-10-03|citilink:47_0|9450|1
2026-09-18|citilink:47_0|10206|1
2026-09-03|citilink:47_0|10584|1
2026-10-03|citilink:47_0|9975|1
2026-09-18|citilink:47_0|10773|1
2026-09-03|citilink:47_0|11172|1
2026-10-03|citilink:47_0|9975|1
2026-09-18|citilink:47_0|10773|1
2026-09-01|citilink:47_0|11172|1
2026-10-03|citilink:47_0|9975|1
2026-09-18|citilink:47_0|10773|1
2026-09-01|citilink:47_0|11172|1
2026-10-03|citilink:47_0|9975|1
2026-09-18|citilink:47_0|10773|1
2026-09-01|citilink:47_0|11172|1
2026-10-03|citilink:47_0|9975|1
2026-09-18|citilink:47_0|10773|1
2026-09-01|citilink:47_0|11172|1
2026-08-04|citilink:47_0|365592|1
2026-09-03|citilink:47_0|352051|1
2026-10-03|citilink:47_0|338511|1
2026-08-04|citilink:47_0|108098|1
2026-09-03|citilink:47_0|104095|1
2026-10-03|citilink:47_0|100091|1
2026-08-04|citilink:47_0|108098|1
2026-09-03|citilink:47_0|104095|1
2026-10-03|citilink:47_0|100091|1
2026-08-04|citilink:47_0|28491|1
2026-09-03|citilink:47_0|27436|1
2026-10-03|citilink:47_0|26381|1
2026-08-04|citilink:47_0|26300|1
2026-09-03|citilink:47_0|25326|1
2026-10-03|citilink:47_0|24352|1
2026-08-04|citilink:47_0|19496|1
2026-09-03|citilink:47_0|18774|1
2026-10-03|citilink:47_0|18052|1
2026-08-04|citilink:47_0|19969|1
2026-09-03|citilink:47_0|19230|1
2026-10-03|citilink:47_0|18490|1
