2026-10-03|citilink:210_0|11374|1
2026-09-18|citilink:210_0|12284|1
2026-09-03|citilink:210_0|12739|1
2026-10-03|citilink:210_0|12342|1
2026-09-18|citilink:210_0|13329|1
2026-09-03|citilink:210_0|13823|1
2026-10-03|citilink:210_0|11858|1
2026-09-18|citilink:210_0|12807|1
2026-09-01|citilink:210_0|13281|1
2026-10-03|citilink:210_0|11858|1
2026-09-18|citilink:210_0|12807|1
2026-09-01|citilink:210_0|13281|1
2026-10-03|citilink:210_0|11858|1
2026-09-18|citilink:210_0|12807|1
2026-09-01|citilink:210_0|13281|1
2026-10-03|citilink:210_0|11858|1
2026-09-18|citilink:210_0|12807|1
2026-09-01|citilink:210_0|13281|1
2026-08-04|citilink:210_0|39842|1
2026-09-03|citilink:210_0|38367|1
2026-10-03|citilink:210_0|36891|1
