2026-10-03|citilink:466_0|61465|1
2026-09-18|citilink:466_0|66382|1
2026-09-03|citilink:466_0|68841|1
2026-10-03|citilink:466_0|58230|1
2026-09-18|citilink:466_0|62888|1
2026-09-03|citilink:466_0|65218|1
2026-10-03|citilink:466_0|58877|1
2026-09-18|citilink:466_0|63587|1
2026-09-01|citilink:466_0|65942|1
2026-10-03|citilink:466_0|58877|1
2026-09-18|citilink:466_0|63587|1
2026-09-01|citilink:466_0|65942|1
2026-10-03|citilink:466_0|58877|1
2026-09-18|citilink:466_0|63587|1
2026-09-01|citilink:466_0|65942|1
2026-10-03|citilink:466_0|58877|1
2026-09-18|citilink:466_0|63587|1
2026-09-01|citilink:466_0|65942|1
2026-08-04|citilink:466_0|117980|1
2026-09-03|citilink:466_0|113611|1
2026-10-03|citilink:466_0|109241|1
2026-08-04|citilink:466_0|67953|1
2026-09-03|citilink:466_0|65436|1
2026-10-03|citilink:466_0|62919|1
2026-08-04|citilink:466_0|67953|1
2026-09-03|citilink:466_0|65436|1
2026-10-03|citilink:466_0|62919|1
2026-08-04|citilink:466_0|13677|1
2026-09-03|citilink:466_0|13171|1
2026-10-03|citilink:466_0|12664|1
2026-08-04|citilink:466_0|12833|1
2026-09-03|citilink:466_0|12357|1
2026-10-03|citilink:466_0|11882|1
2026-08-04|citilink:466_0|10176|1
2026-09-03|citilink:466_0|9799|1
2026-10-03|citilink:466_0|9422|1
2026-08-04|citilink:466_0|10789|1
2026-09-03|citilink:466_0|10390|1
2026-10-03|citilink:466_0|9990|1
