2026-10-03|citilink:6_0|19890|1
2026-09-18|citilink:6_0|21481|1
2026-09-03|citilink:6_0|22277|1
2026-10-03|citilink:6_0|20774|1
2026-09-18|citilink:6_0|22436|1
2026-09-03|citilink:6_0|23267|1
2026-10-03|citilink:6_0|20995|1
2026-09-18|citilink:6_0|22675|1
2026-09-01|citilink:6_0|23514|1
2026-10-03|citilink:6_0|20995|1
2026-09-18|citilink:6_0|22675|1
2026-09-01|citilink:6_0|23514|1
2026-10-03|citilink:6_0|20995|1
2026-09-18|citilink:6_0|22675|1
2026-09-01|citilink:6_0|23514|1
2026-10-03|citilink:6_0|20995|1
2026-09-18|citilink:6_0|22675|1
2026-09-01|citilink:6_0|23514|1
2026-08-04|citilink:6_0|35144|1
2026-09-03|citilink:6_0|33843|1
2026-10-03|citilink:6_0|32541|1
2026-08-04|citilink:6_0|22087|1
2026-09-03|citilink:6_0|21269|1
2026-10-03|citilink:6_0|20451|1
2026-08-04|citilink:6_0|22087|1
2026-09-03|citilink:6_0|21269|1
2026-10-03|citilink:6_0|20451|1
2026-08-04|citilink:6_0|58245|1
2026-09-03|citilink:6_0|56088|1
2026-10-03|citilink:6_0|53931|1
2026-08-04|citilink:6_0|53235|1
2026-09-03|citilink:6_0|51264|1
2026-10-03|citilink:6_0|49292|1
