2026-10-03|citilink:59_0|88803|1
2026-09-18|citilink:59_0|95907|1
2026-09-03|citilink:59_0|99459|1
2026-10-03|citilink:59_0|86112|1
2026-09-18|citilink:59_0|93001|1
2026-09-03|citilink:59_0|96445|1
2026-10-03|citilink:59_0|81627|1
2026-09-18|citilink:59_0|88157|1
2026-09-01|citilink:59_0|91422|1
2026-10-03|citilink:59_0|81627|1
2026-09-18|citilink:59_0|88157|1
2026-09-01|citilink:59_0|91422|1
2026-10-03|citilink:59_0|81627|1
2026-09-18|citilink:59_0|88157|1
2026-09-01|citilink:59_0|91422|1
2026-10-03|citilink:59_0|81627|1
2026-09-18|citilink:59_0|88157|1
2026-09-01|citilink:59_0|91422|1
2026-08-04|citilink:59_0|192835|1
2026-09-03|citilink:59_0|185693|1
2026-10-03|citilink:59_0|178551|1
2026-08-04|citilink:59_0|43179|1
2026-09-03|citilink:59_0|41580|1
2026-10-03|citilink:59_0|39981|1
2026-08-04|citilink:59_0|43179|1
2026-09-03|citilink:59_0|41580|1
2026-10-03|citilink:59_0|39981|1
2026-08-04|citilink:59_0|20078|1
2026-09-03|citilink:59_0|19335|1
2026-10-03|citilink:59_0|18591|1
2026-08-04|citilink:59_0|18351|1
2026-09-03|citilink:59_0|17672|1
2026-10-03|citilink:59_0|16992|1
2026-08-04|citilink:59_0|18351|1
2026-09-03|citilink:59_0|17672|1
2026-10-03|citilink:59_0|16992|1
2026-08-04|citilink:59_0|18349|1
2026-09-03|citilink:59_0|17670|1
2026-10-03|citilink:59_0|16990|1
