2026-10-03|citilink:8_0|85975|1
2026-09-18|citilink:8_0|92853|1
2026-09-03|citilink:8_0|96292|1
2026-10-03|citilink:8_0|81450|1
2026-09-18|citilink:8_0|87966|1
2026-09-03|citilink:8_0|91224|1
2026-10-03|citilink:8_0|86880|1
2026-09-18|citilink:8_0|93830|1
2026-09-01|citilink:8_0|97306|1
2026-10-03|citilink:8_0|86880|1
2026-09-18|citilink:8_0|93830|1
2026-09-01|citilink:8_0|97306|1
2026-10-03|citilink:8_0|86880|1
2026-09-18|citilink:8_0|93830|1
2026-09-01|citilink:8_0|97306|1
2026-10-03|citilink:8_0|86880|1
2026-09-18|citilink:8_0|93830|1
2026-09-01|citilink:8_0|97306|1
2026-08-04|citilink:8_0|57975|1
2026-09-03|citilink:8_0|55828|1
2026-10-03|citilink:8_0|53681|1
2026-08-04|citilink:8_0|23577|1
2026-09-03|citilink:8_0|22704|1
2026-10-03|citilink:8_0|21831|1
2026-08-04|citilink:8_0|23577|1
2026-09-03|citilink:8_0|22704|1
2026-10-03|citilink:8_0|21831|1
2026-08-04|citilink:8_0|28491|1
2026-09-03|citilink:8_0|27436|1
2026-10-03|citilink:8_0|26381|1
2026-08-04|citilink:8_0|26613|1
2026-09-03|citilink:8_0|25628|1
2026-10-03|citilink:8_0|24642|1
2026-08-04|citilink:8_0|26613|1
2026-09-03|citilink:8_0|25628|1
2026-10-03|citilink:8_0|24642|1
2026-08-04|citilink:8_0|27205|1
2026-09-03|citilink:8_0|26198|1
2026-10-03|citilink:8_0|25190|1
