2026-10-03|citilink:219_0|4888|1
2026-09-18|citilink:219_0|5279|1
2026-09-03|citilink:219_0|5475|1
2026-10-03|citilink:219_0|4784|1
2026-09-18|citilink:219_0|5167|1
2026-09-03|citilink:219_0|5358|1
2026-10-03|citilink:219_0|5096|1
2026-09-18|citilink:219_0|5504|1
2026-09-01|citilink:219_0|5708|1
2026-10-03|citilink:219_0|5096|1
2026-09-18|citilink:219_0|5504|1
2026-09-01|citilink:219_0|5708|1
2026-10-03|citilink:219_0|5096|1
2026-09-18|citilink:219_0|5504|1
2026-09-01|citilink:219_0|5708|1
2026-10-03|citilink:219_0|5096|1
2026-09-18|citilink:219_0|5504|1
2026-09-01|citilink:219_0|5708|1
2026-08-04|citilink:219_0|164712|1
2026-09-03|citilink:219_0|158611|1
2026-10-03|citilink:219_0|152511|1
2026-08-04|citilink:219_0|114492|1
2026-09-03|citilink:219_0|110251|1
2026-10-03|citilink:219_0|106011|1
2026-08-04|citilink:219_0|114492|1
2026-09-03|citilink:219_0|110251|1
2026-10-03|citilink:219_0|106011|1
2026-08-04|citilink:219_0|29118|1
2026-09-03|citilink:219_0|28039|1
2026-10-03|citilink:219_0|26961|1
